Picked up JAVA_TOOL_OPTIONS: -Dfile.encoding=UTF-8
[INFO] Scanning for projects...
[INFO] 
[INFO] ---------------------< com.inventory:api-gateway >----------------------
[INFO] Building  0.0.1-SNAPSHOT
[INFO]   from pom.xml
[INFO] --------------------------------[ jar ]---------------------------------
[INFO] 
[INFO] >>> spring-boot:3.5.16:run (default-cli) > test-compile @ api-gateway >>>
[INFO] 
[INFO] --- resources:3.3.1:resources (default-resources) @ api-gateway ---
[INFO] Copying 2 resources from src\main\resources to target\classes
[INFO] Copying 0 resource from src\main\resources to target\classes
[INFO] 
[INFO] --- compiler:3.14.1:compile (default-compile) @ api-gateway ---
[INFO] Nothing to compile - all classes are up to date.
[INFO] 
[INFO] --- resources:3.3.1:testResources (default-testResources) @ api-gateway ---
[INFO] skip non existing resourceDirectory C:\Users\CHAKRADHARBATTULA\Desktop\inventory-management-test\api-gateway\src\test\resources
[INFO] 
[INFO] --- compiler:3.14.1:testCompile (default-testCompile) @ api-gateway ---
[INFO] Nothing to compile - all classes are up to date.
[INFO] 
[INFO] <<< spring-boot:3.5.16:run (default-cli) < test-compile @ api-gateway <<<
[INFO] 
[INFO] 
[INFO] --- spring-boot:3.5.16:run (default-cli) @ api-gateway ---
[INFO] Attaching agents: []
Picked up JAVA_TOOL_OPTIONS: -Dfile.encoding=UTF-8

  .   ____          _            __ _ _
 /\\ / ___'_ __ _ _(_)_ __  __ _ \ \ \ \
( ( )\___ | '_ | '_| | '_ \/ _` | \ \ \ \
 \\/  ___)| |_)| | | | | || (_| |  ) ) ) )
  '  |____| .__|_| |_|_| |_\__, | / / / /
 =========|_|==============|___/=/_/_/_/

 :: Spring Boot ::               (v3.5.16)

2026-07-14T17:18:53.480+05:30  INFO [api-gateway,,] 30608 --- [api-gateway] [  restartedMain] [                                                 ] c.i.apigateway.ApiGatewayApplication     : Starting ApiGatewayApplication using Java 25.0.1 with PID 30608 (C:\Users\CHAKRADHARBATTULA\Desktop\inventory-management-test\api-gateway\target\classes started by CHAKRADHARBATTULA in C:\Users\CHAKRADHARBATTULA\Desktop\inventory-management-test\api-gateway)
2026-07-14T17:18:53.484+05:30  INFO [api-gateway,,] 30608 --- [api-gateway] [  restartedMain] [                                                 ] c.i.apigateway.ApiGatewayApplication     : The following 1 profile is active: "default"
2026-07-14T17:18:53.585+05:30  INFO [api-gateway,,] 30608 --- [api-gateway] [  restartedMain] [                                                 ] o.s.c.c.c.ConfigServerConfigDataLoader   : Fetching config from server at : http://localhost:8888
2026-07-14T17:18:53.585+05:30  INFO [api-gateway,,] 30608 --- [api-gateway] [  restartedMain] [                                                 ] o.s.c.c.c.ConfigServerConfigDataLoader   : Located environment: name=api-gateway, profiles=[default], label=null, version=null, state=null
2026-07-14T17:18:54.023+05:30  INFO [api-gateway,,] 30608 --- [api-gateway] [  restartedMain] [                                                 ] .e.DevToolsPropertyDefaultsPostProcessor : Devtools property defaults active! Set 'spring.devtools.add-properties' to 'false' to disable
2026-07-14T17:18:54.023+05:30  INFO [api-gateway,,] 30608 --- [api-gateway] [  restartedMain] [                                                 ] .e.DevToolsPropertyDefaultsPostProcessor : For additional web related logging consider setting the 'logging.level.web' property to 'DEBUG'
2026-07-14T17:18:56.317+05:30 DEBUG [api-gateway,,] 30608 --- [api-gateway] [  restartedMain] [                                                 ] i.g.r.s.u.AspectJOnClasspathCondition    : Aspects are not activated because AspectJ is not on the classpath.
2026-07-14T17:18:56.318+05:30 DEBUG [api-gateway,,] 30608 --- [api-gateway] [  restartedMain] [                                                 ] i.g.r.s.u.AspectJOnClasspathCondition    : Aspects are not activated because AspectJ is not on the classpath.
2026-07-14T17:18:56.320+05:30 DEBUG [api-gateway,,] 30608 --- [api-gateway] [  restartedMain] [                                                 ] i.g.r.s.u.RxJava2OnClasspathCondition    : RxJava2 related Aspect extensions are not activated, because RxJava2 is not on the classpath.
2026-07-14T17:18:56.353+05:30 DEBUG [api-gateway,,] 30608 --- [api-gateway] [  restartedMain] [                                                 ] i.g.r.s.u.AspectJOnClasspathCondition    : Aspects are not activated because AspectJ is not on the classpath.
2026-07-14T17:18:56.354+05:30 DEBUG [api-gateway,,] 30608 --- [api-gateway] [  restartedMain] [                                                 ] i.g.r.s.u.RxJava2OnClasspathCondition    : RxJava2 related Aspect extensions are not activated, because RxJava2 is not on the classpath.
2026-07-14T17:18:56.355+05:30 DEBUG [api-gateway,,] 30608 --- [api-gateway] [  restartedMain] [                                                 ] i.g.r.s.u.AspectJOnClasspathCondition    : Aspects are not activated because AspectJ is not on the classpath.
2026-07-14T17:18:56.395+05:30 DEBUG [api-gateway,,] 30608 --- [api-gateway] [  restartedMain] [                                                 ] i.g.r.s.u.AspectJOnClasspathCondition    : Aspects are not activated because AspectJ is not on the classpath.
2026-07-14T17:18:56.396+05:30 DEBUG [api-gateway,,] 30608 --- [api-gateway] [  restartedMain] [                                                 ] i.g.r.s.u.RxJava2OnClasspathCondition    : RxJava2 related Aspect extensions are not activated, because RxJava2 is not on the classpath.
2026-07-14T17:18:56.398+05:30 DEBUG [api-gateway,,] 30608 --- [api-gateway] [  restartedMain] [                                                 ] i.g.r.s.u.AspectJOnClasspathCondition    : Aspects are not activated because AspectJ is not on the classpath.
2026-07-14T17:18:56.431+05:30 DEBUG [api-gateway,,] 30608 --- [api-gateway] [  restartedMain] [                                                 ] i.g.r.s.u.AspectJOnClasspathCondition    : Aspects are not activated because AspectJ is not on the classpath.
2026-07-14T17:18:56.432+05:30 DEBUG [api-gateway,,] 30608 --- [api-gateway] [  restartedMain] [                                                 ] i.g.r.s.u.RxJava2OnClasspathCondition    : RxJava2 related Aspect extensions are not activated, because RxJava2 is not on the classpath.
2026-07-14T17:18:56.433+05:30 DEBUG [api-gateway,,] 30608 --- [api-gateway] [  restartedMain] [                                                 ] i.g.r.s.u.AspectJOnClasspathCondition    : Aspects are not activated because AspectJ is not on the classpath.
2026-07-14T17:18:56.454+05:30 DEBUG [api-gateway,,] 30608 --- [api-gateway] [  restartedMain] [                                                 ] i.g.r.s.u.AspectJOnClasspathCondition    : Aspects are not activated because AspectJ is not on the classpath.
2026-07-14T17:18:56.455+05:30 DEBUG [api-gateway,,] 30608 --- [api-gateway] [  restartedMain] [                                                 ] i.g.r.s.u.RxJava2OnClasspathCondition    : RxJava2 related Aspect extensions are not activated, because RxJava2 is not on the classpath.
2026-07-14T17:18:56.458+05:30 DEBUG [api-gateway,,] 30608 --- [api-gateway] [  restartedMain] [                                                 ] i.g.r.s.u.AspectJOnClasspathCondition    : Aspects are not activated because AspectJ is not on the classpath.
2026-07-14T17:18:56.486+05:30 DEBUG [api-gateway,,] 30608 --- [api-gateway] [  restartedMain] [                                                 ] i.g.r.s.u.AspectJOnClasspathCondition    : Aspects are not activated because AspectJ is not on the classpath.
2026-07-14T17:18:56.487+05:30 DEBUG [api-gateway,,] 30608 --- [api-gateway] [  restartedMain] [                                                 ] i.g.r.s.u.RxJava2OnClasspathCondition    : RxJava2 related Aspect extensions are not activated, because RxJava2 is not on the classpath.
2026-07-14T17:18:56.489+05:30 DEBUG [api-gateway,,] 30608 --- [api-gateway] [  restartedMain] [                                                 ] i.g.r.s.u.AspectJOnClasspathCondition    : Aspects are not activated because AspectJ is not on the classpath.
2026-07-14T17:18:56.519+05:30 DEBUG [api-gateway,,] 30608 --- [api-gateway] [  restartedMain] [                                                 ] i.g.r.s.u.AspectJOnClasspathCondition    : Aspects are not activated because AspectJ is not on the classpath.
2026-07-14T17:18:56.521+05:30 DEBUG [api-gateway,,] 30608 --- [api-gateway] [  restartedMain] [                                                 ] i.g.r.s.u.RxJava2OnClasspathCondition    : RxJava2 related Aspect extensions are not activated, because RxJava2 is not on the classpath.
2026-07-14T17:18:56.522+05:30 DEBUG [api-gateway,,] 30608 --- [api-gateway] [  restartedMain] [                                                 ] i.g.r.s.u.AspectJOnClasspathCondition    : Aspects are not activated because AspectJ is not on the classpath.
2026-07-14T17:18:57.609+05:30  INFO [api-gateway,,] 30608 --- [api-gateway] [  restartedMain] [                                                 ] o.s.cloud.context.scope.GenericScope     : BeanFactory id=3c164e36-db6f-37a7-a58c-05ec4652e20a
WARNING: A terminally deprecated method in sun.misc.Unsafe has been called
WARNING: sun.misc.Unsafe::allocateMemory has been called by io.netty.util.internal.PlatformDependent0$2 (file:/C:/Users/CHAKRADHARBATTULA/.m2/repository/io/netty/netty-common/4.1.135.Final/netty-common-4.1.135.Final.jar)
WARNING: Please consider reporting this to the maintainers of class io.netty.util.internal.PlatformDependent0$2
WARNING: sun.misc.Unsafe::allocateMemory will be removed in a future release
2026-07-14T17:18:58.442+05:30  INFO [api-gateway,,] 30608 --- [api-gateway] [  restartedMain] [                                                 ] ctiveUserDetailsServiceAutoConfiguration : 

Using generated security password: c6a45593-3283-433b-8252-ea190c9a4fa5

2026-07-14T17:18:59.495+05:30  WARN [api-gateway,,] 30608 --- [api-gateway] [  restartedMain] [                                                 ] GatewayClassPathWarningAutoConfiguration : 

**********************************************************

The artifact spring-cloud-gateway-server is deprecated. It will be removed in the next major release. Please add spring-cloud-gateway-server-webflux dependency.

**********************************************************


2026-07-14T17:19:00.115+05:30  INFO [api-gateway,,] 30608 --- [api-gateway] [  restartedMain] [                                                 ] o.s.c.g.r.RouteDefinitionRouteLocator    : Loaded RoutePredicateFactory [After]
2026-07-14T17:19:00.115+05:30  INFO [api-gateway,,] 30608 --- [api-gateway] [  restartedMain] [                                                 ] o.s.c.g.r.RouteDefinitionRouteLocator    : Loaded RoutePredicateFactory [Before]
2026-07-14T17:19:00.116+05:30  INFO [api-gateway,,] 30608 --- [api-gateway] [  restartedMain] [                                                 ] o.s.c.g.r.RouteDefinitionRouteLocator    : Loaded RoutePredicateFactory [Between]
2026-07-14T17:19:00.116+05:30  INFO [api-gateway,,] 30608 --- [api-gateway] [  restartedMain] [                                                 ] o.s.c.g.r.RouteDefinitionRouteLocator    : Loaded RoutePredicateFactory [Cookie]
2026-07-14T17:19:00.116+05:30  INFO [api-gateway,,] 30608 --- [api-gateway] [  restartedMain] [                                                 ] o.s.c.g.r.RouteDefinitionRouteLocator    : Loaded RoutePredicateFactory [Header]
2026-07-14T17:19:00.116+05:30  INFO [api-gateway,,] 30608 --- [api-gateway] [  restartedMain] [                                                 ] o.s.c.g.r.RouteDefinitionRouteLocator    : Loaded RoutePredicateFactory [Host]
2026-07-14T17:19:00.116+05:30  INFO [api-gateway,,] 30608 --- [api-gateway] [  restartedMain] [                                                 ] o.s.c.g.r.RouteDefinitionRouteLocator    : Loaded RoutePredicateFactory [Method]
2026-07-14T17:19:00.116+05:30  INFO [api-gateway,,] 30608 --- [api-gateway] [  restartedMain] [                                                 ] o.s.c.g.r.RouteDefinitionRouteLocator    : Loaded RoutePredicateFactory [Path]
2026-07-14T17:19:00.116+05:30  INFO [api-gateway,,] 30608 --- [api-gateway] [  restartedMain] [                                                 ] o.s.c.g.r.RouteDefinitionRouteLocator    : Loaded RoutePredicateFactory [Query]
2026-07-14T17:19:00.118+05:30  INFO [api-gateway,,] 30608 --- [api-gateway] [  restartedMain] [                                                 ] o.s.c.g.r.RouteDefinitionRouteLocator    : Loaded RoutePredicateFactory [ReadBody]
2026-07-14T17:19:00.118+05:30  INFO [api-gateway,,] 30608 --- [api-gateway] [  restartedMain] [                                                 ] o.s.c.g.r.RouteDefinitionRouteLocator    : Loaded RoutePredicateFactory [RemoteAddr]
2026-07-14T17:19:00.118+05:30  INFO [api-gateway,,] 30608 --- [api-gateway] [  restartedMain] [                                                 ] o.s.c.g.r.RouteDefinitionRouteLocator    : Loaded RoutePredicateFactory [XForwardedRemoteAddr]
2026-07-14T17:19:00.118+05:30  INFO [api-gateway,,] 30608 --- [api-gateway] [  restartedMain] [                                                 ] o.s.c.g.r.RouteDefinitionRouteLocator    : Loaded RoutePredicateFactory [Weight]
2026-07-14T17:19:00.118+05:30  INFO [api-gateway,,] 30608 --- [api-gateway] [  restartedMain] [                                                 ] o.s.c.g.r.RouteDefinitionRouteLocator    : Loaded RoutePredicateFactory [CloudFoundryRouteService]
2026-07-14T17:19:00.527+05:30  INFO [api-gateway,,] 30608 --- [api-gateway] [  restartedMain] [                                                 ] o.s.b.a.e.web.EndpointLinksResolver      : Exposing 4 endpoints beneath base path '/actuator'
2026-07-14T17:19:00.967+05:30  WARN [api-gateway,,] 30608 --- [api-gateway] [  restartedMain] [                                                 ] o.s.b.d.a.OptionalLiveReloadServer       : Unable to start LiveReload server
2026-07-14T17:19:01.001+05:30  INFO [api-gateway,,] 30608 --- [api-gateway] [  restartedMain] [                                                 ] DiscoveryClientOptionalArgsConfiguration : Eureka HTTP Client uses RestTemplate.
2026-07-14T17:19:01.039+05:30  WARN [api-gateway,,] 30608 --- [api-gateway] [  restartedMain] [                                                 ] s.w.s.StarterDeprecatedAutoConfiguration : 

**********************************************************

spring-cloud-starter-gateway is deprecated. It will be removed in the next major release. Please use spring-cloud-starter-gateway-server-webflux instead.

**********************************************************


2026-07-14T17:19:01.196+05:30  INFO [api-gateway,,] 30608 --- [api-gateway] [  restartedMain] [                                                 ] o.s.c.n.eureka.InstanceInfoFactory       : Setting initial instance status as: STARTING
2026-07-14T17:19:01.234+05:30  INFO [api-gateway,,] 30608 --- [api-gateway] [  restartedMain] [                                                 ] com.netflix.discovery.DiscoveryClient    : Initializing Eureka in region us-east-1
2026-07-14T17:19:01.244+05:30  INFO [api-gateway,,] 30608 --- [api-gateway] [  restartedMain] [                                                 ] c.n.d.s.r.aws.ConfigClusterResolver      : Resolving eureka endpoints via configuration
2026-07-14T17:19:01.264+05:30  INFO [api-gateway,,] 30608 --- [api-gateway] [  restartedMain] [                                                 ] com.netflix.discovery.DiscoveryClient    : Disable delta property : false
2026-07-14T17:19:01.264+05:30  INFO [api-gateway,,] 30608 --- [api-gateway] [  restartedMain] [                                                 ] com.netflix.discovery.DiscoveryClient    : Single vip registry refresh property : null
2026-07-14T17:19:01.265+05:30  INFO [api-gateway,,] 30608 --- [api-gateway] [  restartedMain] [                                                 ] com.netflix.discovery.DiscoveryClient    : Force full registry fetch : false
2026-07-14T17:19:01.265+05:30  INFO [api-gateway,,] 30608 --- [api-gateway] [  restartedMain] [                                                 ] com.netflix.discovery.DiscoveryClient    : Application is null : false
2026-07-14T17:19:01.265+05:30  INFO [api-gateway,,] 30608 --- [api-gateway] [  restartedMain] [                                                 ] com.netflix.discovery.DiscoveryClient    : Registered Applications size is zero : true
2026-07-14T17:19:01.265+05:30  INFO [api-gateway,,] 30608 --- [api-gateway] [  restartedMain] [                                                 ] com.netflix.discovery.DiscoveryClient    : Application version is -1: true
2026-07-14T17:19:01.265+05:30  INFO [api-gateway,,] 30608 --- [api-gateway] [  restartedMain] [                                                 ] com.netflix.discovery.DiscoveryClient    : Getting all instance registry info from the eureka server
2026-07-14T17:19:01.736+05:30  INFO [api-gateway,,] 30608 --- [api-gateway] [  restartedMain] [                                                 ] com.netflix.discovery.DiscoveryClient    : The response status is 200
2026-07-14T17:19:01.739+05:30  INFO [api-gateway,,] 30608 --- [api-gateway] [  restartedMain] [                                                 ] com.netflix.discovery.DiscoveryClient    : Starting heartbeat executor: renew interval is: 30
2026-07-14T17:19:01.742+05:30  INFO [api-gateway,,] 30608 --- [api-gateway] [  restartedMain] [                                                 ] c.n.discovery.InstanceInfoReplicator     : InstanceInfoReplicator onDemand update allowed rate per min is 4
2026-07-14T17:19:01.744+05:30  INFO [api-gateway,,] 30608 --- [api-gateway] [  restartedMain] [                                                 ] com.netflix.discovery.DiscoveryClient    : Discovery Client initialized at timestamp 1784029741744 with initial instances count: 0
2026-07-14T17:19:01.748+05:30  INFO [api-gateway,,] 30608 --- [api-gateway] [  restartedMain] [                                                 ] o.s.c.n.e.s.EurekaServiceRegistry        : Registering application API-GATEWAY with eureka with status UP
2026-07-14T17:19:01.749+05:30  INFO [api-gateway,,] 30608 --- [api-gateway] [  restartedMain] [                                                 ] com.netflix.discovery.DiscoveryClient    : Saw local status change event StatusChangeEvent [timestamp=1784029741749, current=UP, previous=STARTING]
2026-07-14T17:19:01.753+05:30  INFO [api-gateway,,] 30608 --- [api-gateway] [foReplicator-%d] [                                                 ] com.netflix.discovery.DiscoveryClient    : DiscoveryClient_API-GATEWAY/HDLCAMPUS15253.Virtusa.com:api-gateway:8080: registering service...
2026-07-14T17:19:01.993+05:30  INFO [api-gateway,,] 30608 --- [api-gateway] [foReplicator-%d] [                                                 ] com.netflix.discovery.DiscoveryClient    : DiscoveryClient_API-GATEWAY/HDLCAMPUS15253.Virtusa.com:api-gateway:8080 - registration status: 204
2026-07-14T17:19:02.197+05:30  INFO [api-gateway,,] 30608 --- [api-gateway] [  restartedMain] [                                                 ] o.s.b.web.embedded.netty.NettyWebServer  : Netty started on port 8080 (http)
2026-07-14T17:19:02.199+05:30  INFO [api-gateway,,] 30608 --- [api-gateway] [  restartedMain] [                                                 ] .s.c.n.e.s.EurekaAutoServiceRegistration : Updating port to 8080
2026-07-14T17:19:02.298+05:30  INFO [api-gateway,,] 30608 --- [api-gateway] [  restartedMain] [                                                 ] c.i.apigateway.ApiGatewayApplication     : Started ApiGatewayApplication in 11.098 seconds (process running for 12.754)
2026-07-14T17:19:02.306+05:30  WARN [api-gateway,,] 30608 --- [api-gateway] [  restartedMain] [                                                 ] ServerWebfluxPropertiesMigrationListener : 
The use of configuration keys that have been renamed was found in the environment:

Property source 'configserver:file:/c:/Users/CHAKRADHARBATTULA/Desktop/inventory-management-test/inventory-config-repo/api-gateway.yaml':
	Key: spring.cloud.gateway.routes[0].id
		Replacement: spring.cloud.gateway.server.webflux.routes[0].id
	Key: spring.cloud.gateway.routes[0].uri
		Replacement: spring.cloud.gateway.server.webflux.routes[0].uri
	Key: spring.cloud.gateway.routes[0].predicates[0]
		Replacement: spring.cloud.gateway.server.webflux.routes[0].predicates[0]
	Key: spring.cloud.gateway.routes[0].filters[0].name
		Replacement: spring.cloud.gateway.server.webflux.routes[0].filters[0].name
	Key: spring.cloud.gateway.routes[0].filters[0].args.name
		Replacement: spring.cloud.gateway.server.webflux.routes[0].filters[0].args.name
	Key: spring.cloud.gateway.routes[0].filters[0].args.fallbackuri
		Replacement: spring.cloud.gateway.server.webflux.routes[0].filters[0].args.fallbackuri
	Key: spring.cloud.gateway.routes[0].filters[1].name
		Replacement: spring.cloud.gateway.server.webflux.routes[0].filters[1].name
	Key: spring.cloud.gateway.routes[0].filters[1].args.retries
		Replacement: spring.cloud.gateway.server.webflux.routes[0].filters[1].args.retries
	Key: spring.cloud.gateway.routes[0].filters[1].args.backoff.firstbackoff
		Replacement: spring.cloud.gateway.server.webflux.routes[0].filters[1].args.backoff.firstbackoff
	Key: spring.cloud.gateway.routes[0].filters[1].args.backoff.maxbackoff
		Replacement: spring.cloud.gateway.server.webflux.routes[0].filters[1].args.backoff.maxbackoff
	Key: spring.cloud.gateway.routes[0].filters[1].args.backoff.factor
		Replacement: spring.cloud.gateway.server.webflux.routes[0].filters[1].args.backoff.factor
	Key: spring.cloud.gateway.routes[0].filters[2]
		Replacement: spring.cloud.gateway.server.webflux.routes[0].filters[2]
	Key: spring.cloud.gateway.routes[1].id
		Replacement: spring.cloud.gateway.server.webflux.routes[1].id
	Key: spring.cloud.gateway.routes[1].uri
		Replacement: spring.cloud.gateway.server.webflux.routes[1].uri
	Key: spring.cloud.gateway.routes[1].predicates[0]
		Replacement: spring.cloud.gateway.server.webflux.routes[1].predicates[0]
	Key: spring.cloud.gateway.routes[1].filters[0].name
		Replacement: spring.cloud.gateway.server.webflux.routes[1].filters[0].name
	Key: spring.cloud.gateway.routes[1].filters[0].args.name
		Replacement: spring.cloud.gateway.server.webflux.routes[1].filters[0].args.name
	Key: spring.cloud.gateway.routes[1].filters[0].args.fallbackuri
		Replacement: spring.cloud.gateway.server.webflux.routes[1].filters[0].args.fallbackuri
	Key: spring.cloud.gateway.routes[1].filters[1].name
		Replacement: spring.cloud.gateway.server.webflux.routes[1].filters[1].name
	Key: spring.cloud.gateway.routes[1].filters[1].args.retries
		Replacement: spring.cloud.gateway.server.webflux.routes[1].filters[1].args.retries
	Key: spring.cloud.gateway.routes[1].filters[1].args.backoff.firstbackoff
		Replacement: spring.cloud.gateway.server.webflux.routes[1].filters[1].args.backoff.firstbackoff
	Key: spring.cloud.gateway.routes[1].filters[1].args.backoff.maxbackoff
		Replacement: spring.cloud.gateway.server.webflux.routes[1].filters[1].args.backoff.maxbackoff
	Key: spring.cloud.gateway.routes[1].filters[1].args.backoff.factor
		Replacement: spring.cloud.gateway.server.webflux.routes[1].filters[1].args.backoff.factor
	Key: spring.cloud.gateway.routes[1].filters[2]
		Replacement: spring.cloud.gateway.server.webflux.routes[1].filters[2]
	Key: spring.cloud.gateway.routes[2].id
		Replacement: spring.cloud.gateway.server.webflux.routes[2].id
	Key: spring.cloud.gateway.routes[2].uri
		Replacement: spring.cloud.gateway.server.webflux.routes[2].uri
	Key: spring.cloud.gateway.routes[2].predicates[0]
		Replacement: spring.cloud.gateway.server.webflux.routes[2].predicates[0]
	Key: spring.cloud.gateway.routes[2].filters[0].name
		Replacement: spring.cloud.gateway.server.webflux.routes[2].filters[0].name
	Key: spring.cloud.gateway.routes[2].filters[0].args.name
		Replacement: spring.cloud.gateway.server.webflux.routes[2].filters[0].args.name
	Key: spring.cloud.gateway.routes[2].filters[0].args.fallbackuri
		Replacement: spring.cloud.gateway.server.webflux.routes[2].filters[0].args.fallbackuri
	Key: spring.cloud.gateway.routes[2].filters[1].name
		Replacement: spring.cloud.gateway.server.webflux.routes[2].filters[1].name
	Key: spring.cloud.gateway.routes[2].filters[1].args.retries
		Replacement: spring.cloud.gateway.server.webflux.routes[2].filters[1].args.retries
	Key: spring.cloud.gateway.routes[2].filters[1].args.backoff.firstbackoff
		Replacement: spring.cloud.gateway.server.webflux.routes[2].filters[1].args.backoff.firstbackoff
	Key: spring.cloud.gateway.routes[2].filters[1].args.backoff.maxbackoff
		Replacement: spring.cloud.gateway.server.webflux.routes[2].filters[1].args.backoff.maxbackoff
	Key: spring.cloud.gateway.routes[2].filters[1].args.backoff.factor
		Replacement: spring.cloud.gateway.server.webflux.routes[2].filters[1].args.backoff.factor
	Key: spring.cloud.gateway.routes[2].filters[2]
		Replacement: spring.cloud.gateway.server.webflux.routes[2].filters[2]
	Key: spring.cloud.gateway.routes[3].id
		Replacement: spring.cloud.gateway.server.webflux.routes[3].id
	Key: spring.cloud.gateway.routes[3].uri
		Replacement: spring.cloud.gateway.server.webflux.routes[3].uri
	Key: spring.cloud.gateway.routes[3].predicates[0]
		Replacement: spring.cloud.gateway.server.webflux.routes[3].predicates[0]
	Key: spring.cloud.gateway.routes[3].filters[0].name
		Replacement: spring.cloud.gateway.server.webflux.routes[3].filters[0].name
	Key: spring.cloud.gateway.routes[3].filters[0].args.name
		Replacement: spring.cloud.gateway.server.webflux.routes[3].filters[0].args.name
	Key: spring.cloud.gateway.routes[3].filters[0].args.fallbackuri
		Replacement: spring.cloud.gateway.server.webflux.routes[3].filters[0].args.fallbackuri
	Key: spring.cloud.gateway.routes[3].filters[1].name
		Replacement: spring.cloud.gateway.server.webflux.routes[3].filters[1].name
	Key: spring.cloud.gateway.routes[3].filters[1].args.retries
		Replacement: spring.cloud.gateway.server.webflux.routes[3].filters[1].args.retries
	Key: spring.cloud.gateway.routes[3].filters[1].args.backoff.firstbackoff
		Replacement: spring.cloud.gateway.server.webflux.routes[3].filters[1].args.backoff.firstbackoff
	Key: spring.cloud.gateway.routes[3].filters[1].args.backoff.maxbackoff
		Replacement: spring.cloud.gateway.server.webflux.routes[3].filters[1].args.backoff.maxbackoff
	Key: spring.cloud.gateway.routes[3].filters[1].args.backoff.factor
		Replacement: spring.cloud.gateway.server.webflux.routes[3].filters[1].args.backoff.factor
	Key: spring.cloud.gateway.routes[3].filters[2]
		Replacement: spring.cloud.gateway.server.webflux.routes[3].filters[2]
	Key: spring.cloud.gateway.routes[4].id
		Replacement: spring.cloud.gateway.server.webflux.routes[4].id
	Key: spring.cloud.gateway.routes[4].uri
		Replacement: spring.cloud.gateway.server.webflux.routes[4].uri
	Key: spring.cloud.gateway.routes[4].predicates[0]
		Replacement: spring.cloud.gateway.server.webflux.routes[4].predicates[0]
	Key: spring.cloud.gateway.routes[4].filters[0].name
		Replacement: spring.cloud.gateway.server.webflux.routes[4].filters[0].name
	Key: spring.cloud.gateway.routes[4].filters[0].args.name
		Replacement: spring.cloud.gateway.server.webflux.routes[4].filters[0].args.name
	Key: spring.cloud.gateway.routes[4].filters[0].args.fallbackuri
		Replacement: spring.cloud.gateway.server.webflux.routes[4].filters[0].args.fallbackuri
	Key: spring.cloud.gateway.routes[4].filters[1].name
		Replacement: spring.cloud.gateway.server.webflux.routes[4].filters[1].name
	Key: spring.cloud.gateway.routes[4].filters[1].args.retries
		Replacement: spring.cloud.gateway.server.webflux.routes[4].filters[1].args.retries
	Key: spring.cloud.gateway.routes[4].filters[1].args.backoff.firstbackoff
		Replacement: spring.cloud.gateway.server.webflux.routes[4].filters[1].args.backoff.firstbackoff
	Key: spring.cloud.gateway.routes[4].filters[1].args.backoff.maxbackoff
		Replacement: spring.cloud.gateway.server.webflux.routes[4].filters[1].args.backoff.maxbackoff
	Key: spring.cloud.gateway.routes[4].filters[1].args.backoff.factor
		Replacement: spring.cloud.gateway.server.webflux.routes[4].filters[1].args.backoff.factor
	Key: spring.cloud.gateway.routes[4].filters[2]
		Replacement: spring.cloud.gateway.server.webflux.routes[4].filters[2]
	Key: spring.cloud.gateway.routes[5].id
		Replacement: spring.cloud.gateway.server.webflux.routes[5].id
	Key: spring.cloud.gateway.routes[5].uri
		Replacement: spring.cloud.gateway.server.webflux.routes[5].uri
	Key: spring.cloud.gateway.routes[5].predicates[0]
		Replacement: spring.cloud.gateway.server.webflux.routes[5].predicates[0]
	Key: spring.cloud.gateway.routes[5].filters[0].name
		Replacement: spring.cloud.gateway.server.webflux.routes[5].filters[0].name
	Key: spring.cloud.gateway.routes[5].filters[0].args.name
		Replacement: spring.cloud.gateway.server.webflux.routes[5].filters[0].args.name
	Key: spring.cloud.gateway.routes[5].filters[0].args.fallbackuri
		Replacement: spring.cloud.gateway.server.webflux.routes[5].filters[0].args.fallbackuri
	Key: spring.cloud.gateway.routes[5].filters[1].name
		Replacement: spring.cloud.gateway.server.webflux.routes[5].filters[1].name
	Key: spring.cloud.gateway.routes[5].filters[1].args.retries
		Replacement: spring.cloud.gateway.server.webflux.routes[5].filters[1].args.retries
	Key: spring.cloud.gateway.routes[5].filters[1].args.backoff.firstbackoff
		Replacement: spring.cloud.gateway.server.webflux.routes[5].filters[1].args.backoff.firstbackoff
	Key: spring.cloud.gateway.routes[5].filters[1].args.backoff.maxbackoff
		Replacement: spring.cloud.gateway.server.webflux.routes[5].filters[1].args.backoff.maxbackoff
	Key: spring.cloud.gateway.routes[5].filters[1].args.backoff.factor
		Replacement: spring.cloud.gateway.server.webflux.routes[5].filters[1].args.backoff.factor
	Key: spring.cloud.gateway.routes[5].filters[2]
		Replacement: spring.cloud.gateway.server.webflux.routes[5].filters[2]
	Key: spring.cloud.gateway.routes[6].id
		Replacement: spring.cloud.gateway.server.webflux.routes[6].id
	Key: spring.cloud.gateway.routes[6].uri
		Replacement: spring.cloud.gateway.server.webflux.routes[6].uri
	Key: spring.cloud.gateway.routes[6].predicates[0]
		Replacement: spring.cloud.gateway.server.webflux.routes[6].predicates[0]
	Key: spring.cloud.gateway.routes[6].filters[0].name
		Replacement: spring.cloud.gateway.server.webflux.routes[6].filters[0].name
	Key: spring.cloud.gateway.routes[6].filters[0].args.name
		Replacement: spring.cloud.gateway.server.webflux.routes[6].filters[0].args.name
	Key: spring.cloud.gateway.routes[6].filters[0].args.fallbackuri
		Replacement: spring.cloud.gateway.server.webflux.routes[6].filters[0].args.fallbackuri
	Key: spring.cloud.gateway.routes[6].filters[1].name
		Replacement: spring.cloud.gateway.server.webflux.routes[6].filters[1].name
	Key: spring.cloud.gateway.routes[6].filters[1].args.retries
		Replacement: spring.cloud.gateway.server.webflux.routes[6].filters[1].args.retries
	Key: spring.cloud.gateway.routes[6].filters[1].args.backoff.firstbackoff
		Replacement: spring.cloud.gateway.server.webflux.routes[6].filters[1].args.backoff.firstbackoff
	Key: spring.cloud.gateway.routes[6].filters[1].args.backoff.maxbackoff
		Replacement: spring.cloud.gateway.server.webflux.routes[6].filters[1].args.backoff.maxbackoff
	Key: spring.cloud.gateway.routes[6].filters[1].args.backoff.factor
		Replacement: spring.cloud.gateway.server.webflux.routes[6].filters[1].args.backoff.factor
	Key: spring.cloud.gateway.routes[6].filters[2]
		Replacement: spring.cloud.gateway.server.webflux.routes[6].filters[2]
	Key: spring.cloud.gateway.routes[7].id
		Replacement: spring.cloud.gateway.server.webflux.routes[7].id
	Key: spring.cloud.gateway.routes[7].uri
		Replacement: spring.cloud.gateway.server.webflux.routes[7].uri
	Key: spring.cloud.gateway.routes[7].predicates[0]
		Replacement: spring.cloud.gateway.server.webflux.routes[7].predicates[0]
	Key: spring.cloud.gateway.routes[7].filters[0].name
		Replacement: spring.cloud.gateway.server.webflux.routes[7].filters[0].name
	Key: spring.cloud.gateway.routes[7].filters[0].args.name
		Replacement: spring.cloud.gateway.server.webflux.routes[7].filters[0].args.name
	Key: spring.cloud.gateway.routes[7].filters[0].args.fallbackuri
		Replacement: spring.cloud.gateway.server.webflux.routes[7].filters[0].args.fallbackuri
	Key: spring.cloud.gateway.routes[7].filters[1].name
		Replacement: spring.cloud.gateway.server.webflux.routes[7].filters[1].name
	Key: spring.cloud.gateway.routes[7].filters[1].args.retries
		Replacement: spring.cloud.gateway.server.webflux.routes[7].filters[1].args.retries
	Key: spring.cloud.gateway.routes[7].filters[1].args.backoff.firstbackoff
		Replacement: spring.cloud.gateway.server.webflux.routes[7].filters[1].args.backoff.firstbackoff
	Key: spring.cloud.gateway.routes[7].filters[1].args.backoff.maxbackoff
		Replacement: spring.cloud.gateway.server.webflux.routes[7].filters[1].args.backoff.maxbackoff
	Key: spring.cloud.gateway.routes[7].filters[1].args.backoff.factor
		Replacement: spring.cloud.gateway.server.webflux.routes[7].filters[1].args.backoff.factor
	Key: spring.cloud.gateway.routes[7].filters[2]
		Replacement: spring.cloud.gateway.server.webflux.routes[7].filters[2]


Each configuration key has been temporarily mapped to its replacement for your convenience. To silence this warning, please update your configuration to use the new keys.

2026-07-14T17:19:15.799+05:30  WARN [api-gateway,,] 30608 --- [api-gateway] [/api/v2/spans}}] [                                                 ] z.r.i.AsyncReporter$BoundedAsyncReporter : Spans were dropped due to exceptions. All subsequent errors will be logged at FINE level.
2026-07-14T17:19:15.800+05:30  WARN [api-gateway,,] 30608 --- [api-gateway] [/api/v2/spans}}] [                                                 ] z.r.i.AsyncReporter$BoundedAsyncReporter : Dropped 5 spans due to ConnectException()

java.net.ConnectException
	at java.net.http/jdk.internal.net.http.HttpClientImpl.send(HttpClientImpl.java:923) ~[java.net.http:na]
	at java.net.http/jdk.internal.net.http.HttpClientFacade.send(HttpClientFacade.java:133) ~[java.net.http:na]
	at org.springframework.boot.actuate.autoconfigure.tracing.zipkin.ZipkinHttpClientSender.postSpans(ZipkinHttpClientSender.java:60) ~[spring-boot-actuator-autoconfigure-3.5.16.jar:3.5.16]
	at org.springframework.boot.actuate.autoconfigure.tracing.zipkin.HttpSender.postSpans(HttpSender.java:69) ~[spring-boot-actuator-autoconfigure-3.5.16.jar:3.5.16]
	at org.springframework.boot.actuate.autoconfigure.tracing.zipkin.HttpSender.postSpans(HttpSender.java:41) ~[spring-boot-actuator-autoconfigure-3.5.16.jar:3.5.16]
	at zipkin2.reporter.BaseHttpSender.send(BaseHttpSender.java:123) ~[zipkin-reporter-3.5.3.jar:na]
	at zipkin2.reporter.internal.AsyncReporter$BoundedAsyncReporter.flush(AsyncReporter.java:266) ~[zipkin-reporter-3.5.3.jar:na]
	at zipkin2.reporter.internal.AsyncReporter$Flusher.run(AsyncReporter.java:352) ~[zipkin-reporter-3.5.3.jar:na]
	at java.base/java.lang.Thread.run(Thread.java:1474) ~[na:na]
Caused by: java.net.ConnectException
	at java.net.http/jdk.internal.net.http.common.Utils.toConnectException(Utils.java:1070) ~[java.net.http:na]
	at java.net.http/jdk.internal.net.http.PlainHttpConnection.connectAsync(PlainHttpConnection.java:223) ~[java.net.http:na]
	at java.net.http/jdk.internal.net.http.PlainHttpConnection.checkRetryConnect(PlainHttpConnection.java:277) ~[java.net.http:na]
	at java.net.http/jdk.internal.net.http.PlainHttpConnection.lambda$connectAsync$0(PlainHttpConnection.java:235) ~[java.net.http:na]
	at java.base/java.util.concurrent.CompletableFuture.uniHandle(CompletableFuture.java:955) ~[na:na]
	at java.base/java.util.concurrent.CompletableFuture$UniHandle.tryFire(CompletableFuture.java:932) ~[na:na]
	at java.base/java.util.concurrent.CompletableFuture.postComplete(CompletableFuture.java:531) ~[na:na]
	at java.base/java.util.concurrent.CompletableFuture$AsyncSupply.run(CompletableFuture.java:1794) ~[na:na]
	at java.base/java.util.concurrent.ThreadPoolExecutor.runWorker(ThreadPoolExecutor.java:1090) ~[na:na]
	at java.base/java.util.concurrent.ThreadPoolExecutor$Worker.run(ThreadPoolExecutor.java:614) ~[na:na]
	... 1 common frames omitted
Caused by: java.nio.channels.ClosedChannelException
	at java.base/sun.nio.ch.SocketChannelImpl.ensureOpen(SocketChannelImpl.java:204) ~[na:na]
	at java.base/sun.nio.ch.SocketChannelImpl.connect(SocketChannelImpl.java:942) ~[na:na]
	at java.net.http/jdk.internal.net.http.PlainHttpConnection.connectAsync(PlainHttpConnection.java:211) ~[java.net.http:na]
	... 9 common frames omitted

2026-07-14T17:19:31.839+05:30  INFO [api-gateway,,] 30608 --- [api-gateway] [reshExecutor-%d] [                                                 ] com.netflix.discovery.DiscoveryClient    : Disable delta property : false
2026-07-14T17:19:31.840+05:30  INFO [api-gateway,,] 30608 --- [api-gateway] [reshExecutor-%d] [                                                 ] com.netflix.discovery.DiscoveryClient    : Single vip registry refresh property : null
2026-07-14T17:19:31.840+05:30  INFO [api-gateway,,] 30608 --- [api-gateway] [reshExecutor-%d] [                                                 ] com.netflix.discovery.DiscoveryClient    : Force full registry fetch : false
2026-07-14T17:19:31.840+05:30  INFO [api-gateway,,] 30608 --- [api-gateway] [reshExecutor-%d] [                                                 ] com.netflix.discovery.DiscoveryClient    : Application is null : false
2026-07-14T17:19:31.840+05:30  INFO [api-gateway,,] 30608 --- [api-gateway] [reshExecutor-%d] [                                                 ] com.netflix.discovery.DiscoveryClient    : Registered Applications size is zero : true
2026-07-14T17:19:31.840+05:30  INFO [api-gateway,,] 30608 --- [api-gateway] [reshExecutor-%d] [                                                 ] com.netflix.discovery.DiscoveryClient    : Application version is -1: false
2026-07-14T17:19:31.841+05:30  INFO [api-gateway,,] 30608 --- [api-gateway] [reshExecutor-%d] [                                                 ] com.netflix.discovery.DiscoveryClient    : Getting all instance registry info from the eureka server
2026-07-14T17:19:32.055+05:30  INFO [api-gateway,,] 30608 --- [api-gateway] [reshExecutor-%d] [                                                 ] com.netflix.discovery.DiscoveryClient    : The response status is 200
2026-07-15T11:20:36.695+05:30 DEBUG [api-gateway,,] 30608 --- [api-gateway] [ctor-http-nio-5] [                                                 ] i.g.r.c.i.CircuitBreakerStateMachine     : CircuitBreaker 'warehouseServiceCircuitBreaker' recorded an exception as failure:

io.netty.channel.AbstractChannel$AnnotatedConnectException: Connection refused: getsockopt: localhost/127.0.0.1:8083
Caused by: java.net.ConnectException: Connection refused: getsockopt
	at java.base/sun.nio.ch.Net.pollConnect(Native Method) ~[na:na]
	at java.base/sun.nio.ch.Net.pollConnectNow(Net.java:639) ~[na:na]
	at java.base/sun.nio.ch.SocketChannelImpl.finishConnect(SocketChannelImpl.java:1046) ~[na:na]
	at io.netty.channel.socket.nio.NioSocketChannel.doFinishConnect(NioSocketChannel.java:336) ~[netty-transport-4.1.135.Final.jar:4.1.135.Final]
	at io.netty.channel.nio.AbstractNioChannel$AbstractNioUnsafe.finishConnect(AbstractNioChannel.java:339) ~[netty-transport-4.1.135.Final.jar:4.1.135.Final]
	at io.netty.channel.nio.NioEventLoop.processSelectedKey(NioEventLoop.java:784) ~[netty-transport-4.1.135.Final.jar:4.1.135.Final]
	at io.netty.channel.nio.NioEventLoop.processSelectedKeysOptimized(NioEventLoop.java:732) ~[netty-transport-4.1.135.Final.jar:4.1.135.Final]
	at io.netty.channel.nio.NioEventLoop.processSelectedKeys(NioEventLoop.java:658) ~[netty-transport-4.1.135.Final.jar:4.1.135.Final]
	at io.netty.channel.nio.NioEventLoop.run(NioEventLoop.java:562) ~[netty-transport-4.1.135.Final.jar:4.1.135.Final]
	at io.netty.util.concurrent.SingleThreadEventExecutor$4.run(SingleThreadEventExecutor.java:998) ~[netty-common-4.1.135.Final.jar:4.1.135.Final]
	at io.netty.util.internal.ThreadExecutorMap$2.run(ThreadExecutorMap.java:74) ~[netty-common-4.1.135.Final.jar:4.1.135.Final]
	at io.netty.util.concurrent.FastThreadLocalRunnable.run(FastThreadLocalRunnable.java:30) ~[netty-common-4.1.135.Final.jar:4.1.135.Final]
	at java.base/java.lang.Thread.run(Thread.java:1474) ~[na:na]

2026-07-15T11:20:36.695+05:30 DEBUG [api-gateway,,] 30608 --- [api-gateway] [ctor-http-nio-6] [                                                 ] i.g.r.c.i.CircuitBreakerStateMachine     : CircuitBreaker 'productServiceCircuitBreaker' recorded an exception as failure:

io.netty.channel.AbstractChannel$AnnotatedConnectException: Connection refused: getsockopt: localhost/127.0.0.1:8082
Caused by: java.net.ConnectException: Connection refused: getsockopt
	at java.base/sun.nio.ch.Net.pollConnect(Native Method) ~[na:na]
	at java.base/sun.nio.ch.Net.pollConnectNow(Net.java:639) ~[na:na]
	at java.base/sun.nio.ch.SocketChannelImpl.finishConnect(SocketChannelImpl.java:1046) ~[na:na]
	at io.netty.channel.socket.nio.NioSocketChannel.doFinishConnect(NioSocketChannel.java:336) ~[netty-transport-4.1.135.Final.jar:4.1.135.Final]
	at io.netty.channel.nio.AbstractNioChannel$AbstractNioUnsafe.finishConnect(AbstractNioChannel.java:339) ~[netty-transport-4.1.135.Final.jar:4.1.135.Final]
	at io.netty.channel.nio.NioEventLoop.processSelectedKey(NioEventLoop.java:784) ~[netty-transport-4.1.135.Final.jar:4.1.135.Final]
	at io.netty.channel.nio.NioEventLoop.processSelectedKeysOptimized(NioEventLoop.java:732) ~[netty-transport-4.1.135.Final.jar:4.1.135.Final]
	at io.netty.channel.nio.NioEventLoop.processSelectedKeys(NioEventLoop.java:658) ~[netty-transport-4.1.135.Final.jar:4.1.135.Final]
	at io.netty.channel.nio.NioEventLoop.run(NioEventLoop.java:562) ~[netty-transport-4.1.135.Final.jar:4.1.135.Final]
	at io.netty.util.concurrent.SingleThreadEventExecutor$4.run(SingleThreadEventExecutor.java:998) ~[netty-common-4.1.135.Final.jar:4.1.135.Final]
	at io.netty.util.internal.ThreadExecutorMap$2.run(ThreadExecutorMap.java:74) ~[netty-common-4.1.135.Final.jar:4.1.135.Final]
	at io.netty.util.concurrent.FastThreadLocalRunnable.run(FastThreadLocalRunnable.java:30) ~[netty-common-4.1.135.Final.jar:4.1.135.Final]
	at java.base/java.lang.Thread.run(Thread.java:1474) ~[na:na]

2026-07-15T11:20:36.706+05:30 DEBUG [api-gateway,,] 30608 --- [api-gateway] [ctor-http-nio-8] [                                                 ] i.g.r.c.i.CircuitBreakerStateMachine     : CircuitBreaker 'inventoryServiceCircuitBreaker' succeeded:
2026-07-15T11:20:36.707+05:30 DEBUG [api-gateway,,] 30608 --- [api-gateway] [ctor-http-nio-8] [                                                 ] i.g.r.c.i.CircuitBreakerStateMachine     : Event SUCCESS published: 2026-07-15T11:20:36.706536400+05:30[Asia/Calcutta]: CircuitBreaker 'inventoryServiceCircuitBreaker' recorded a successful call. Elapsed time: 2263 ms
2026-07-15T11:20:36.705+05:30 DEBUG [api-gateway,,] 30608 --- [api-gateway] [ctor-http-nio-6] [                                                 ] i.g.r.c.i.CircuitBreakerStateMachine     : Event ERROR published: 2026-07-15T11:20:36.704534600+05:30[Asia/Calcutta]: CircuitBreaker 'productServiceCircuitBreaker' recorded an error: 'io.netty.channel.AbstractChannel$AnnotatedConnectException: Connection refused: getsockopt: localhost/127.0.0.1:8082'. Elapsed time: 2252 ms
2026-07-15T11:20:36.705+05:30 DEBUG [api-gateway,,] 30608 --- [api-gateway] [ctor-http-nio-5] [                                                 ] i.g.r.c.i.CircuitBreakerStateMachine     : Event ERROR published: 2026-07-15T11:20:36.704534600+05:30[Asia/Calcutta]: CircuitBreaker 'warehouseServiceCircuitBreaker' recorded an error: 'io.netty.channel.AbstractChannel$AnnotatedConnectException: Connection refused: getsockopt: localhost/127.0.0.1:8083'. Elapsed time: 2252 ms
2026-07-15T11:20:36.725+05:30  WARN [api-gateway,,] 30608 --- [api-gateway] [ctor-http-nio-5] [                                                 ] c.i.a.c.GatewayFallbackController        : Circuit breaker triggered for warehouse-service
2026-07-15T11:20:36.725+05:30  WARN [api-gateway,,] 30608 --- [api-gateway] [ctor-http-nio-6] [                                                 ] c.i.a.c.GatewayFallbackController        : Circuit breaker triggered for product-service
2026-07-15T11:20:36.842+05:30 DEBUG [api-gateway,,] 30608 --- [api-gateway] [ctor-http-nio-7] [                                                 ] i.g.r.c.i.CircuitBreakerStateMachine     : CircuitBreaker 'movementServiceCircuitBreaker' succeeded:
2026-07-15T11:20:36.842+05:30 DEBUG [api-gateway,,] 30608 --- [api-gateway] [ctor-http-nio-7] [                                                 ] i.g.r.c.i.CircuitBreakerStateMachine     : Event SUCCESS published: 2026-07-15T11:20:36.842268+05:30[Asia/Calcutta]: CircuitBreaker 'movementServiceCircuitBreaker' recorded a successful call. Elapsed time: 2399 ms
2026-07-15T11:20:37.188+05:30 DEBUG [api-gateway,,] 30608 --- [api-gateway] [ctor-http-nio-8] [                                                 ] i.g.r.c.i.CircuitBreakerStateMachine     : CircuitBreaker 'inventoryServiceCircuitBreaker' succeeded:
2026-07-15T11:20:37.189+05:30 DEBUG [api-gateway,,] 30608 --- [api-gateway] [ctor-http-nio-8] [                                                 ] i.g.r.c.i.CircuitBreakerStateMachine     : Event SUCCESS published: 2026-07-15T11:20:37.189606100+05:30[Asia/Calcutta]: CircuitBreaker 'inventoryServiceCircuitBreaker' recorded a successful call. Elapsed time: 69 ms
2026-07-15T11:20:37.271+05:30 DEBUG [api-gateway,,] 30608 --- [api-gateway] [ctor-http-nio-7] [                                                 ] i.g.r.c.i.CircuitBreakerStateMachine     : CircuitBreaker 'movementServiceCircuitBreaker' succeeded:
2026-07-15T11:20:37.272+05:30 DEBUG [api-gateway,,] 30608 --- [api-gateway] [ctor-http-nio-7] [                                                 ] i.g.r.c.i.CircuitBreakerStateMachine     : Event SUCCESS published: 2026-07-15T11:20:37.272238600+05:30[Asia/Calcutta]: CircuitBreaker 'movementServiceCircuitBreaker' recorded a successful call. Elapsed time: 78 ms
2026-07-15T11:20:37.337+05:30 DEBUG [api-gateway,,] 30608 --- [api-gateway] [ctor-http-nio-8] [                                                 ] i.g.r.c.i.CircuitBreakerStateMachine     : CircuitBreaker 'inventoryServiceCircuitBreaker' succeeded:
2026-07-15T11:20:37.338+05:30 DEBUG [api-gateway,,] 30608 --- [api-gateway] [ctor-http-nio-8] [                                                 ] i.g.r.c.i.CircuitBreakerStateMachine     : Event SUCCESS published: 2026-07-15T11:20:37.338410500+05:30[Asia/Calcutta]: CircuitBreaker 'inventoryServiceCircuitBreaker' recorded a successful call. Elapsed time: 47 ms
2026-07-15T11:20:37.840+05:30 DEBUG [api-gateway,,] 30608 --- [api-gateway] [ctor-http-nio-8] [                                                 ] i.g.r.c.i.CircuitBreakerStateMachine     : CircuitBreaker 'productServiceCircuitBreaker' recorded an exception as failure:

io.netty.channel.AbstractChannel$AnnotatedConnectException: Connection refused: getsockopt: localhost/127.0.0.1:8082
Caused by: java.net.ConnectException: Connection refused: getsockopt
	at java.base/sun.nio.ch.Net.pollConnect(Native Method) ~[na:na]
	at java.base/sun.nio.ch.Net.pollConnectNow(Net.java:639) ~[na:na]
	at java.base/sun.nio.ch.SocketChannelImpl.finishConnect(SocketChannelImpl.java:1046) ~[na:na]
	at io.netty.channel.socket.nio.NioSocketChannel.doFinishConnect(NioSocketChannel.java:336) ~[netty-transport-4.1.135.Final.jar:4.1.135.Final]
	at io.netty.channel.nio.AbstractNioChannel$AbstractNioUnsafe.finishConnect(AbstractNioChannel.java:339) ~[netty-transport-4.1.135.Final.jar:4.1.135.Final]
	at io.netty.channel.nio.NioEventLoop.processSelectedKey(NioEventLoop.java:784) ~[netty-transport-4.1.135.Final.jar:4.1.135.Final]
	at io.netty.channel.nio.NioEventLoop.processSelectedKeysOptimized(NioEventLoop.java:732) ~[netty-transport-4.1.135.Final.jar:4.1.135.Final]
	at io.netty.channel.nio.NioEventLoop.processSelectedKeys(NioEventLoop.java:658) ~[netty-transport-4.1.135.Final.jar:4.1.135.Final]
	at io.netty.channel.nio.NioEventLoop.run(NioEventLoop.java:562) ~[netty-transport-4.1.135.Final.jar:4.1.135.Final]
	at io.netty.util.concurrent.SingleThreadEventExecutor$4.run(SingleThreadEventExecutor.java:998) ~[netty-common-4.1.135.Final.jar:4.1.135.Final]
	at io.netty.util.internal.ThreadExecutorMap$2.run(ThreadExecutorMap.java:74) ~[netty-common-4.1.135.Final.jar:4.1.135.Final]
	at io.netty.util.concurrent.FastThreadLocalRunnable.run(FastThreadLocalRunnable.java:30) ~[netty-common-4.1.135.Final.jar:4.1.135.Final]
	at java.base/java.lang.Thread.run(Thread.java:1474) ~[na:na]

2026-07-15T11:20:37.842+05:30 DEBUG [api-gateway,,] 30608 --- [api-gateway] [ctor-http-nio-8] [                                                 ] i.g.r.c.i.CircuitBreakerStateMachine     : Event ERROR published: 2026-07-15T11:20:37.842045500+05:30[Asia/Calcutta]: CircuitBreaker 'productServiceCircuitBreaker' recorded an error: 'io.netty.channel.AbstractChannel$AnnotatedConnectException: Connection refused: getsockopt: localhost/127.0.0.1:8082'. Elapsed time: 750 ms
2026-07-15T11:20:37.844+05:30  WARN [api-gateway,,] 30608 --- [api-gateway] [ctor-http-nio-8] [                                                 ] c.i.a.c.GatewayFallbackController        : Circuit breaker triggered for product-service
2026-07-15T11:20:37.873+05:30 DEBUG [api-gateway,,] 30608 --- [api-gateway] [ctor-http-nio-1] [                                                 ] i.g.r.c.i.CircuitBreakerStateMachine     : CircuitBreaker 'warehouseServiceCircuitBreaker' recorded an exception as failure:

io.netty.channel.AbstractChannel$AnnotatedConnectException: Connection refused: getsockopt: localhost/127.0.0.1:8083
Caused by: java.net.ConnectException: Connection refused: getsockopt
	at java.base/sun.nio.ch.Net.pollConnect(Native Method) ~[na:na]
	at java.base/sun.nio.ch.Net.pollConnectNow(Net.java:639) ~[na:na]
	at java.base/sun.nio.ch.SocketChannelImpl.finishConnect(SocketChannelImpl.java:1046) ~[na:na]
	at io.netty.channel.socket.nio.NioSocketChannel.doFinishConnect(NioSocketChannel.java:336) ~[netty-transport-4.1.135.Final.jar:4.1.135.Final]
	at io.netty.channel.nio.AbstractNioChannel$AbstractNioUnsafe.finishConnect(AbstractNioChannel.java:339) ~[netty-transport-4.1.135.Final.jar:4.1.135.Final]
	at io.netty.channel.nio.NioEventLoop.processSelectedKey(NioEventLoop.java:784) ~[netty-transport-4.1.135.Final.jar:4.1.135.Final]
	at io.netty.channel.nio.NioEventLoop.processSelectedKeysOptimized(NioEventLoop.java:732) ~[netty-transport-4.1.135.Final.jar:4.1.135.Final]
	at io.netty.channel.nio.NioEventLoop.processSelectedKeys(NioEventLoop.java:658) ~[netty-transport-4.1.135.Final.jar:4.1.135.Final]
	at io.netty.channel.nio.NioEventLoop.run(NioEventLoop.java:562) ~[netty-transport-4.1.135.Final.jar:4.1.135.Final]
	at io.netty.util.concurrent.SingleThreadEventExecutor$4.run(SingleThreadEventExecutor.java:998) ~[netty-common-4.1.135.Final.jar:4.1.135.Final]
	at io.netty.util.internal.ThreadExecutorMap$2.run(ThreadExecutorMap.java:74) ~[netty-common-4.1.135.Final.jar:4.1.135.Final]
	at io.netty.util.concurrent.FastThreadLocalRunnable.run(FastThreadLocalRunnable.java:30) ~[netty-common-4.1.135.Final.jar:4.1.135.Final]
	at java.base/java.lang.Thread.run(Thread.java:1474) ~[na:na]

2026-07-15T11:20:37.876+05:30 DEBUG [api-gateway,,] 30608 --- [api-gateway] [ctor-http-nio-1] [                                                 ] i.g.r.c.i.CircuitBreakerStateMachine     : Event ERROR published: 2026-07-15T11:20:37.875090700+05:30[Asia/Calcutta]: CircuitBreaker 'warehouseServiceCircuitBreaker' recorded an error: 'io.netty.channel.AbstractChannel$AnnotatedConnectException: Connection refused: getsockopt: localhost/127.0.0.1:8083'. Elapsed time: 776 ms
2026-07-15T11:20:37.877+05:30  WARN [api-gateway,,] 30608 --- [api-gateway] [ctor-http-nio-1] [                                                 ] c.i.a.c.GatewayFallbackController        : Circuit breaker triggered for warehouse-service
2026-07-15T11:20:38.935+05:30 DEBUG [api-gateway,,] 30608 --- [api-gateway] [ctor-http-nio-8] [                                                 ] i.g.r.c.i.CircuitBreakerStateMachine     : CircuitBreaker 'inventoryServiceCircuitBreaker' succeeded:
2026-07-15T11:20:38.935+05:30 DEBUG [api-gateway,,] 30608 --- [api-gateway] [ctor-http-nio-8] [                                                 ] i.g.r.c.i.CircuitBreakerStateMachine     : Event SUCCESS published: 2026-07-15T11:20:38.935383500+05:30[Asia/Calcutta]: CircuitBreaker 'inventoryServiceCircuitBreaker' recorded a successful call. Elapsed time: 41 ms
