Picked up JAVA_TOOL_OPTIONS: -Dfile.encoding=UTF-8
[INFO] Scanning for projects...
[INFO] 
[INFO] ---------------------< com.inventory:auth-service >---------------------
[INFO] Building  0.0.1-SNAPSHOT
[INFO]   from pom.xml
[INFO] --------------------------------[ jar ]---------------------------------
[INFO] 
[INFO] >>> spring-boot:3.5.16:run (default-cli) > test-compile @ auth-service >>>
[INFO] 
[INFO] --- resources:3.3.1:resources (default-resources) @ auth-service ---
[INFO] Copying 2 resources from src\main\resources to target\classes
[INFO] Copying 0 resource from src\main\resources to target\classes
[INFO] 
[INFO] --- compiler:3.14.1:compile (default-compile) @ auth-service ---
[INFO] Nothing to compile - all classes are up to date.
[INFO] 
[INFO] --- resources:3.3.1:testResources (default-testResources) @ auth-service ---
[INFO] skip non existing resourceDirectory C:\Users\CHAKRADHARBATTULA\Desktop\inventory-management-test\auth-service\src\test\resources
[INFO] 
[INFO] --- compiler:3.14.1:testCompile (default-testCompile) @ auth-service ---
[INFO] Recompiling the module because of changed source code.
[INFO] Compiling 1 source file with javac [debug parameters release 17] to target\test-classes
[INFO] 
[INFO] <<< spring-boot:3.5.16:run (default-cli) < test-compile @ auth-service <<<
[INFO] 
[INFO] 
[INFO] --- spring-boot:3.5.16:run (default-cli) @ auth-service ---
[INFO] Attaching agents: []
Picked up JAVA_TOOL_OPTIONS: -Dfile.encoding=UTF-8

  .   ____          _            __ _ _
 /\\ / ___'_ __ _ _(_)_ __  __ _ \ \ \ \
( ( )\___ | '_ | '_| | '_ \/ _` | \ \ \ \
 \\/  ___)| |_)| | | | | || (_| |  ) ) ) )
  '  |____| .__|_| |_|_| |_\__, | / / / /
 =========|_|==============|___/=/_/_/_/

 :: Spring Boot ::               (v3.5.16)

2026-07-14T17:18:56.538+05:30  INFO [auth-service,,] 30588 --- [auth-service] [  restartedMain] [                                                 ] c.i.authservice.AuthServiceApplication   : Starting AuthServiceApplication using Java 25.0.1 with PID 30588 (C:\Users\CHAKRADHARBATTULA\Desktop\inventory-management-test\auth-service\target\classes started by CHAKRADHARBATTULA in C:\Users\CHAKRADHARBATTULA\Desktop\inventory-management-test\auth-service)
2026-07-14T17:18:56.546+05:30  INFO [auth-service,,] 30588 --- [auth-service] [  restartedMain] [                                                 ] c.i.authservice.AuthServiceApplication   : The following 1 profile is active: "default"
2026-07-14T17:18:56.655+05:30  INFO [auth-service,,] 30588 --- [auth-service] [  restartedMain] [                                                 ] o.s.c.c.c.ConfigServerConfigDataLoader   : Fetching config from server at : http://localhost:8888
2026-07-14T17:18:56.656+05:30  INFO [auth-service,,] 30588 --- [auth-service] [  restartedMain] [                                                 ] o.s.c.c.c.ConfigServerConfigDataLoader   : Located environment: name=auth-service, profiles=[default], label=null, version=null, state=null
2026-07-14T17:18:56.663+05:30  INFO [auth-service,,] 30588 --- [auth-service] [  restartedMain] [                                                 ] .e.DevToolsPropertyDefaultsPostProcessor : Devtools property defaults active! Set 'spring.devtools.add-properties' to 'false' to disable
2026-07-14T17:18:56.663+05:30  INFO [auth-service,,] 30588 --- [auth-service] [  restartedMain] [                                                 ] .e.DevToolsPropertyDefaultsPostProcessor : For additional web related logging consider setting the 'logging.level.web' property to 'DEBUG'
2026-07-14T17:18:59.510+05:30  INFO [auth-service,,] 30588 --- [auth-service] [  restartedMain] [                                                 ] .s.d.r.c.RepositoryConfigurationDelegate : Bootstrapping Spring Data JPA repositories in DEFAULT mode.
2026-07-14T17:18:59.912+05:30  INFO [auth-service,,] 30588 --- [auth-service] [  restartedMain] [                                                 ] .s.d.r.c.RepositoryConfigurationDelegate : Finished Spring Data repository scanning in 381 ms. Found 4 JPA repository interfaces.
2026-07-14T17:19:00.536+05:30  INFO [auth-service,,] 30588 --- [auth-service] [  restartedMain] [                                                 ] o.s.cloud.context.scope.GenericScope     : BeanFactory id=590f2e84-889c-3e23-b8e5-a53954273b0d
2026-07-14T17:19:01.821+05:30  INFO [auth-service,,] 30588 --- [auth-service] [  restartedMain] [                                                 ] o.s.b.w.embedded.tomcat.TomcatWebServer  : Tomcat initialized with port 8089 (http)
2026-07-14T17:19:01.865+05:30  INFO [auth-service,,] 30588 --- [auth-service] [  restartedMain] [                                                 ] o.apache.catalina.core.StandardService   : Starting service [Tomcat]
2026-07-14T17:19:01.865+05:30  INFO [auth-service,,] 30588 --- [auth-service] [  restartedMain] [                                                 ] o.apache.catalina.core.StandardEngine    : Starting Servlet engine: [Apache Tomcat/10.1.55]
2026-07-14T17:19:02.058+05:30  INFO [auth-service,,] 30588 --- [auth-service] [  restartedMain] [                                                 ] o.a.c.c.C.[Tomcat].[localhost].[/]       : Initializing Spring embedded WebApplicationContext
2026-07-14T17:19:02.059+05:30  INFO [auth-service,,] 30588 --- [auth-service] [  restartedMain] [                                                 ] w.s.c.ServletWebServerApplicationContext : Root WebApplicationContext: initialization completed in 5394 ms
2026-07-14T17:19:03.133+05:30  INFO [auth-service,,] 30588 --- [auth-service] [  restartedMain] [                                                 ] o.hibernate.jpa.internal.util.LogHelper  : HHH000204: Processing PersistenceUnitInfo [name: default]
2026-07-14T17:19:03.254+05:30  INFO [auth-service,,] 30588 --- [auth-service] [  restartedMain] [                                                 ] org.hibernate.Version                    : HHH000412: Hibernate ORM core version 6.6.53.Final
2026-07-14T17:19:03.328+05:30  INFO [auth-service,,] 30588 --- [auth-service] [  restartedMain] [                                                 ] o.h.c.internal.RegionFactoryInitiator    : HHH000026: Second-level cache disabled
2026-07-14T17:19:03.890+05:30  INFO [auth-service,,] 30588 --- [auth-service] [  restartedMain] [                                                 ] o.s.o.j.p.SpringPersistenceUnitInfo      : No LoadTimeWeaver setup: ignoring JPA class transformer
2026-07-14T17:19:03.963+05:30  INFO [auth-service,,] 30588 --- [auth-service] [  restartedMain] [                                                 ] com.zaxxer.hikari.HikariDataSource       : HikariPool-1 - Starting...
2026-07-14T17:19:04.834+05:30  INFO [auth-service,,] 30588 --- [auth-service] [  restartedMain] [                                                 ] com.zaxxer.hikari.pool.HikariPool        : HikariPool-1 - Added connection com.mysql.cj.jdbc.ConnectionImpl@775ad237
2026-07-14T17:19:04.837+05:30  INFO [auth-service,,] 30588 --- [auth-service] [  restartedMain] [                                                 ] com.zaxxer.hikari.HikariDataSource       : HikariPool-1 - Start completed.
2026-07-14T17:19:05.054+05:30  INFO [auth-service,,] 30588 --- [auth-service] [  restartedMain] [                                                 ] org.hibernate.orm.connections.pooling    : HHH10001005: Database info:
	Database JDBC URL [Connecting through datasource 'HikariDataSource (HikariPool-1)']
	Database driver: undefined/unknown
	Database version: 8.0.43
	Autocommit mode: undefined/unknown
	Isolation level: undefined/unknown
	Minimum pool size: undefined/unknown
	Maximum pool size: undefined/unknown
2026-07-14T17:19:07.130+05:30  INFO [auth-service,,] 30588 --- [auth-service] [  restartedMain] [                                                 ] o.h.e.t.j.p.i.JtaPlatformInitiator       : HHH000489: No JTA platform available (set 'hibernate.transaction.jta.platform' to enable JTA platform integration)
2026-07-14T17:19:07.390+05:30  INFO [auth-service,,] 30588 --- [auth-service] [  restartedMain] [                                                 ] j.LocalContainerEntityManagerFactoryBean : Initialized JPA EntityManagerFactory for persistence unit 'default'
2026-07-14T17:19:08.317+05:30  INFO [auth-service,,] 30588 --- [auth-service] [  restartedMain] [                                                 ] eAuthenticationProviderManagerConfigurer : Global AuthenticationManager configured with AuthenticationProvider bean with name authenticationProvider
2026-07-14T17:19:08.318+05:30  WARN [auth-service,,] 30588 --- [auth-service] [  restartedMain] [                                                 ] r$InitializeUserDetailsManagerConfigurer : Global AuthenticationManager configured with an AuthenticationProvider bean. UserDetailsService beans will not be used by Spring Security for automatically configuring username/password login. Consider removing the AuthenticationProvider bean. Alternatively, consider using the UserDetailsService in a manually instantiated DaoAuthenticationProvider. If the current configuration is intentional, to turn off this warning, increase the logging level of 'org.springframework.security.config.annotation.authentication.configuration.InitializeUserDetailsBeanManagerConfigurer' to ERROR
2026-07-14T17:19:08.373+05:30  INFO [auth-service,,] 30588 --- [auth-service] [  restartedMain] [                                                 ] o.s.d.j.r.query.QueryEnhancerFactory     : Hibernate is in classpath; If applicable, HQL parser will be used.
2026-07-14T17:19:09.509+05:30  WARN [auth-service,,] 30588 --- [auth-service] [  restartedMain] [                                                 ] JpaBaseConfiguration$JpaWebConfiguration : spring.jpa.open-in-view is enabled by default. Therefore, database queries may be performed during view rendering. Explicitly configure spring.jpa.open-in-view to disable this warning
2026-07-14T17:19:10.609+05:30  INFO [auth-service,,] 30588 --- [auth-service] [  restartedMain] [                                                 ] o.s.b.a.e.web.EndpointLinksResolver      : Exposing 17 endpoints beneath base path '/actuator'
2026-07-14T17:19:11.712+05:30  WARN [auth-service,,] 30588 --- [auth-service] [  restartedMain] [                                                 ] o.s.b.d.a.OptionalLiveReloadServer       : Unable to start LiveReload server
2026-07-14T17:19:11.759+05:30  INFO [auth-service,,] 30588 --- [auth-service] [  restartedMain] [                                                 ] DiscoveryClientOptionalArgsConfiguration : Eureka HTTP Client uses RestTemplate.
2026-07-14T17:19:11.826+05:30  WARN [auth-service,,] 30588 --- [auth-service] [  restartedMain] [                                                 ] iguration$LoadBalancerCaffeineWarnLogger : Spring Cloud LoadBalancer is currently working with the default cache. While this cache implementation is useful for development and tests, it's recommended to use Caffeine cache in production.You can switch to using Caffeine cache, by adding it and org.springframework.cache.caffeine.CaffeineCacheManager to the classpath.
2026-07-14T17:19:11.943+05:30  INFO [auth-service,,] 30588 --- [auth-service] [  restartedMain] [                                                 ] o.s.c.n.eureka.InstanceInfoFactory       : Setting initial instance status as: STARTING
2026-07-14T17:19:11.986+05:30  INFO [auth-service,,] 30588 --- [auth-service] [  restartedMain] [                                                 ] com.netflix.discovery.DiscoveryClient    : Initializing Eureka in region us-east-1
2026-07-14T17:19:11.992+05:30  INFO [auth-service,,] 30588 --- [auth-service] [  restartedMain] [                                                 ] c.n.d.s.r.aws.ConfigClusterResolver      : Resolving eureka endpoints via configuration
2026-07-14T17:19:12.009+05:30  INFO [auth-service,,] 30588 --- [auth-service] [  restartedMain] [                                                 ] com.netflix.discovery.DiscoveryClient    : Disable delta property : false
2026-07-14T17:19:12.010+05:30  INFO [auth-service,,] 30588 --- [auth-service] [  restartedMain] [                                                 ] com.netflix.discovery.DiscoveryClient    : Single vip registry refresh property : null
2026-07-14T17:19:12.010+05:30  INFO [auth-service,,] 30588 --- [auth-service] [  restartedMain] [                                                 ] com.netflix.discovery.DiscoveryClient    : Force full registry fetch : false
2026-07-14T17:19:12.010+05:30  INFO [auth-service,,] 30588 --- [auth-service] [  restartedMain] [                                                 ] com.netflix.discovery.DiscoveryClient    : Application is null : false
2026-07-14T17:19:12.010+05:30  INFO [auth-service,,] 30588 --- [auth-service] [  restartedMain] [                                                 ] com.netflix.discovery.DiscoveryClient    : Registered Applications size is zero : true
2026-07-14T17:19:12.011+05:30  INFO [auth-service,,] 30588 --- [auth-service] [  restartedMain] [                                                 ] com.netflix.discovery.DiscoveryClient    : Application version is -1: true
2026-07-14T17:19:12.011+05:30  INFO [auth-service,,] 30588 --- [auth-service] [  restartedMain] [                                                 ] com.netflix.discovery.DiscoveryClient    : Getting all instance registry info from the eureka server
2026-07-14T17:19:12.406+05:30  INFO [auth-service,,] 30588 --- [auth-service] [  restartedMain] [                                                 ] com.netflix.discovery.DiscoveryClient    : The response status is 200
2026-07-14T17:19:12.410+05:30  INFO [auth-service,,] 30588 --- [auth-service] [  restartedMain] [                                                 ] com.netflix.discovery.DiscoveryClient    : Starting heartbeat executor: renew interval is: 30
2026-07-14T17:19:12.414+05:30  INFO [auth-service,,] 30588 --- [auth-service] [  restartedMain] [                                                 ] c.n.discovery.InstanceInfoReplicator     : InstanceInfoReplicator onDemand update allowed rate per min is 4
2026-07-14T17:19:12.416+05:30  INFO [auth-service,,] 30588 --- [auth-service] [  restartedMain] [                                                 ] com.netflix.discovery.DiscoveryClient    : Discovery Client initialized at timestamp 1784029752416 with initial instances count: 0
2026-07-14T17:19:12.426+05:30  INFO [auth-service,,] 30588 --- [auth-service] [  restartedMain] [                                                 ] o.s.c.n.e.s.EurekaServiceRegistry        : Registering application AUTH-SERVICE with eureka with status UP
2026-07-14T17:19:12.428+05:30  INFO [auth-service,,] 30588 --- [auth-service] [  restartedMain] [                                                 ] com.netflix.discovery.DiscoveryClient    : Saw local status change event StatusChangeEvent [timestamp=1784029752428, current=UP, previous=STARTING]
2026-07-14T17:19:12.431+05:30  INFO [auth-service,,] 30588 --- [auth-service] [foReplicator-%d] [                                                 ] com.netflix.discovery.DiscoveryClient    : DiscoveryClient_AUTH-SERVICE/HDLCAMPUS15253.Virtusa.com:auth-service:8089: registering service...
2026-07-14T17:19:12.454+05:30  INFO [auth-service,,] 30588 --- [auth-service] [  restartedMain] [                                                 ] o.s.b.w.embedded.tomcat.TomcatWebServer  : Tomcat started on port 8089 (http) with context path '/'
2026-07-14T17:19:12.455+05:30  INFO [auth-service,,] 30588 --- [auth-service] [  restartedMain] [                                                 ] .s.c.n.e.s.EurekaAutoServiceRegistration : Updating port to 8089
2026-07-14T17:19:12.492+05:30  INFO [auth-service,,] 30588 --- [auth-service] [  restartedMain] [                                                 ] c.i.authservice.AuthServiceApplication   : Started AuthServiceApplication in 18.419 seconds (process running for 20.394)
2026-07-14T17:19:12.502+05:30  INFO [auth-service,,] 30588 --- [auth-service] [foReplicator-%d] [                                                 ] com.netflix.discovery.DiscoveryClient    : DiscoveryClient_AUTH-SERVICE/HDLCAMPUS15253.Virtusa.com:auth-service:8089 - registration status: 204
Hibernate: 
    select
        r1_0.id 
    from
        roles r1_0 
    where
        r1_0.role_name=? 
    limit
        ?
Hibernate: 
    select
        r1_0.id 
    from
        roles r1_0 
    where
        r1_0.role_name=? 
    limit
        ?
Hibernate: 
    select
        r1_0.id 
    from
        roles r1_0 
    where
        r1_0.role_name=? 
    limit
        ?
Hibernate: 
    select
        r1_0.id 
    from
        roles r1_0 
    where
        r1_0.role_name=? 
    limit
        ?
Hibernate: 
    select
        r1_0.id 
    from
        roles r1_0 
    where
        r1_0.role_name=? 
    limit
        ?
Hibernate: 
    select
        r1_0.id 
    from
        roles r1_0 
    where
        r1_0.role_name=? 
    limit
        ?
Hibernate: 
    select
        r1_0.id 
    from
        roles r1_0 
    where
        r1_0.role_name=? 
    limit
        ?
Hibernate: 
    select
        r1_0.id 
    from
        roles r1_0 
    where
        r1_0.role_name=? 
    limit
        ?
Hibernate: 
    select
        u1_0.id 
    from
        users u1_0 
    where
        u1_0.username=? 
    limit
        ?
Hibernate: 
    select
        u1_0.id 
    from
        users u1_0 
    where
        u1_0.username=? 
    limit
        ?
2026-07-14T17:19:13.501+05:30  WARN [auth-service,,] 30588 --- [auth-service] [/api/v2/spans}}] [                                                 ] z.r.i.AsyncReporter$BoundedAsyncReporter : Spans were dropped due to exceptions. All subsequent errors will be logged at FINE level.
2026-07-14T17:19:13.501+05:30  WARN [auth-service,,] 30588 --- [auth-service] [/api/v2/spans}}] [                                                 ] z.r.i.AsyncReporter$BoundedAsyncReporter : Dropped 2 spans due to ConnectException()

java.net.ConnectException
	at java.net.http/jdk.internal.net.http.HttpClientImpl.send(HttpClientImpl.java:923) ~[java.net.http:na]
	at java.net.http/jdk.internal.net.http.HttpClientFacade.send(HttpClientFacade.java:133) ~[java.net.http:na]
	at org.springframework.boot.actuate.autoconfigure.tracing.zipkin.ZipkinHttpClientSender.postSpans(ZipkinHttpClientSender.java:60) ~[spring-boot-actuator-autoconfigure-3.5.16.jar:3.5.16]
	at org.springframework.boot.actuate.autoconfigure.tracing.zipkin.HttpSender.postSpans(HttpSender.java:69) ~[spring-boot-actuator-autoconfigure-3.5.16.jar:3.5.16]
	at org.springframework.boot.actuate.autoconfigure.tracing.zipkin.HttpSender.postSpans(HttpSender.java:41) ~[spring-boot-actuator-autoconfigure-3.5.16.jar:3.5.16]
	at zipkin2.reporter.BaseHttpSender.send(BaseHttpSender.java:123) ~[zipkin-reporter-3.5.3.jar:na]
	at zipkin2.reporter.internal.AsyncReporter$BoundedAsyncReporter.flush(AsyncReporter.java:266) ~[zipkin-reporter-3.5.3.jar:na]
	at zipkin2.reporter.internal.AsyncReporter$Flusher.run(AsyncReporter.java:352) ~[zipkin-reporter-3.5.3.jar:na]
	at java.base/java.lang.Thread.run(Thread.java:1474) ~[na:na]
Caused by: java.net.ConnectException
	at java.net.http/jdk.internal.net.http.common.Utils.toConnectException(Utils.java:1070) ~[java.net.http:na]
	at java.net.http/jdk.internal.net.http.PlainHttpConnection.connectAsync(PlainHttpConnection.java:223) ~[java.net.http:na]
	at java.net.http/jdk.internal.net.http.PlainHttpConnection.checkRetryConnect(PlainHttpConnection.java:277) ~[java.net.http:na]
	at java.net.http/jdk.internal.net.http.PlainHttpConnection.lambda$connectAsync$0(PlainHttpConnection.java:235) ~[java.net.http:na]
	at java.base/java.util.concurrent.CompletableFuture.uniHandle(CompletableFuture.java:955) ~[na:na]
	at java.base/java.util.concurrent.CompletableFuture$UniHandle.tryFire(CompletableFuture.java:932) ~[na:na]
	at java.base/java.util.concurrent.CompletableFuture.postComplete(CompletableFuture.java:531) ~[na:na]
	at java.base/java.util.concurrent.CompletableFuture$AsyncSupply.run(CompletableFuture.java:1794) ~[na:na]
	at java.base/java.util.concurrent.ThreadPoolExecutor.runWorker(ThreadPoolExecutor.java:1090) ~[na:na]
	at java.base/java.util.concurrent.ThreadPoolExecutor$Worker.run(ThreadPoolExecutor.java:614) ~[na:na]
	... 1 common frames omitted
Caused by: java.nio.channels.ClosedChannelException
	at java.base/sun.nio.ch.SocketChannelImpl.ensureOpen(SocketChannelImpl.java:204) ~[na:na]
	at java.base/sun.nio.ch.SocketChannelImpl.connect(SocketChannelImpl.java:942) ~[na:na]
	at java.net.http/jdk.internal.net.http.PlainHttpConnection.connectAsync(PlainHttpConnection.java:211) ~[java.net.http:na]
	... 9 common frames omitted

2026-07-14T17:19:14.330+05:30  INFO [auth-service,,] 30588 --- [auth-service] [nio-8089-exec-2] [                                                 ] o.a.c.c.C.[Tomcat].[localhost].[/]       : Initializing Spring DispatcherServlet 'dispatcherServlet'
2026-07-14T17:19:14.331+05:30  INFO [auth-service,,] 30588 --- [auth-service] [nio-8089-exec-2] [                                                 ] o.s.web.servlet.DispatcherServlet        : Initializing Servlet 'dispatcherServlet'
2026-07-14T17:19:14.333+05:30  INFO [auth-service,,] 30588 --- [auth-service] [nio-8089-exec-2] [                                                 ] o.s.web.servlet.DispatcherServlet        : Completed initialization in 2 ms
2026-07-14T17:19:42.453+05:30  INFO [auth-service,,] 30588 --- [auth-service] [reshExecutor-%d] [                                                 ] com.netflix.discovery.DiscoveryClient    : Disable delta property : false
2026-07-14T17:19:42.454+05:30  INFO [auth-service,,] 30588 --- [auth-service] [reshExecutor-%d] [                                                 ] com.netflix.discovery.DiscoveryClient    : Single vip registry refresh property : null
2026-07-14T17:19:42.454+05:30  INFO [auth-service,,] 30588 --- [auth-service] [reshExecutor-%d] [                                                 ] com.netflix.discovery.DiscoveryClient    : Force full registry fetch : false
2026-07-14T17:19:42.457+05:30  INFO [auth-service,,] 30588 --- [auth-service] [reshExecutor-%d] [                                                 ] com.netflix.discovery.DiscoveryClient    : Application is null : false
2026-07-14T17:19:42.458+05:30  INFO [auth-service,,] 30588 --- [auth-service] [reshExecutor-%d] [                                                 ] com.netflix.discovery.DiscoveryClient    : Registered Applications size is zero : true
2026-07-14T17:19:42.458+05:30  INFO [auth-service,,] 30588 --- [auth-service] [reshExecutor-%d] [                                                 ] com.netflix.discovery.DiscoveryClient    : Application version is -1: false
2026-07-14T17:19:42.458+05:30  INFO [auth-service,,] 30588 --- [auth-service] [reshExecutor-%d] [                                                 ] com.netflix.discovery.DiscoveryClient    : Getting all instance registry info from the eureka server
2026-07-14T17:19:42.596+05:30  INFO [auth-service,,] 30588 --- [auth-service] [reshExecutor-%d] [                                                 ] com.netflix.discovery.DiscoveryClient    : The response status is 200
2026-07-14T18:04:47.743+05:30  WARN [auth-service,,] 30588 --- [auth-service] [l-1:housekeeper] [                                                 ] com.zaxxer.hikari.pool.HikariPool        : HikariPool-1 - Thread starvation or clock leap detected (housekeeper delta=45m12s785ms176µs200ns).
2026-07-14T21:04:22.403+05:30  WARN [auth-service,,] 30588 --- [auth-service] [l-1:housekeeper] [                                                 ] com.zaxxer.hikari.pool.HikariPool        : HikariPool-1 - Thread starvation or clock leap detected (housekeeper delta=2h59m34s661ms696µs600ns).
2026-07-15T11:19:56.313+05:30  WARN [auth-service,,] 30588 --- [auth-service] [l-1:housekeeper] [                                                 ] com.zaxxer.hikari.pool.HikariPool        : HikariPool-1 - Thread starvation or clock leap detected (housekeeper delta=14h15m37s25ms278µs500ns).
