Picked up JAVA_TOOL_OPTIONS: -Dfile.encoding=UTF-8
[INFO] Scanning for projects...
[INFO] 
[INFO] --------------------< com.inventory:config-server >---------------------
[INFO] Building config-server 0.0.1-SNAPSHOT
[INFO]   from pom.xml
[INFO] --------------------------------[ jar ]---------------------------------
[INFO] 
[INFO] >>> spring-boot:3.5.16:run (default-cli) > test-compile @ config-server >>>
[INFO] 
[INFO] --- resources:3.3.1:resources (default-resources) @ config-server ---
[INFO] Copying 2 resources from src\main\resources to target\classes
[INFO] Copying 0 resource from src\main\resources to target\classes
[INFO] 
[INFO] --- compiler:3.14.1:compile (default-compile) @ config-server ---
[INFO] Nothing to compile - all classes are up to date.
[INFO] 
[INFO] --- resources:3.3.1:testResources (default-testResources) @ config-server ---
[INFO] skip non existing resourceDirectory C:\Users\CHAKRADHARBATTULA\Desktop\inventory-management-test\config-server\src\test\resources
[INFO] 
[INFO] --- compiler:3.14.1:testCompile (default-testCompile) @ config-server ---
[INFO] Nothing to compile - all classes are up to date.
[INFO] 
[INFO] <<< spring-boot:3.5.16:run (default-cli) < test-compile @ config-server <<<
[INFO] 
[INFO] 
[INFO] --- spring-boot:3.5.16:run (default-cli) @ config-server ---
[INFO] Attaching agents: []
Picked up JAVA_TOOL_OPTIONS: -Dfile.encoding=UTF-8

  .   ____          _            __ _ _
 /\\ / ___'_ __ _ _(_)_ __  __ _ \ \ \ \
( ( )\___ | '_ | '_| | '_ \/ _` | \ \ \ \
 \\/  ___)| |_)| | | | | || (_| |  ) ) ) )
  '  |____| .__|_| |_|_| |_\__, | / / / /
 =========|_|==============|___/=/_/_/_/

 :: Spring Boot ::               (v3.5.16)

2026-07-14T17:18:23.492+05:30  INFO 14668 --- [config-server] [           main] c.i.c.ConfigServerApplication            : Starting ConfigServerApplication using Java 25.0.1 with PID 14668 (C:\Users\CHAKRADHARBATTULA\Desktop\inventory-management-test\config-server\target\classes started by CHAKRADHARBATTULA in C:\Users\CHAKRADHARBATTULA\Desktop\inventory-management-test\config-server)
2026-07-14T17:18:23.496+05:30  INFO 14668 --- [config-server] [           main] c.i.c.ConfigServerApplication            : The following 1 profile is active: "native"
2026-07-14T17:18:26.537+05:30  INFO 14668 --- [config-server] [           main] o.s.cloud.context.scope.GenericScope     : BeanFactory id=a3c0b72d-3f61-3f48-9a74-c1ba331d82f9
2026-07-14T17:18:27.315+05:30  INFO 14668 --- [config-server] [           main] o.s.b.w.embedded.tomcat.TomcatWebServer  : Tomcat initialized with port 8888 (http)
2026-07-14T17:18:27.351+05:30  INFO 14668 --- [config-server] [           main] o.apache.catalina.core.StandardService   : Starting service [Tomcat]
2026-07-14T17:18:27.352+05:30  INFO 14668 --- [config-server] [           main] o.apache.catalina.core.StandardEngine    : Starting Servlet engine: [Apache Tomcat/10.1.55]
2026-07-14T17:18:27.535+05:30  INFO 14668 --- [config-server] [           main] o.a.c.c.C.[Tomcat].[localhost].[/]       : Initializing Spring embedded WebApplicationContext
2026-07-14T17:18:27.536+05:30  INFO 14668 --- [config-server] [           main] w.s.c.ServletWebServerApplicationContext : Root WebApplicationContext: initialization completed in 3911 ms
2026-07-14T17:18:29.652+05:30  INFO 14668 --- [config-server] [           main] o.s.b.a.e.web.EndpointLinksResolver      : Exposing 1 endpoint beneath base path '/actuator'
2026-07-14T17:18:30.451+05:30  INFO 14668 --- [config-server] [           main] o.s.b.w.embedded.tomcat.TomcatWebServer  : Tomcat started on port 8888 (http) with context path '/'
2026-07-14T17:18:30.485+05:30  INFO 14668 --- [config-server] [           main] c.i.c.ConfigServerApplication            : Started ConfigServerApplication in 8.701 seconds (process running for 10.555)
2026-07-14T17:18:34.178+05:30  INFO 14668 --- [config-server] [nio-8888-exec-2] o.a.c.c.C.[Tomcat].[localhost].[/]       : Initializing Spring DispatcherServlet 'dispatcherServlet'
2026-07-14T17:18:34.179+05:30  INFO 14668 --- [config-server] [nio-8888-exec-2] o.s.web.servlet.DispatcherServlet        : Initializing Servlet 'dispatcherServlet'
2026-07-14T17:18:34.181+05:30  INFO 14668 --- [config-server] [nio-8888-exec-2] o.s.web.servlet.DispatcherServlet        : Completed initialization in 2 ms
2026-07-14T17:18:34.313+05:30  INFO 14668 --- [config-server] [nio-8888-exec-2] o.s.c.c.s.e.NativeEnvironmentRepository  : Adding property source: Config resource 'file [c:\Users\CHAKRADHARBATTULA\Desktop\inventory-management-test\inventory-config-repo\application.yaml]' via location 'file:///c:/Users/CHAKRADHARBATTULA/Desktop/inventory-management-test/inventory-config-repo/'
2026-07-14T17:18:52.781+05:30  INFO 14668 --- [config-server] [nio-8888-exec-3] o.s.c.c.s.e.NativeEnvironmentRepository  : Adding property source: Config resource 'file [c:\Users\CHAKRADHARBATTULA\Desktop\inventory-management-test\inventory-config-repo\api-gateway.yaml]' via location 'file:///c:/Users/CHAKRADHARBATTULA/Desktop/inventory-management-test/inventory-config-repo/'
2026-07-14T17:18:52.781+05:30  INFO 14668 --- [config-server] [nio-8888-exec-3] o.s.c.c.s.e.NativeEnvironmentRepository  : Adding property source: Config resource 'file [c:\Users\CHAKRADHARBATTULA\Desktop\inventory-management-test\inventory-config-repo\application.yaml]' via location 'file:///c:/Users/CHAKRADHARBATTULA/Desktop/inventory-management-test/inventory-config-repo/'
2026-07-14T17:18:55.885+05:30  INFO 14668 --- [config-server] [nio-8888-exec-4] o.s.c.c.s.e.NativeEnvironmentRepository  : Adding property source: Config resource 'file [c:\Users\CHAKRADHARBATTULA\Desktop\inventory-management-test\inventory-config-repo\auth-service.yaml]' via location 'file:///c:/Users/CHAKRADHARBATTULA/Desktop/inventory-management-test/inventory-config-repo/'
2026-07-14T17:18:55.885+05:30  INFO 14668 --- [config-server] [nio-8888-exec-4] o.s.c.c.s.e.NativeEnvironmentRepository  : Adding property source: Config resource 'file [c:\Users\CHAKRADHARBATTULA\Desktop\inventory-management-test\inventory-config-repo\application.yaml]' via location 'file:///c:/Users/CHAKRADHARBATTULA/Desktop/inventory-management-test/inventory-config-repo/'
2026-07-14T21:04:06.402+05:30  INFO 14668 --- [config-server] [nio-8888-exec-8] o.s.c.c.s.e.NativeEnvironmentRepository  : Adding property source: Config resource 'file [c:\Users\CHAKRADHARBATTULA\Desktop\inventory-management-test\inventory-config-repo\inventory-service.yaml]' via location 'file:///c:/Users/CHAKRADHARBATTULA/Desktop/inventory-management-test/inventory-config-repo/'
2026-07-14T21:04:06.407+05:30  INFO 14668 --- [config-server] [nio-8888-exec-8] o.s.c.c.s.e.NativeEnvironmentRepository  : Adding property source: Config resource 'file [c:\Users\CHAKRADHARBATTULA\Desktop\inventory-management-test\inventory-config-repo\application.yaml]' via location 'file:///c:/Users/CHAKRADHARBATTULA/Desktop/inventory-management-test/inventory-config-repo/'
2026-07-14T21:04:06.447+05:30  INFO 14668 --- [config-server] [nio-8888-exec-9] o.s.c.c.s.e.NativeEnvironmentRepository  : Adding property source: Config resource 'file [c:\Users\CHAKRADHARBATTULA\Desktop\inventory-management-test\inventory-config-repo\movement-service.yaml]' via location 'file:///c:/Users/CHAKRADHARBATTULA/Desktop/inventory-management-test/inventory-config-repo/'
2026-07-14T21:04:06.448+05:30  INFO 14668 --- [config-server] [nio-8888-exec-9] o.s.c.c.s.e.NativeEnvironmentRepository  : Adding property source: Config resource 'file [c:\Users\CHAKRADHARBATTULA\Desktop\inventory-management-test\inventory-config-repo\application.yaml]' via location 'file:///c:/Users/CHAKRADHARBATTULA/Desktop/inventory-management-test/inventory-config-repo/'
2026-07-14T21:04:08.642+05:30  INFO 14668 --- [config-server] [io-8888-exec-10] o.s.c.c.s.e.NativeEnvironmentRepository  : Adding property source: Config resource 'file [c:\Users\CHAKRADHARBATTULA\Desktop\inventory-management-test\inventory-config-repo\replenishment-service.yaml]' via location 'file:///c:/Users/CHAKRADHARBATTULA/Desktop/inventory-management-test/inventory-config-repo/'
2026-07-14T21:04:08.644+05:30  INFO 14668 --- [config-server] [io-8888-exec-10] o.s.c.c.s.e.NativeEnvironmentRepository  : Adding property source: Config resource 'file [c:\Users\CHAKRADHARBATTULA\Desktop\inventory-management-test\inventory-config-repo\application.yaml]' via location 'file:///c:/Users/CHAKRADHARBATTULA/Desktop/inventory-management-test/inventory-config-repo/'
2026-07-14T21:04:16.205+05:30  INFO 14668 --- [config-server] [nio-8888-exec-1] o.s.c.c.s.e.NativeEnvironmentRepository  : Adding property source: Config resource 'file [c:\Users\CHAKRADHARBATTULA\Desktop\inventory-management-test\inventory-config-repo\reporting-service.yaml]' via location 'file:///c:/Users/CHAKRADHARBATTULA/Desktop/inventory-management-test/inventory-config-repo/'
2026-07-14T21:04:16.213+05:30  INFO 14668 --- [config-server] [nio-8888-exec-1] o.s.c.c.s.e.NativeEnvironmentRepository  : Adding property source: Config resource 'file [c:\Users\CHAKRADHARBATTULA\Desktop\inventory-management-test\inventory-config-repo\application.yaml]' via location 'file:///c:/Users/CHAKRADHARBATTULA/Desktop/inventory-management-test/inventory-config-repo/'
