WARNING: A terminally deprecated method in sun.misc.Unsafe has been called
WARNING: sun.misc.Unsafe::staticFieldBase has been called by com.google.inject.internal.aop.HiddenClassDefiner (file:/C:/Intel/Apache%20maven%203.9.11/apache-maven-3.9.11/lib/guice-5.1.0-classes.jar)
WARNING: Please consider reporting this to the maintainers of class com.google.inject.internal.aop.HiddenClassDefiner
WARNING: sun.misc.Unsafe::staticFieldBase will be removed in a future release
[INFO] Scanning for projects...
[INFO] 
[INFO] -------------------< com.inventory:forecast-service >-------------------
[INFO] Building  0.0.1-SNAPSHOT
[INFO]   from pom.xml
[INFO] --------------------------------[ jar ]---------------------------------
[INFO] 
[INFO] >>> spring-boot:3.5.16:run (default-cli) > test-compile @ forecast-service >>>
[INFO] 
[INFO] --- resources:3.3.1:resources (default-resources) @ forecast-service ---
[INFO] Copying 2 resources from src\main\resources to target\classes
[INFO] Copying 0 resource from src\main\resources to target\classes
[INFO] 
[INFO] --- compiler:3.14.1:compile (default-compile) @ forecast-service ---
[INFO] Nothing to compile - all classes are up to date.
[INFO] 
[INFO] --- resources:3.3.1:testResources (default-testResources) @ forecast-service ---
[INFO] skip non existing resourceDirectory C:\Users\MOHANSIRASAPALLI\Documents\Hackathon MicroServices\Problem Statement\inventory-management-test\forecast-service\src\test\resources
[INFO] 
[INFO] --- compiler:3.14.1:testCompile (default-testCompile) @ forecast-service ---
[INFO] Nothing to compile - all classes are up to date.
[INFO] 
[INFO] <<< spring-boot:3.5.16:run (default-cli) < test-compile @ forecast-service <<<
[INFO] 
[INFO] 
[INFO] --- spring-boot:3.5.16:run (default-cli) @ forecast-service ---
[INFO] Attaching agents: []

  .   ____          _            __ _ _
 /\\ / ___'_ __ _ _(_)_ __  __ _ \ \ \ \
( ( )\___ | '_ | '_| | '_ \/ _` | \ \ \ \
 \\/  ___)| |_)| | | | | || (_| |  ) ) ) )
  '  |____| .__|_| |_|_| |_\__, | / / / /
 =========|_|==============|___/=/_/_/_/

 :: Spring Boot ::               (v3.5.16)

2026-07-12T01:17:01.431+05:30  INFO 41740 --- [forecast-service] [  restartedMain] c.i.f.ForecastServiceApplication         : Starting ForecastServiceApplication using Java 25.0.1 with PID 41740 (C:\Users\MOHANSIRASAPALLI\Documents\Hackathon MicroServices\Problem Statement\inventory-management-test\forecast-service\target\classes started by MOHANSIRASAPALLI in C:\Users\MOHANSIRASAPALLI\Documents\Hackathon MicroServices\Problem Statement\inventory-management-test\forecast-service)
2026-07-12T01:17:01.441+05:30  INFO 41740 --- [forecast-service] [  restartedMain] c.i.f.ForecastServiceApplication         : No active profile set, falling back to 1 default profile: "default"
2026-07-12T01:17:01.633+05:30  INFO 41740 --- [forecast-service] [  restartedMain] .e.DevToolsPropertyDefaultsPostProcessor : Devtools property defaults active! Set 'spring.devtools.add-properties' to 'false' to disable
2026-07-12T01:17:01.633+05:30  INFO 41740 --- [forecast-service] [  restartedMain] .e.DevToolsPropertyDefaultsPostProcessor : For additional web related logging consider setting the 'logging.level.web' property to 'DEBUG'
2026-07-12T01:17:06.660+05:30  INFO 41740 --- [forecast-service] [  restartedMain] .s.d.r.c.RepositoryConfigurationDelegate : Bootstrapping Spring Data MongoDB repositories in DEFAULT mode.
2026-07-12T01:17:07.149+05:30  INFO 41740 --- [forecast-service] [  restartedMain] .s.d.r.c.RepositoryConfigurationDelegate : Finished Spring Data repository scanning in 475 ms. Found 1 MongoDB repository interface.
2026-07-12T01:17:09.196+05:30  INFO 41740 --- [forecast-service] [  restartedMain] o.s.cloud.context.scope.GenericScope     : BeanFactory id=274cb519-d9d0-379e-a4c3-5fb8ed9a1eef
2026-07-12T01:17:11.359+05:30  INFO 41740 --- [forecast-service] [  restartedMain] o.s.b.w.embedded.tomcat.TomcatWebServer  : Tomcat initialized with port 8080 (http)
2026-07-12T01:17:11.409+05:30  INFO 41740 --- [forecast-service] [  restartedMain] o.apache.catalina.core.StandardService   : Starting service [Tomcat]
2026-07-12T01:17:11.410+05:30  INFO 41740 --- [forecast-service] [  restartedMain] o.apache.catalina.core.StandardEngine    : Starting Servlet engine: [Apache Tomcat/10.1.55]
2026-07-12T01:17:11.592+05:30  INFO 41740 --- [forecast-service] [  restartedMain] o.a.c.c.C.[Tomcat].[localhost].[/]       : Initializing Spring embedded WebApplicationContext
2026-07-12T01:17:11.594+05:30  INFO 41740 --- [forecast-service] [  restartedMain] w.s.c.ServletWebServerApplicationContext : Root WebApplicationContext: initialization completed in 9957 ms
2026-07-12T01:17:13.025+05:30  INFO 41740 --- [forecast-service] [  restartedMain] org.mongodb.driver.client                : MongoClient with metadata {"driver": {"name": "mongo-java-driver|sync|spring-boot", "version": "5.5.2"}, "os": {"type": "Windows", "name": "Windows 11", "architecture": "amd64", "version": "10.0"}, "platform": "Java/Oracle Corporation/25.0.1+8-27"} created with settings MongoClientSettings{readPreference=primary, writeConcern=WriteConcern{w=null, wTimeout=null ms, journal=null}, retryWrites=true, retryReads=true, readConcern=ReadConcern{level=null}, credential=null, transportSettings=null, commandListeners=[io.micrometer.core.instrument.binder.mongodb.MongoMetricsCommandListener@462267a], codecRegistry=ProvidersCodecRegistry{codecProviders=[ValueCodecProvider{}, BsonValueCodecProvider{}, DBRefCodecProvider{}, DBObjectCodecProvider{}, DocumentCodecProvider{}, CollectionCodecProvider{}, IterableCodecProvider{}, MapCodecProvider{}, GeoJsonCodecProvider{}, GridFSFileCodecProvider{}, Jsr310CodecProvider{}, JsonObjectCodecProvider{}, BsonCodecProvider{}, EnumCodecProvider{}, com.mongodb.client.model.mql.ExpressionCodecProvider@6d006c25, com.mongodb.Jep395RecordCodecProvider@678ee669, com.mongodb.KotlinCodecProvider@72b1a88f]}, loggerSettings=LoggerSettings{maxDocumentLength=1000}, clusterSettings={hosts=[localhost:27017], srvServiceName=mongodb, mode=SINGLE, requiredClusterType=UNKNOWN, requiredReplicaSetName='null', serverSelector='null', clusterListeners='[]', serverSelectionTimeout='30000 ms', localThreshold='15 ms'}, socketSettings=SocketSettings{connectTimeoutMS=10000, readTimeoutMS=0, receiveBufferSize=0, proxySettings=ProxySettings{host=null, port=null, username=null, password=null}}, heartbeatSocketSettings=SocketSettings{connectTimeoutMS=10000, readTimeoutMS=10000, receiveBufferSize=0, proxySettings=ProxySettings{host=null, port=null, username=null, password=null}}, connectionPoolSettings=ConnectionPoolSettings{maxSize=100, minSize=0, maxWaitTimeMS=120000, maxConnectionLifeTimeMS=0, maxConnectionIdleTimeMS=0, maintenanceInitialDelayMS=0, maintenanceFrequencyMS=60000, connectionPoolListeners=[io.micrometer.core.instrument.binder.mongodb.MongoMetricsConnectionPoolListener@67f50155], maxConnecting=2}, serverSettings=ServerSettings{heartbeatFrequencyMS=10000, minHeartbeatFrequencyMS=500, serverMonitoringMode=AUTO, serverListeners='[]', serverMonitorListeners='[]'}, sslSettings=SslSettings{enabled=false, invalidHostNameAllowed=false, context=null}, applicationName='null', compressorList=[], uuidRepresentation=JAVA_LEGACY, serverApi=null, autoEncryptionSettings=null, dnsClient=null, inetAddressResolver=null, contextProvider=null, timeoutMS=null}
2026-07-12T01:17:13.038+05:30  INFO 41740 --- [forecast-service] [localhost:27017] org.mongodb.driver.cluster               : Exception in monitor thread while connecting to server localhost:27017

com.mongodb.MongoSocketOpenException: Exception opening socket
	at com.mongodb.internal.connection.SocketStream.lambda$open$0(SocketStream.java:85) ~[mongodb-driver-core-5.5.2.jar:na]
	at java.base/java.util.Optional.orElseThrow(Optional.java:403) ~[na:na]
	at com.mongodb.internal.connection.SocketStream.open(SocketStream.java:85) ~[mongodb-driver-core-5.5.2.jar:na]
	at com.mongodb.internal.connection.InternalStreamConnection.open(InternalStreamConnection.java:233) ~[mongodb-driver-core-5.5.2.jar:na]
	at com.mongodb.internal.connection.DefaultServerMonitor$ServerMonitor.lookupServerDescription(DefaultServerMonitor.java:219) ~[mongodb-driver-core-5.5.2.jar:na]
	at com.mongodb.internal.connection.DefaultServerMonitor$ServerMonitor.run(DefaultServerMonitor.java:176) ~[mongodb-driver-core-5.5.2.jar:na]
Caused by: java.net.ConnectException: Connection refused: getsockopt
	at java.base/sun.nio.ch.Net.pollConnect(Native Method) ~[na:na]
	at java.base/sun.nio.ch.Net.pollConnectNow(Net.java:639) ~[na:na]
	at java.base/sun.nio.ch.NioSocketImpl.timedFinishConnect(NioSocketImpl.java:543) ~[na:na]
	at java.base/sun.nio.ch.NioSocketImpl.connect(NioSocketImpl.java:594) ~[na:na]
	at java.base/java.net.SocksSocketImpl.connect(SocksSocketImpl.java:284) ~[na:na]
	at java.base/java.net.Socket.connect(Socket.java:659) ~[na:na]
	at com.mongodb.internal.connection.SocketStreamHelper.initialize(SocketStreamHelper.java:76) ~[mongodb-driver-core-5.5.2.jar:na]
	at com.mongodb.internal.connection.SocketStream.initializeSocket(SocketStream.java:104) ~[mongodb-driver-core-5.5.2.jar:na]
	at com.mongodb.internal.connection.SocketStream.open(SocketStream.java:79) ~[mongodb-driver-core-5.5.2.jar:na]
	... 3 common frames omitted

2026-07-12T01:17:13.725+05:30  WARN 41740 --- [forecast-service] [  restartedMain] o.s.b.d.a.OptionalLiveReloadServer       : Unable to start LiveReload server
2026-07-12T01:17:19.397+05:30  INFO 41740 --- [forecast-service] [  restartedMain] DiscoveryClientOptionalArgsConfiguration : Eureka HTTP Client uses RestTemplate.
2026-07-12T01:17:19.724+05:30  WARN 41740 --- [forecast-service] [  restartedMain] iguration$LoadBalancerCaffeineWarnLogger : Spring Cloud LoadBalancer is currently working with the default cache. While this cache implementation is useful for development and tests, it's recommended to use Caffeine cache in production.You can switch to using Caffeine cache, by adding it and org.springframework.cache.caffeine.CaffeineCacheManager to the classpath.
2026-07-12T01:17:19.790+05:30  INFO 41740 --- [forecast-service] [  restartedMain] o.s.b.a.e.web.EndpointLinksResolver      : Exposing 1 endpoint beneath base path '/actuator'
2026-07-12T01:17:20.135+05:30  INFO 41740 --- [forecast-service] [  restartedMain] o.s.c.n.eureka.InstanceInfoFactory       : Setting initial instance status as: STARTING
2026-07-12T01:17:20.288+05:30  INFO 41740 --- [forecast-service] [  restartedMain] com.netflix.discovery.DiscoveryClient    : Initializing Eureka in region us-east-1
2026-07-12T01:17:20.389+05:30  INFO 41740 --- [forecast-service] [  restartedMain] c.n.d.s.r.aws.ConfigClusterResolver      : Resolving eureka endpoints via configuration
2026-07-12T01:17:20.426+05:30  INFO 41740 --- [forecast-service] [  restartedMain] com.netflix.discovery.DiscoveryClient    : Disable delta property : false
2026-07-12T01:17:20.429+05:30  INFO 41740 --- [forecast-service] [  restartedMain] com.netflix.discovery.DiscoveryClient    : Single vip registry refresh property : null
2026-07-12T01:17:20.429+05:30  INFO 41740 --- [forecast-service] [  restartedMain] com.netflix.discovery.DiscoveryClient    : Force full registry fetch : false
2026-07-12T01:17:20.429+05:30  INFO 41740 --- [forecast-service] [  restartedMain] com.netflix.discovery.DiscoveryClient    : Application is null : false
2026-07-12T01:17:20.429+05:30  INFO 41740 --- [forecast-service] [  restartedMain] com.netflix.discovery.DiscoveryClient    : Registered Applications size is zero : true
2026-07-12T01:17:20.436+05:30  INFO 41740 --- [forecast-service] [  restartedMain] com.netflix.discovery.DiscoveryClient    : Application version is -1: true
2026-07-12T01:17:20.437+05:30  INFO 41740 --- [forecast-service] [  restartedMain] com.netflix.discovery.DiscoveryClient    : Getting all instance registry info from the eureka server
2026-07-12T01:17:22.012+05:30  INFO 41740 --- [forecast-service] [  restartedMain] com.netflix.discovery.DiscoveryClient    : The response status is 200
2026-07-12T01:17:22.019+05:30  INFO 41740 --- [forecast-service] [  restartedMain] com.netflix.discovery.DiscoveryClient    : Starting heartbeat executor: renew interval is: 30
2026-07-12T01:17:22.024+05:30  INFO 41740 --- [forecast-service] [  restartedMain] c.n.discovery.InstanceInfoReplicator     : InstanceInfoReplicator onDemand update allowed rate per min is 4
2026-07-12T01:17:22.030+05:30  INFO 41740 --- [forecast-service] [  restartedMain] com.netflix.discovery.DiscoveryClient    : Discovery Client initialized at timestamp 1783799242028 with initial instances count: 3
2026-07-12T01:17:22.051+05:30  INFO 41740 --- [forecast-service] [  restartedMain] o.s.c.n.e.s.EurekaServiceRegistry        : Registering application FORECAST-SERVICE with eureka with status UP
2026-07-12T01:17:22.053+05:30  INFO 41740 --- [forecast-service] [  restartedMain] com.netflix.discovery.DiscoveryClient    : Saw local status change event StatusChangeEvent [timestamp=1783799242053, current=UP, previous=STARTING]
2026-07-12T01:17:22.057+05:30  INFO 41740 --- [forecast-service] [foReplicator-%d] com.netflix.discovery.DiscoveryClient    : DiscoveryClient_FORECAST-SERVICE/hylcapital9907.Virtusa.com:forecast-service: registering service...
2026-07-12T01:17:22.077+05:30  INFO 41740 --- [forecast-service] [  restartedMain] o.s.c.n.e.s.EurekaServiceRegistry        : Unregistering application FORECAST-SERVICE with eureka with status DOWN
2026-07-12T01:17:22.079+05:30  INFO 41740 --- [forecast-service] [  restartedMain] com.netflix.discovery.DiscoveryClient    : Saw local status change event StatusChangeEvent [timestamp=1783799242079, current=DOWN, previous=UP]
2026-07-12T01:17:22.083+05:30  WARN 41740 --- [forecast-service] [  restartedMain] ConfigServletWebServerApplicationContext : Exception encountered during context initialization - cancelling refresh attempt: org.springframework.context.ApplicationContextException: Failed to start bean 'webServerStartStop'
2026-07-12T01:17:22.141+05:30  INFO 41740 --- [forecast-service] [  restartedMain] com.netflix.discovery.DiscoveryClient    : Shutting down DiscoveryClient ...
2026-07-12T01:17:22.253+05:30  INFO 41740 --- [forecast-service] [foReplicator-%d] com.netflix.discovery.DiscoveryClient    : DiscoveryClient_FORECAST-SERVICE/hylcapital9907.Virtusa.com:forecast-service - registration status: 204
2026-07-12T01:17:22.254+05:30  INFO 41740 --- [forecast-service] [foReplicator-%d] com.netflix.discovery.DiscoveryClient    : DiscoveryClient_FORECAST-SERVICE/hylcapital9907.Virtusa.com:forecast-service: registering service...
2026-07-12T01:17:22.270+05:30  INFO 41740 --- [forecast-service] [foReplicator-%d] com.netflix.discovery.DiscoveryClient    : DiscoveryClient_FORECAST-SERVICE/hylcapital9907.Virtusa.com:forecast-service - registration status: 204
2026-07-12T01:17:22.272+05:30  INFO 41740 --- [forecast-service] [  restartedMain] com.netflix.discovery.DiscoveryClient    : Unregistering ...
2026-07-12T01:17:22.421+05:30  INFO 41740 --- [forecast-service] [  restartedMain] com.netflix.discovery.DiscoveryClient    : DiscoveryClient_FORECAST-SERVICE/hylcapital9907.Virtusa.com:forecast-service - deregister  status: 200
2026-07-12T01:17:22.423+05:30  INFO 41740 --- [forecast-service] [  restartedMain] com.netflix.discovery.DiscoveryClient    : Completed shut down of DiscoveryClient
2026-07-12T01:17:22.502+05:30  INFO 41740 --- [forecast-service] [  restartedMain] .s.b.a.l.ConditionEvaluationReportLogger : 

Error starting ApplicationContext. To display the condition evaluation report re-run your application with 'debug' enabled.
2026-07-12T01:17:22.591+05:30 ERROR 41740 --- [forecast-service] [  restartedMain] o.s.b.d.LoggingFailureAnalysisReporter   : 

***************************
APPLICATION FAILED TO START
***************************

Description:

Web server failed to start. Port 8080 was already in use.

Action:

Identify and stop the process that's listening on port 8080 or configure this application to listen on another port.

[INFO] ------------------------------------------------------------------------
[INFO] BUILD SUCCESS
[INFO] ------------------------------------------------------------------------
[INFO] Total time:  39.590 s
[INFO] Finished at: 2026-07-12T01:17:23+05:30
[INFO] ------------------------------------------------------------------------
