Picked up JAVA_TOOL_OPTIONS: -Dfile.encoding=UTF-8
[INFO] Scanning for projects...
[INFO] 
[INFO] ------------------< com.inventory:inventory-service >-------------------
[INFO] Building inventory-service 0.0.1-SNAPSHOT
[INFO]   from pom.xml
[INFO] --------------------------------[ jar ]---------------------------------
[INFO] 
[INFO] >>> spring-boot:3.5.16:run (default-cli) > test-compile @ inventory-service >>>
[INFO] 
[INFO] --- resources:3.3.1:resources (default-resources) @ inventory-service ---
[INFO] Copying 2 resources from src\main\resources to target\classes
[INFO] Copying 0 resource from src\main\resources to target\classes
[INFO] 
[INFO] --- compiler:3.14.1:compile (default-compile) @ inventory-service ---
[INFO] Nothing to compile - all classes are up to date.
[INFO] 
[INFO] --- resources:3.3.1:testResources (default-testResources) @ inventory-service ---
[INFO] skip non existing resourceDirectory C:\Users\CHAKRADHARBATTULA\Desktop\inventory-management-test\inventory-service\src\test\resources
[INFO] 
[INFO] --- compiler:3.14.1:testCompile (default-testCompile) @ inventory-service ---
[INFO] Nothing to compile - all classes are up to date.
[INFO] 
[INFO] <<< spring-boot:3.5.16:run (default-cli) < test-compile @ inventory-service <<<
[INFO] 
[INFO] 
[INFO] --- spring-boot:3.5.16:run (default-cli) @ inventory-service ---
[INFO] Attaching agents: []
Picked up JAVA_TOOL_OPTIONS: -Dfile.encoding=UTF-8

  .   ____          _            __ _ _
 /\\ / ___'_ __ _ _(_)_ __  __ _ \ \ \ \
( ( )\___ | '_ | '_| | '_ \/ _` | \ \ \ \
 \\/  ___)| |_)| | | | | || (_| |  ) ) ) )
  '  |____| .__|_| |_|_| |_\__, | / / / /
 =========|_|==============|___/=/_/_/_/

 :: Spring Boot ::               (v3.5.16)

2026-07-14T21:04:08.406+05:30  INFO [inventory-service,,] 25372 --- [inventory-service] [  restartedMain] [                                                 ] c.i.i.InventoryServiceApplication        : Starting InventoryServiceApplication using Java 25.0.1 with PID 25372 (C:\Users\CHAKRADHARBATTULA\Desktop\inventory-management-test\inventory-service\target\classes started by CHAKRADHARBATTULA in C:\Users\CHAKRADHARBATTULA\Desktop\inventory-management-test\inventory-service)
2026-07-14T21:04:08.423+05:30  INFO [inventory-service,,] 25372 --- [inventory-service] [  restartedMain] [                                                 ] c.i.i.InventoryServiceApplication        : The following 1 profile is active: "default"
2026-07-14T21:04:08.755+05:30  INFO [inventory-service,,] 25372 --- [inventory-service] [  restartedMain] [                                                 ] o.s.c.c.c.ConfigServerConfigDataLoader   : Fetching config from server at : http://localhost:8888
2026-07-14T21:04:08.762+05:30  INFO [inventory-service,,] 25372 --- [inventory-service] [  restartedMain] [                                                 ] o.s.c.c.c.ConfigServerConfigDataLoader   : Located environment: name=inventory-service, profiles=[default], label=null, version=null, state=null
2026-07-14T21:04:08.798+05:30  INFO [inventory-service,,] 25372 --- [inventory-service] [  restartedMain] [                                                 ] .e.DevToolsPropertyDefaultsPostProcessor : Devtools property defaults active! Set 'spring.devtools.add-properties' to 'false' to disable
2026-07-14T21:04:08.798+05:30  INFO [inventory-service,,] 25372 --- [inventory-service] [  restartedMain] [                                                 ] .e.DevToolsPropertyDefaultsPostProcessor : For additional web related logging consider setting the 'logging.level.web' property to 'DEBUG'
2026-07-14T21:04:14.017+05:30 DEBUG [inventory-service,,] 25372 --- [inventory-service] [  restartedMain] [                                                 ] i.g.r.s.u.RxJava2OnClasspathCondition    : RxJava2 related Aspect extensions are not activated, because RxJava2 is not on the classpath.
2026-07-14T21:04:14.021+05:30 DEBUG [inventory-service,,] 25372 --- [inventory-service] [  restartedMain] [                                                 ] i.g.r.s.u.ReactorOnClasspathCondition    : Reactor related Aspect extensions are not activated because Resilience4j Reactor module is not on the classpath.
2026-07-14T21:04:14.068+05:30 DEBUG [inventory-service,,] 25372 --- [inventory-service] [  restartedMain] [                                                 ] i.g.r.s.u.RxJava2OnClasspathCondition    : RxJava2 related Aspect extensions are not activated, because RxJava2 is not on the classpath.
2026-07-14T21:04:14.069+05:30 DEBUG [inventory-service,,] 25372 --- [inventory-service] [  restartedMain] [                                                 ] i.g.r.s.u.ReactorOnClasspathCondition    : Reactor related Aspect extensions are not activated because Resilience4j Reactor module is not on the classpath.
2026-07-14T21:04:14.370+05:30 DEBUG [inventory-service,,] 25372 --- [inventory-service] [  restartedMain] [                                                 ] i.g.r.s.u.RxJava2OnClasspathCondition    : RxJava2 related Aspect extensions are not activated, because RxJava2 is not on the classpath.
2026-07-14T21:04:14.372+05:30 DEBUG [inventory-service,,] 25372 --- [inventory-service] [  restartedMain] [                                                 ] i.g.r.s.u.ReactorOnClasspathCondition    : Reactor related Aspect extensions are not activated because Resilience4j Reactor module is not on the classpath.
2026-07-14T21:04:14.415+05:30 DEBUG [inventory-service,,] 25372 --- [inventory-service] [  restartedMain] [                                                 ] i.g.r.s.u.RxJava2OnClasspathCondition    : RxJava2 related Aspect extensions are not activated, because RxJava2 is not on the classpath.
2026-07-14T21:04:14.417+05:30 DEBUG [inventory-service,,] 25372 --- [inventory-service] [  restartedMain] [                                                 ] i.g.r.s.u.ReactorOnClasspathCondition    : Reactor related Aspect extensions are not activated because Resilience4j Reactor module is not on the classpath.
2026-07-14T21:04:14.446+05:30 DEBUG [inventory-service,,] 25372 --- [inventory-service] [  restartedMain] [                                                 ] i.g.r.s.u.RxJava2OnClasspathCondition    : RxJava2 related Aspect extensions are not activated, because RxJava2 is not on the classpath.
2026-07-14T21:04:14.447+05:30 DEBUG [inventory-service,,] 25372 --- [inventory-service] [  restartedMain] [                                                 ] i.g.r.s.u.ReactorOnClasspathCondition    : Reactor related Aspect extensions are not activated because Resilience4j Reactor module is not on the classpath.
2026-07-14T21:04:14.486+05:30 DEBUG [inventory-service,,] 25372 --- [inventory-service] [  restartedMain] [                                                 ] i.g.r.s.u.RxJava2OnClasspathCondition    : RxJava2 related Aspect extensions are not activated, because RxJava2 is not on the classpath.
2026-07-14T21:04:14.487+05:30 DEBUG [inventory-service,,] 25372 --- [inventory-service] [  restartedMain] [                                                 ] i.g.r.s.u.ReactorOnClasspathCondition    : Reactor related Aspect extensions are not activated because Resilience4j Reactor module is not on the classpath.
2026-07-14T21:04:14.526+05:30 DEBUG [inventory-service,,] 25372 --- [inventory-service] [  restartedMain] [                                                 ] i.g.r.s.u.RxJava2OnClasspathCondition    : RxJava2 related Aspect extensions are not activated, because RxJava2 is not on the classpath.
2026-07-14T21:04:14.530+05:30 DEBUG [inventory-service,,] 25372 --- [inventory-service] [  restartedMain] [                                                 ] i.g.r.s.u.ReactorOnClasspathCondition    : Reactor related Aspect extensions are not activated because Resilience4j Reactor module is not on the classpath.
2026-07-14T21:04:15.921+05:30  INFO [inventory-service,,] 25372 --- [inventory-service] [  restartedMain] [                                                 ] .s.d.r.c.RepositoryConfigurationDelegate : Bootstrapping Spring Data JPA repositories in DEFAULT mode.
2026-07-14T21:04:16.535+05:30  INFO [inventory-service,,] 25372 --- [inventory-service] [  restartedMain] [                                                 ] .s.d.r.c.RepositoryConfigurationDelegate : Finished Spring Data repository scanning in 588 ms. Found 4 JPA repository interfaces.
2026-07-14T21:04:18.263+05:30  INFO [inventory-service,,] 25372 --- [inventory-service] [  restartedMain] [                                                 ] o.s.cloud.context.scope.GenericScope     : BeanFactory id=da04d264-86cb-327b-9938-97bf1a2145fa
2026-07-14T21:04:21.191+05:30  INFO [inventory-service,,] 25372 --- [inventory-service] [  restartedMain] [                                                 ] o.s.b.w.embedded.tomcat.TomcatWebServer  : Tomcat initialized with port 8085 (http)
2026-07-14T21:04:21.219+05:30  INFO [inventory-service,,] 25372 --- [inventory-service] [  restartedMain] [                                                 ] o.apache.catalina.core.StandardService   : Starting service [Tomcat]
2026-07-14T21:04:21.220+05:30  INFO [inventory-service,,] 25372 --- [inventory-service] [  restartedMain] [                                                 ] o.apache.catalina.core.StandardEngine    : Starting Servlet engine: [Apache Tomcat/10.1.55]
2026-07-14T21:04:21.423+05:30  INFO [inventory-service,,] 25372 --- [inventory-service] [  restartedMain] [                                                 ] o.a.c.c.C.[Tomcat].[localhost].[/]       : Initializing Spring embedded WebApplicationContext
2026-07-14T21:04:21.424+05:30  INFO [inventory-service,,] 25372 --- [inventory-service] [  restartedMain] [                                                 ] w.s.c.ServletWebServerApplicationContext : Root WebApplicationContext: initialization completed in 12624 ms
2026-07-14T21:04:24.316+05:30  INFO [inventory-service,,] 25372 --- [inventory-service] [  restartedMain] [                                                 ] o.hibernate.jpa.internal.util.LogHelper  : HHH000204: Processing PersistenceUnitInfo [name: default]
2026-07-14T21:04:24.472+05:30  INFO [inventory-service,,] 25372 --- [inventory-service] [  restartedMain] [                                                 ] org.hibernate.Version                    : HHH000412: Hibernate ORM core version 6.6.53.Final
2026-07-14T21:04:24.573+05:30  INFO [inventory-service,,] 25372 --- [inventory-service] [  restartedMain] [                                                 ] o.h.c.internal.RegionFactoryInitiator    : HHH000026: Second-level cache disabled
2026-07-14T21:04:25.322+05:30  INFO [inventory-service,,] 25372 --- [inventory-service] [  restartedMain] [                                                 ] o.s.o.j.p.SpringPersistenceUnitInfo      : No LoadTimeWeaver setup: ignoring JPA class transformer
2026-07-14T21:04:25.414+05:30  INFO [inventory-service,,] 25372 --- [inventory-service] [  restartedMain] [                                                 ] com.zaxxer.hikari.HikariDataSource       : HikariPool-1 - Starting...
2026-07-15T11:19:35.045+05:30  INFO [inventory-service,,] 25372 --- [inventory-service] [  restartedMain] [                                                 ] com.zaxxer.hikari.pool.HikariPool        : HikariPool-1 - Added connection com.mysql.cj.jdbc.ConnectionImpl@241798c1
2026-07-15T11:19:35.050+05:30  INFO [inventory-service,,] 25372 --- [inventory-service] [  restartedMain] [                                                 ] com.zaxxer.hikari.HikariDataSource       : HikariPool-1 - Start completed.
2026-07-15T11:19:35.986+05:30  INFO [inventory-service,,] 25372 --- [inventory-service] [  restartedMain] [                                                 ] org.hibernate.orm.connections.pooling    : HHH10001005: Database info:
	Database JDBC URL [Connecting through datasource 'HikariDataSource (HikariPool-1)']
	Database driver: undefined/unknown
	Database version: 8.0.43
	Autocommit mode: undefined/unknown
	Isolation level: undefined/unknown
	Minimum pool size: undefined/unknown
	Maximum pool size: undefined/unknown
2026-07-15T11:19:39.680+05:30  INFO [inventory-service,,] 25372 --- [inventory-service] [  restartedMain] [                                                 ] o.h.e.t.j.p.i.JtaPlatformInitiator       : HHH000489: No JTA platform available (set 'hibernate.transaction.jta.platform' to enable JTA platform integration)
2026-07-15T11:19:40.025+05:30  INFO [inventory-service,,] 25372 --- [inventory-service] [  restartedMain] [                                                 ] j.LocalContainerEntityManagerFactoryBean : Initialized JPA EntityManagerFactory for persistence unit 'default'
2026-07-15T11:19:41.982+05:30  INFO [inventory-service,,] 25372 --- [inventory-service] [  restartedMain] [                                                 ] o.s.d.j.r.query.QueryEnhancerFactory     : Hibernate is in classpath; If applicable, HQL parser will be used.
2026-07-15T11:19:47.038+05:30  WARN [inventory-service,,] 25372 --- [inventory-service] [  restartedMain] [                                                 ] JpaBaseConfiguration$JpaWebConfiguration : spring.jpa.open-in-view is enabled by default. Therefore, database queries may be performed during view rendering. Explicitly configure spring.jpa.open-in-view to disable this warning
2026-07-15T11:19:47.304+05:30  WARN [inventory-service,,] 25372 --- [inventory-service] [  restartedMain] [                                                 ] o.s.b.d.a.OptionalLiveReloadServer       : Unable to start LiveReload server
2026-07-15T11:19:55.833+05:30  INFO [inventory-service,,] 25372 --- [inventory-service] [  restartedMain] [                                                 ] o.s.b.a.e.web.EndpointLinksResolver      : Exposing 29 endpoints beneath base path '/actuator'
2026-07-15T11:19:56.102+05:30  WARN [inventory-service,,] 25372 --- [inventory-service] [  restartedMain] [                                                 ] .s.s.UserDetailsServiceAutoConfiguration : 

Using generated security password: 2b2ea64f-938a-42ca-898f-1f435e3bb4f7

This generated password is for development use only. Your security configuration must be updated before running your application in production.

2026-07-15T11:19:56.132+05:30  INFO [inventory-service,,] 25372 --- [inventory-service] [  restartedMain] [                                                 ] r$InitializeUserDetailsManagerConfigurer : Global AuthenticationManager configured with UserDetailsService bean with name inMemoryUserDetailsManager
2026-07-15T11:20:00.407+05:30  INFO [inventory-service,,] 25372 --- [inventory-service] [  restartedMain] [                                                 ] DiscoveryClientOptionalArgsConfiguration : Eureka HTTP Client uses RestTemplate.
2026-07-15T11:20:02.198+05:30  INFO [inventory-service,,] 25372 --- [inventory-service] [  restartedMain] [                                                 ] o.s.m.s.b.SimpleBrokerMessageHandler     : Starting...
2026-07-15T11:20:02.201+05:30  INFO [inventory-service,,] 25372 --- [inventory-service] [  restartedMain] [                                                 ] o.s.m.s.b.SimpleBrokerMessageHandler     : BrokerAvailabilityEvent[available=true, SimpleBrokerMessageHandler [org.springframework.messaging.simp.broker.DefaultSubscriptionRegistry@944674e]]
2026-07-15T11:20:02.203+05:30  INFO [inventory-service,,] 25372 --- [inventory-service] [  restartedMain] [                                                 ] o.s.m.s.b.SimpleBrokerMessageHandler     : Started.
2026-07-15T11:20:02.244+05:30  INFO [inventory-service,,] 25372 --- [inventory-service] [  restartedMain] [                                                 ] o.s.c.n.eureka.InstanceInfoFactory       : Setting initial instance status as: STARTING
2026-07-15T11:20:02.355+05:30  INFO [inventory-service,,] 25372 --- [inventory-service] [  restartedMain] [                                                 ] com.netflix.discovery.DiscoveryClient    : Initializing Eureka in region us-east-1
2026-07-15T11:20:02.376+05:30  INFO [inventory-service,,] 25372 --- [inventory-service] [  restartedMain] [                                                 ] c.n.d.s.r.aws.ConfigClusterResolver      : Resolving eureka endpoints via configuration
2026-07-15T11:20:02.408+05:30  INFO [inventory-service,,] 25372 --- [inventory-service] [  restartedMain] [                                                 ] com.netflix.discovery.DiscoveryClient    : Disable delta property : false
2026-07-15T11:20:02.409+05:30  INFO [inventory-service,,] 25372 --- [inventory-service] [  restartedMain] [                                                 ] com.netflix.discovery.DiscoveryClient    : Single vip registry refresh property : null
2026-07-15T11:20:02.409+05:30  INFO [inventory-service,,] 25372 --- [inventory-service] [  restartedMain] [                                                 ] com.netflix.discovery.DiscoveryClient    : Force full registry fetch : false
2026-07-15T11:20:02.409+05:30  INFO [inventory-service,,] 25372 --- [inventory-service] [  restartedMain] [                                                 ] com.netflix.discovery.DiscoveryClient    : Application is null : false
2026-07-15T11:20:02.409+05:30  INFO [inventory-service,,] 25372 --- [inventory-service] [  restartedMain] [                                                 ] com.netflix.discovery.DiscoveryClient    : Registered Applications size is zero : true
2026-07-15T11:20:02.409+05:30  INFO [inventory-service,,] 25372 --- [inventory-service] [  restartedMain] [                                                 ] com.netflix.discovery.DiscoveryClient    : Application version is -1: true
2026-07-15T11:20:02.410+05:30  INFO [inventory-service,,] 25372 --- [inventory-service] [  restartedMain] [                                                 ] com.netflix.discovery.DiscoveryClient    : Getting all instance registry info from the eureka server
2026-07-15T11:20:04.070+05:30  INFO [inventory-service,,] 25372 --- [inventory-service] [  restartedMain] [                                                 ] com.netflix.discovery.DiscoveryClient    : The response status is 200
2026-07-15T11:20:04.084+05:30  INFO [inventory-service,,] 25372 --- [inventory-service] [  restartedMain] [                                                 ] com.netflix.discovery.DiscoveryClient    : Starting heartbeat executor: renew interval is: 30
2026-07-15T11:20:04.098+05:30  INFO [inventory-service,,] 25372 --- [inventory-service] [  restartedMain] [                                                 ] c.n.discovery.InstanceInfoReplicator     : InstanceInfoReplicator onDemand update allowed rate per min is 4
2026-07-15T11:20:04.117+05:30  INFO [inventory-service,,] 25372 --- [inventory-service] [  restartedMain] [                                                 ] com.netflix.discovery.DiscoveryClient    : Discovery Client initialized at timestamp 1784094604114 with initial instances count: 3
2026-07-15T11:20:04.200+05:30  INFO [inventory-service,,] 25372 --- [inventory-service] [  restartedMain] [                                                 ] o.s.c.n.e.s.EurekaServiceRegistry        : Registering application INVENTORY-SERVICE with eureka with status UP
2026-07-15T11:20:04.201+05:30  INFO [inventory-service,,] 25372 --- [inventory-service] [  restartedMain] [                                                 ] com.netflix.discovery.DiscoveryClient    : Saw local status change event StatusChangeEvent [timestamp=1784094604201, current=UP, previous=STARTING]
2026-07-15T11:20:04.210+05:30  INFO [inventory-service,,] 25372 --- [inventory-service] [foReplicator-%d] [                                                 ] com.netflix.discovery.DiscoveryClient    : DiscoveryClient_INVENTORY-SERVICE/HDLCAMPUS15253:inventory-service:8085: registering service...
2026-07-15T11:20:04.285+05:30  INFO [inventory-service,,] 25372 --- [inventory-service] [  restartedMain] [                                                 ] o.s.b.w.embedded.tomcat.TomcatWebServer  : Tomcat started on port 8085 (http) with context path '/'
2026-07-15T11:20:04.287+05:30  INFO [inventory-service,,] 25372 --- [inventory-service] [  restartedMain] [                                                 ] .s.c.n.e.s.EurekaAutoServiceRegistration : Updating port to 8085
2026-07-15T11:20:04.476+05:30  INFO [inventory-service,,] 25372 --- [inventory-service] [foReplicator-%d] [                                                 ] com.netflix.discovery.DiscoveryClient    : DiscoveryClient_INVENTORY-SERVICE/HDLCAMPUS15253:inventory-service:8085 - registration status: 204
2026-07-15T11:20:04.813+05:30  INFO [inventory-service,,] 25372 --- [inventory-service] [  restartedMain] [                                                 ] o.a.k.clients.consumer.ConsumerConfig    : ConsumerConfig values: 
	allow.auto.create.topics = true
	auto.commit.interval.ms = 5000
	auto.include.jmx.reporter = true
	auto.offset.reset = latest
	bootstrap.servers = [localhost:9092]
	check.crcs = true
	client.dns.lookup = use_all_dns_ips
	client.id = consumer-inventory-service-1
	client.rack = 
	connections.max.idle.ms = 540000
	default.api.timeout.ms = 60000
	enable.auto.commit = false
	enable.metrics.push = true
	exclude.internal.topics = true
	fetch.max.bytes = 52428800
	fetch.max.wait.ms = 500
	fetch.min.bytes = 1
	group.id = inventory-service
	group.instance.id = null
	group.protocol = classic
	group.remote.assignor = null
	heartbeat.interval.ms = 3000
	interceptor.classes = []
	internal.leave.group.on.close = true
	internal.throw.on.fetch.stable.offset.unsupported = false
	isolation.level = read_uncommitted
	key.deserializer = class org.apache.kafka.common.serialization.StringDeserializer
	max.partition.fetch.bytes = 1048576
	max.poll.interval.ms = 300000
	max.poll.records = 500
	metadata.max.age.ms = 300000
	metadata.recovery.strategy = none
	metric.reporters = []
	metrics.num.samples = 2
	metrics.recording.level = INFO
	metrics.sample.window.ms = 30000
	partition.assignment.strategy = [class org.apache.kafka.clients.consumer.RangeAssignor, class org.apache.kafka.clients.consumer.CooperativeStickyAssignor]
	receive.buffer.bytes = 65536
	reconnect.backoff.max.ms = 1000
	reconnect.backoff.ms = 50
	request.timeout.ms = 30000
	retry.backoff.max.ms = 1000
	retry.backoff.ms = 100
	sasl.client.callback.handler.class = null
	sasl.jaas.config = null
	sasl.kerberos.kinit.cmd = /usr/bin/kinit
	sasl.kerberos.min.time.before.relogin = 60000
	sasl.kerberos.service.name = null
	sasl.kerberos.ticket.renew.jitter = 0.05
	sasl.kerberos.ticket.renew.window.factor = 0.8
	sasl.login.callback.handler.class = null
	sasl.login.class = null
	sasl.login.connect.timeout.ms = null
	sasl.login.read.timeout.ms = null
	sasl.login.refresh.buffer.seconds = 300
	sasl.login.refresh.min.period.seconds = 60
	sasl.login.refresh.window.factor = 0.8
	sasl.login.refresh.window.jitter = 0.05
	sasl.login.retry.backoff.max.ms = 10000
	sasl.login.retry.backoff.ms = 100
	sasl.mechanism = GSSAPI
	sasl.oauthbearer.clock.skew.seconds = 30
	sasl.oauthbearer.expected.audience = null
	sasl.oauthbearer.expected.issuer = null
	sasl.oauthbearer.header.urlencode = false
	sasl.oauthbearer.jwks.endpoint.refresh.ms = 3600000
	sasl.oauthbearer.jwks.endpoint.retry.backoff.max.ms = 10000
	sasl.oauthbearer.jwks.endpoint.retry.backoff.ms = 100
	sasl.oauthbearer.jwks.endpoint.url = null
	sasl.oauthbearer.scope.claim.name = scope
	sasl.oauthbearer.sub.claim.name = sub
	sasl.oauthbearer.token.endpoint.url = null
	security.protocol = PLAINTEXT
	security.providers = null
	send.buffer.bytes = 131072
	session.timeout.ms = 45000
	socket.connection.setup.timeout.max.ms = 30000
	socket.connection.setup.timeout.ms = 10000
	ssl.cipher.suites = null
	ssl.enabled.protocols = [TLSv1.2, TLSv1.3]
	ssl.endpoint.identification.algorithm = https
	ssl.engine.factory.class = null
	ssl.key.password = null
	ssl.keymanager.algorithm = SunX509
	ssl.keystore.certificate.chain = null
	ssl.keystore.key = null
	ssl.keystore.location = null
	ssl.keystore.password = null
	ssl.keystore.type = JKS
	ssl.protocol = TLSv1.3
	ssl.provider = null
	ssl.secure.random.implementation = null
	ssl.trustmanager.algorithm = PKIX
	ssl.truststore.certificates = null
	ssl.truststore.location = null
	ssl.truststore.password = null
	ssl.truststore.type = JKS
	value.deserializer = class org.springframework.kafka.support.serializer.JsonDeserializer

2026-07-15T11:20:05.044+05:30  INFO [inventory-service,,] 25372 --- [inventory-service] [  restartedMain] [                                                 ] o.a.k.c.t.i.KafkaMetricsCollector        : initializing Kafka metrics collector
2026-07-15T11:20:05.327+05:30  WARN [inventory-service,,] 25372 --- [inventory-service] [/api/v2/spans}}] [                                                 ] z.r.i.AsyncReporter$BoundedAsyncReporter : Spans were dropped due to exceptions. All subsequent errors will be logged at FINE level.
2026-07-15T11:20:05.328+05:30  WARN [inventory-service,,] 25372 --- [inventory-service] [/api/v2/spans}}] [                                                 ] z.r.i.AsyncReporter$BoundedAsyncReporter : Dropped 2 spans due to ConnectException()

java.net.ConnectException
	at java.net.http/jdk.internal.net.http.HttpClientImpl.send(HttpClientImpl.java:923) ~[java.net.http:na]
	at java.net.http/jdk.internal.net.http.HttpClientFacade.send(HttpClientFacade.java:133) ~[java.net.http:na]
	at org.springframework.boot.actuate.autoconfigure.tracing.zipkin.ZipkinHttpClientSender.postSpans(ZipkinHttpClientSender.java:60) ~[spring-boot-actuator-autoconfigure-3.5.16.jar:3.5.16]
	at org.springframework.boot.actuate.autoconfigure.tracing.zipkin.HttpSender.postSpans(HttpSender.java:69) ~[spring-boot-actuator-autoconfigure-3.5.16.jar:3.5.16]
	at org.springframework.boot.actuate.autoconfigure.tracing.zipkin.HttpSender.postSpans(HttpSender.java:41) ~[spring-boot-actuator-autoconfigure-3.5.16.jar:3.5.16]
	at zipkin2.reporter.BaseHttpSender.send(BaseHttpSender.java:123) ~[zipkin-reporter-3.5.3.jar:na]
	at zipkin2.reporter.internal.AsyncReporter$BoundedAsyncReporter.flush(AsyncReporter.java:266) ~[zipkin-reporter-3.5.3.jar:na]
	at zipkin2.reporter.internal.AsyncReporter$Flusher.run(AsyncReporter.java:352) ~[zipkin-reporter-3.5.3.jar:na]
	at java.base/java.lang.Thread.run(Thread.java:1474) ~[na:na]
Caused by: java.net.ConnectException
	at java.net.http/jdk.internal.net.http.common.Utils.toConnectException(Utils.java:1070) ~[java.net.http:na]
	at java.net.http/jdk.internal.net.http.PlainHttpConnection.connectAsync(PlainHttpConnection.java:223) ~[java.net.http:na]
	at java.net.http/jdk.internal.net.http.PlainHttpConnection.checkRetryConnect(PlainHttpConnection.java:277) ~[java.net.http:na]
	at java.net.http/jdk.internal.net.http.PlainHttpConnection.lambda$connectAsync$0(PlainHttpConnection.java:235) ~[java.net.http:na]
	at java.base/java.util.concurrent.CompletableFuture.uniHandle(CompletableFuture.java:955) ~[na:na]
	at java.base/java.util.concurrent.CompletableFuture$UniHandle.tryFire(CompletableFuture.java:932) ~[na:na]
	at java.base/java.util.concurrent.CompletableFuture.postComplete(CompletableFuture.java:531) ~[na:na]
	at java.base/java.util.concurrent.CompletableFuture$AsyncSupply.run(CompletableFuture.java:1794) ~[na:na]
	at java.base/java.util.concurrent.ThreadPoolExecutor.runWorker(ThreadPoolExecutor.java:1090) ~[na:na]
	at java.base/java.util.concurrent.ThreadPoolExecutor$Worker.run(ThreadPoolExecutor.java:614) ~[na:na]
	... 1 common frames omitted
Caused by: java.nio.channels.ClosedChannelException
	at java.base/sun.nio.ch.SocketChannelImpl.ensureOpen(SocketChannelImpl.java:204) ~[na:na]
	at java.base/sun.nio.ch.SocketChannelImpl.connect(SocketChannelImpl.java:942) ~[na:na]
	at java.net.http/jdk.internal.net.http.PlainHttpConnection.connectAsync(PlainHttpConnection.java:211) ~[java.net.http:na]
	... 9 common frames omitted

2026-07-15T11:20:05.716+05:30  INFO [inventory-service,,] 25372 --- [inventory-service] [  restartedMain] [                                                 ] o.a.kafka.common.utils.AppInfoParser     : Kafka version: 3.9.2
2026-07-15T11:20:05.716+05:30  INFO [inventory-service,,] 25372 --- [inventory-service] [  restartedMain] [                                                 ] o.a.kafka.common.utils.AppInfoParser     : Kafka commitId: 5e9866f43ab8e7e4
2026-07-15T11:20:05.717+05:30  INFO [inventory-service,,] 25372 --- [inventory-service] [  restartedMain] [                                                 ] o.a.kafka.common.utils.AppInfoParser     : Kafka startTimeMs: 1784094605713
2026-07-15T11:20:05.755+05:30  INFO [inventory-service,,] 25372 --- [inventory-service] [  restartedMain] [                                                 ] o.a.k.c.c.i.ClassicKafkaConsumer         : [Consumer clientId=consumer-inventory-service-1, groupId=inventory-service] Subscribed to topic(s): movement-events
2026-07-15T11:20:05.853+05:30  INFO [inventory-service,,] 25372 --- [inventory-service] [  restartedMain] [                                                 ] c.i.i.InventoryServiceApplication        : Started InventoryServiceApplication in 51362.479 seconds (process running for 51368.87)
2026-07-15T11:20:06.697+05:30  INFO [inventory-service,,] 25372 --- [inventory-service] [ntainer#0-0-C-1] [                                                 ] org.apache.kafka.clients.NetworkClient   : [Consumer clientId=consumer-inventory-service-1, groupId=inventory-service] Node -1 disconnected.
2026-07-15T11:20:06.701+05:30  WARN [inventory-service,,] 25372 --- [inventory-service] [ntainer#0-0-C-1] [                                                 ] org.apache.kafka.clients.NetworkClient   : [Consumer clientId=consumer-inventory-service-1, groupId=inventory-service] Connection to node -1 (localhost/127.0.0.1:9092) could not be established. Node may not be available.
2026-07-15T11:20:06.701+05:30  WARN [inventory-service,,] 25372 --- [inventory-service] [ntainer#0-0-C-1] [                                                 ] org.apache.kafka.clients.NetworkClient   : [Consumer clientId=consumer-inventory-service-1, groupId=inventory-service] Bootstrap broker localhost:9092 (id: -1 rack: null) disconnected
2026-07-15T11:20:06.817+05:30  INFO [inventory-service,,] 25372 --- [inventory-service] [ntainer#0-0-C-1] [                                                 ] org.apache.kafka.clients.NetworkClient   : [Consumer clientId=consumer-inventory-service-1, groupId=inventory-service] Node -1 disconnected.
2026-07-15T11:20:06.817+05:30  WARN [inventory-service,,] 25372 --- [inventory-service] [ntainer#0-0-C-1] [                                                 ] org.apache.kafka.clients.NetworkClient   : [Consumer clientId=consumer-inventory-service-1, groupId=inventory-service] Connection to node -1 (localhost/127.0.0.1:9092) could not be established. Node may not be available.
2026-07-15T11:20:06.818+05:30  WARN [inventory-service,,] 25372 --- [inventory-service] [ntainer#0-0-C-1] [                                                 ] org.apache.kafka.clients.NetworkClient   : [Consumer clientId=consumer-inventory-service-1, groupId=inventory-service] Bootstrap broker localhost:9092 (id: -1 rack: null) disconnected
2026-07-15T11:20:06.942+05:30  INFO [inventory-service,,] 25372 --- [inventory-service] [ntainer#0-0-C-1] [                                                 ] org.apache.kafka.clients.NetworkClient   : [Consumer clientId=consumer-inventory-service-1, groupId=inventory-service] Node -1 disconnected.
2026-07-15T11:20:06.942+05:30  WARN [inventory-service,,] 25372 --- [inventory-service] [ntainer#0-0-C-1] [                                                 ] org.apache.kafka.clients.NetworkClient   : [Consumer clientId=consumer-inventory-service-1, groupId=inventory-service] Connection to node -1 (localhost/127.0.0.1:9092) could not be established. Node may not be available.
2026-07-15T11:20:06.942+05:30  WARN [inventory-service,,] 25372 --- [inventory-service] [ntainer#0-0-C-1] [                                                 ] org.apache.kafka.clients.NetworkClient   : [Consumer clientId=consumer-inventory-service-1, groupId=inventory-service] Bootstrap broker localhost:9092 (id: -1 rack: null) disconnected
2026-07-15T11:20:07.234+05:30  INFO [inventory-service,,] 25372 --- [inventory-service] [ntainer#0-0-C-1] [                                                 ] org.apache.kafka.clients.NetworkClient   : [Consumer clientId=consumer-inventory-service-1, groupId=inventory-service] Node -1 disconnected.
2026-07-15T11:20:07.234+05:30  WARN [inventory-service,,] 25372 --- [inventory-service] [ntainer#0-0-C-1] [                                                 ] org.apache.kafka.clients.NetworkClient   : [Consumer clientId=consumer-inventory-service-1, groupId=inventory-service] Connection to node -1 (localhost/127.0.0.1:9092) could not be established. Node may not be available.
2026-07-15T11:20:07.235+05:30  WARN [inventory-service,,] 25372 --- [inventory-service] [ntainer#0-0-C-1] [                                                 ] org.apache.kafka.clients.NetworkClient   : [Consumer clientId=consumer-inventory-service-1, groupId=inventory-service] Bootstrap broker localhost:9092 (id: -1 rack: null) disconnected
2026-07-15T11:20:07.603+05:30  INFO [inventory-service,,] 25372 --- [inventory-service] [ntainer#0-0-C-1] [                                                 ] org.apache.kafka.clients.NetworkClient   : [Consumer clientId=consumer-inventory-service-1, groupId=inventory-service] Node -1 disconnected.
2026-07-15T11:20:07.604+05:30  WARN [inventory-service,,] 25372 --- [inventory-service] [ntainer#0-0-C-1] [                                                 ] org.apache.kafka.clients.NetworkClient   : [Consumer clientId=consumer-inventory-service-1, groupId=inventory-service] Connection to node -1 (localhost/127.0.0.1:9092) could not be established. Node may not be available.
2026-07-15T11:20:07.604+05:30  WARN [inventory-service,,] 25372 --- [inventory-service] [ntainer#0-0-C-1] [                                                 ] org.apache.kafka.clients.NetworkClient   : [Consumer clientId=consumer-inventory-service-1, groupId=inventory-service] Bootstrap broker localhost:9092 (id: -1 rack: null) disconnected
2026-07-15T11:20:08.340+05:30  INFO [inventory-service,,] 25372 --- [inventory-service] [ntainer#0-0-C-1] [                                                 ] org.apache.kafka.clients.NetworkClient   : [Consumer clientId=consumer-inventory-service-1, groupId=inventory-service] Node -1 disconnected.
2026-07-15T11:20:08.341+05:30  WARN [inventory-service,,] 25372 --- [inventory-service] [ntainer#0-0-C-1] [                                                 ] org.apache.kafka.clients.NetworkClient   : [Consumer clientId=consumer-inventory-service-1, groupId=inventory-service] Connection to node -1 (localhost/127.0.0.1:9092) could not be established. Node may not be available.
2026-07-15T11:20:08.341+05:30  WARN [inventory-service,,] 25372 --- [inventory-service] [ntainer#0-0-C-1] [                                                 ] org.apache.kafka.clients.NetworkClient   : [Consumer clientId=consumer-inventory-service-1, groupId=inventory-service] Bootstrap broker localhost:9092 (id: -1 rack: null) disconnected
2026-07-15T11:20:09.401+05:30  INFO [inventory-service,,] 25372 --- [inventory-service] [ntainer#0-0-C-1] [                                                 ] org.apache.kafka.clients.NetworkClient   : [Consumer clientId=consumer-inventory-service-1, groupId=inventory-service] Node -1 disconnected.
2026-07-15T11:20:09.402+05:30  WARN [inventory-service,,] 25372 --- [inventory-service] [ntainer#0-0-C-1] [                                                 ] org.apache.kafka.clients.NetworkClient   : [Consumer clientId=consumer-inventory-service-1, groupId=inventory-service] Connection to node -1 (localhost/127.0.0.1:9092) could not be established. Node may not be available.
2026-07-15T11:20:09.402+05:30  WARN [inventory-service,,] 25372 --- [inventory-service] [ntainer#0-0-C-1] [                                                 ] org.apache.kafka.clients.NetworkClient   : [Consumer clientId=consumer-inventory-service-1, groupId=inventory-service] Bootstrap broker localhost:9092 (id: -1 rack: null) disconnected
2026-07-15T11:20:10.263+05:30  INFO [inventory-service,,] 25372 --- [inventory-service] [ntainer#0-0-C-1] [                                                 ] org.apache.kafka.clients.NetworkClient   : [Consumer clientId=consumer-inventory-service-1, groupId=inventory-service] Node -1 disconnected.
2026-07-15T11:20:10.264+05:30  WARN [inventory-service,,] 25372 --- [inventory-service] [ntainer#0-0-C-1] [                                                 ] org.apache.kafka.clients.NetworkClient   : [Consumer clientId=consumer-inventory-service-1, groupId=inventory-service] Connection to node -1 (localhost/127.0.0.1:9092) could not be established. Node may not be available.
2026-07-15T11:20:10.264+05:30  WARN [inventory-service,,] 25372 --- [inventory-service] [ntainer#0-0-C-1] [                                                 ] org.apache.kafka.clients.NetworkClient   : [Consumer clientId=consumer-inventory-service-1, groupId=inventory-service] Bootstrap broker localhost:9092 (id: -1 rack: null) disconnected
2026-07-15T11:20:11.211+05:30  INFO [inventory-service,,] 25372 --- [inventory-service] [ntainer#0-0-C-1] [                                                 ] org.apache.kafka.clients.NetworkClient   : [Consumer clientId=consumer-inventory-service-1, groupId=inventory-service] Node -1 disconnected.
2026-07-15T11:20:11.212+05:30  WARN [inventory-service,,] 25372 --- [inventory-service] [ntainer#0-0-C-1] [                                                 ] org.apache.kafka.clients.NetworkClient   : [Consumer clientId=consumer-inventory-service-1, groupId=inventory-service] Connection to node -1 (localhost/127.0.0.1:9092) could not be established. Node may not be available.
2026-07-15T11:20:11.212+05:30  WARN [inventory-service,,] 25372 --- [inventory-service] [ntainer#0-0-C-1] [                                                 ] org.apache.kafka.clients.NetworkClient   : [Consumer clientId=consumer-inventory-service-1, groupId=inventory-service] Bootstrap broker localhost:9092 (id: -1 rack: null) disconnected
2026-07-15T11:20:12.258+05:30  INFO [inventory-service,,] 25372 --- [inventory-service] [ntainer#0-0-C-1] [                                                 ] org.apache.kafka.clients.NetworkClient   : [Consumer clientId=consumer-inventory-service-1, groupId=inventory-service] Node -1 disconnected.
2026-07-15T11:20:12.258+05:30  WARN [inventory-service,,] 25372 --- [inventory-service] [ntainer#0-0-C-1] [                                                 ] org.apache.kafka.clients.NetworkClient   : [Consumer clientId=consumer-inventory-service-1, groupId=inventory-service] Connection to node -1 (localhost/127.0.0.1:9092) could not be established. Node may not be available.
2026-07-15T11:20:12.258+05:30  WARN [inventory-service,,] 25372 --- [inventory-service] [ntainer#0-0-C-1] [                                                 ] org.apache.kafka.clients.NetworkClient   : [Consumer clientId=consumer-inventory-service-1, groupId=inventory-service] Bootstrap broker localhost:9092 (id: -1 rack: null) disconnected
2026-07-15T11:20:13.134+05:30  INFO [inventory-service,,] 25372 --- [inventory-service] [ntainer#0-0-C-1] [                                                 ] org.apache.kafka.clients.NetworkClient   : [Consumer clientId=consumer-inventory-service-1, groupId=inventory-service] Node -1 disconnected.
2026-07-15T11:20:13.136+05:30  WARN [inventory-service,,] 25372 --- [inventory-service] [ntainer#0-0-C-1] [                                                 ] org.apache.kafka.clients.NetworkClient   : [Consumer clientId=consumer-inventory-service-1, groupId=inventory-service] Connection to node -1 (localhost/127.0.0.1:9092) could not be established. Node may not be available.
2026-07-15T11:20:13.137+05:30  WARN [inventory-service,,] 25372 --- [inventory-service] [ntainer#0-0-C-1] [                                                 ] org.apache.kafka.clients.NetworkClient   : [Consumer clientId=consumer-inventory-service-1, groupId=inventory-service] Bootstrap broker localhost:9092 (id: -1 rack: null) disconnected
2026-07-15T11:20:14.197+05:30  INFO [inventory-service,,] 25372 --- [inventory-service] [ntainer#0-0-C-1] [                                                 ] org.apache.kafka.clients.NetworkClient   : [Consumer clientId=consumer-inventory-service-1, groupId=inventory-service] Node -1 disconnected.
2026-07-15T11:20:14.197+05:30  WARN [inventory-service,,] 25372 --- [inventory-service] [ntainer#0-0-C-1] [                                                 ] org.apache.kafka.clients.NetworkClient   : [Consumer clientId=consumer-inventory-service-1, groupId=inventory-service] Connection to node -1 (localhost/127.0.0.1:9092) could not be established. Node may not be available.
2026-07-15T11:20:14.198+05:30  WARN [inventory-service,,] 25372 --- [inventory-service] [ntainer#0-0-C-1] [                                                 ] org.apache.kafka.clients.NetworkClient   : [Consumer clientId=consumer-inventory-service-1, groupId=inventory-service] Bootstrap broker localhost:9092 (id: -1 rack: null) disconnected
2026-07-15T11:20:15.210+05:30  INFO [inventory-service,,] 25372 --- [inventory-service] [ntainer#0-0-C-1] [                                                 ] org.apache.kafka.clients.NetworkClient   : [Consumer clientId=consumer-inventory-service-1, groupId=inventory-service] Node -1 disconnected.
2026-07-15T11:20:15.211+05:30  WARN [inventory-service,,] 25372 --- [inventory-service] [ntainer#0-0-C-1] [                                                 ] org.apache.kafka.clients.NetworkClient   : [Consumer clientId=consumer-inventory-service-1, groupId=inventory-service] Connection to node -1 (localhost/127.0.0.1:9092) could not be established. Node may not be available.
2026-07-15T11:20:15.211+05:30  WARN [inventory-service,,] 25372 --- [inventory-service] [ntainer#0-0-C-1] [                                                 ] org.apache.kafka.clients.NetworkClient   : [Consumer clientId=consumer-inventory-service-1, groupId=inventory-service] Bootstrap broker localhost:9092 (id: -1 rack: null) disconnected
2026-07-15T11:20:16.227+05:30  INFO [inventory-service,,] 25372 --- [inventory-service] [ntainer#0-0-C-1] [                                                 ] org.apache.kafka.clients.NetworkClient   : [Consumer clientId=consumer-inventory-service-1, groupId=inventory-service] Node -1 disconnected.
2026-07-15T11:20:16.227+05:30  WARN [inventory-service,,] 25372 --- [inventory-service] [ntainer#0-0-C-1] [                                                 ] org.apache.kafka.clients.NetworkClient   : [Consumer clientId=consumer-inventory-service-1, groupId=inventory-service] Connection to node -1 (localhost/127.0.0.1:9092) could not be established. Node may not be available.
2026-07-15T11:20:16.227+05:30  WARN [inventory-service,,] 25372 --- [inventory-service] [ntainer#0-0-C-1] [                                                 ] org.apache.kafka.clients.NetworkClient   : [Consumer clientId=consumer-inventory-service-1, groupId=inventory-service] Bootstrap broker localhost:9092 (id: -1 rack: null) disconnected
2026-07-15T11:20:17.160+05:30  INFO [inventory-service,,] 25372 --- [inventory-service] [ntainer#0-0-C-1] [                                                 ] org.apache.kafka.clients.NetworkClient   : [Consumer clientId=consumer-inventory-service-1, groupId=inventory-service] Node -1 disconnected.
2026-07-15T11:20:17.161+05:30  WARN [inventory-service,,] 25372 --- [inventory-service] [ntainer#0-0-C-1] [                                                 ] org.apache.kafka.clients.NetworkClient   : [Consumer clientId=consumer-inventory-service-1, groupId=inventory-service] Connection to node -1 (localhost/127.0.0.1:9092) could not be established. Node may not be available.
2026-07-15T11:20:17.161+05:30  WARN [inventory-service,,] 25372 --- [inventory-service] [ntainer#0-0-C-1] [                                                 ] org.apache.kafka.clients.NetworkClient   : [Consumer clientId=consumer-inventory-service-1, groupId=inventory-service] Bootstrap broker localhost:9092 (id: -1 rack: null) disconnected
2026-07-15T11:20:18.163+05:30  INFO [inventory-service,,] 25372 --- [inventory-service] [ntainer#0-0-C-1] [                                                 ] org.apache.kafka.clients.NetworkClient   : [Consumer clientId=consumer-inventory-service-1, groupId=inventory-service] Node -1 disconnected.
2026-07-15T11:20:18.163+05:30  WARN [inventory-service,,] 25372 --- [inventory-service] [ntainer#0-0-C-1] [                                                 ] org.apache.kafka.clients.NetworkClient   : [Consumer clientId=consumer-inventory-service-1, groupId=inventory-service] Connection to node -1 (localhost/127.0.0.1:9092) could not be established. Node may not be available.
2026-07-15T11:20:18.164+05:30  WARN [inventory-service,,] 25372 --- [inventory-service] [ntainer#0-0-C-1] [                                                 ] org.apache.kafka.clients.NetworkClient   : [Consumer clientId=consumer-inventory-service-1, groupId=inventory-service] Bootstrap broker localhost:9092 (id: -1 rack: null) disconnected
2026-07-15T11:20:19.043+05:30  INFO [inventory-service,,] 25372 --- [inventory-service] [ntainer#0-0-C-1] [                                                 ] org.apache.kafka.clients.NetworkClient   : [Consumer clientId=consumer-inventory-service-1, groupId=inventory-service] Node -1 disconnected.
2026-07-15T11:20:19.044+05:30  WARN [inventory-service,,] 25372 --- [inventory-service] [ntainer#0-0-C-1] [                                                 ] org.apache.kafka.clients.NetworkClient   : [Consumer clientId=consumer-inventory-service-1, groupId=inventory-service] Connection to node -1 (localhost/127.0.0.1:9092) could not be established. Node may not be available.
2026-07-15T11:20:19.044+05:30  WARN [inventory-service,,] 25372 --- [inventory-service] [ntainer#0-0-C-1] [                                                 ] org.apache.kafka.clients.NetworkClient   : [Consumer clientId=consumer-inventory-service-1, groupId=inventory-service] Bootstrap broker localhost:9092 (id: -1 rack: null) disconnected
2026-07-15T11:20:20.072+05:30  INFO [inventory-service,,] 25372 --- [inventory-service] [ntainer#0-0-C-1] [                                                 ] org.apache.kafka.clients.NetworkClient   : [Consumer clientId=consumer-inventory-service-1, groupId=inventory-service] Node -1 disconnected.
2026-07-15T11:20:20.073+05:30  WARN [inventory-service,,] 25372 --- [inventory-service] [ntainer#0-0-C-1] [                                                 ] org.apache.kafka.clients.NetworkClient   : [Consumer clientId=consumer-inventory-service-1, groupId=inventory-service] Connection to node -1 (localhost/127.0.0.1:9092) could not be established. Node may not be available.
2026-07-15T11:20:20.077+05:30  WARN [inventory-service,,] 25372 --- [inventory-service] [ntainer#0-0-C-1] [                                                 ] org.apache.kafka.clients.NetworkClient   : [Consumer clientId=consumer-inventory-service-1, groupId=inventory-service] Bootstrap broker localhost:9092 (id: -1 rack: null) disconnected
2026-07-15T11:20:21.124+05:30  INFO [inventory-service,,] 25372 --- [inventory-service] [ntainer#0-0-C-1] [                                                 ] org.apache.kafka.clients.NetworkClient   : [Consumer clientId=consumer-inventory-service-1, groupId=inventory-service] Node -1 disconnected.
2026-07-15T11:20:21.146+05:30  WARN [inventory-service,,] 25372 --- [inventory-service] [ntainer#0-0-C-1] [                                                 ] org.apache.kafka.clients.NetworkClient   : [Consumer clientId=consumer-inventory-service-1, groupId=inventory-service] Connection to node -1 (localhost/127.0.0.1:9092) could not be established. Node may not be available.
2026-07-15T11:20:21.147+05:30  WARN [inventory-service,,] 25372 --- [inventory-service] [ntainer#0-0-C-1] [                                                 ] org.apache.kafka.clients.NetworkClient   : [Consumer clientId=consumer-inventory-service-1, groupId=inventory-service] Bootstrap broker localhost:9092 (id: -1 rack: null) disconnected
2026-07-15T11:20:22.042+05:30  INFO [inventory-service,,] 25372 --- [inventory-service] [ntainer#0-0-C-1] [                                                 ] org.apache.kafka.clients.NetworkClient   : [Consumer clientId=consumer-inventory-service-1, groupId=inventory-service] Node -1 disconnected.
2026-07-15T11:20:22.078+05:30  WARN [inventory-service,,] 25372 --- [inventory-service] [ntainer#0-0-C-1] [                                                 ] org.apache.kafka.clients.NetworkClient   : [Consumer clientId=consumer-inventory-service-1, groupId=inventory-service] Connection to node -1 (localhost/127.0.0.1:9092) could not be established. Node may not be available.
2026-07-15T11:20:22.081+05:30  WARN [inventory-service,,] 25372 --- [inventory-service] [ntainer#0-0-C-1] [                                                 ] org.apache.kafka.clients.NetworkClient   : [Consumer clientId=consumer-inventory-service-1, groupId=inventory-service] Bootstrap broker localhost:9092 (id: -1 rack: null) disconnected
2026-07-15T11:20:23.034+05:30  INFO [inventory-service,,] 25372 --- [inventory-service] [ntainer#0-0-C-1] [                                                 ] org.apache.kafka.clients.NetworkClient   : [Consumer clientId=consumer-inventory-service-1, groupId=inventory-service] Node -1 disconnected.
2026-07-15T11:20:23.040+05:30  WARN [inventory-service,,] 25372 --- [inventory-service] [ntainer#0-0-C-1] [                                                 ] org.apache.kafka.clients.NetworkClient   : [Consumer clientId=consumer-inventory-service-1, groupId=inventory-service] Connection to node -1 (localhost/127.0.0.1:9092) could not be established. Node may not be available.
2026-07-15T11:20:23.050+05:30  WARN [inventory-service,,] 25372 --- [inventory-service] [ntainer#0-0-C-1] [                                                 ] org.apache.kafka.clients.NetworkClient   : [Consumer clientId=consumer-inventory-service-1, groupId=inventory-service] Bootstrap broker localhost:9092 (id: -1 rack: null) disconnected
2026-07-15T11:20:24.054+05:30  INFO [inventory-service,,] 25372 --- [inventory-service] [ntainer#0-0-C-1] [                                                 ] org.apache.kafka.clients.NetworkClient   : [Consumer clientId=consumer-inventory-service-1, groupId=inventory-service] Node -1 disconnected.
2026-07-15T11:20:24.055+05:30  WARN [inventory-service,,] 25372 --- [inventory-service] [ntainer#0-0-C-1] [                                                 ] org.apache.kafka.clients.NetworkClient   : [Consumer clientId=consumer-inventory-service-1, groupId=inventory-service] Connection to node -1 (localhost/127.0.0.1:9092) could not be established. Node may not be available.
2026-07-15T11:20:24.055+05:30  WARN [inventory-service,,] 25372 --- [inventory-service] [ntainer#0-0-C-1] [                                                 ] org.apache.kafka.clients.NetworkClient   : [Consumer clientId=consumer-inventory-service-1, groupId=inventory-service] Bootstrap broker localhost:9092 (id: -1 rack: null) disconnected
2026-07-15T11:20:25.006+05:30  INFO [inventory-service,,] 25372 --- [inventory-service] [nio-8085-exec-3] [                                                 ] o.a.c.c.C.[Tomcat].[localhost].[/]       : Initializing Spring DispatcherServlet 'dispatcherServlet'
2026-07-15T11:20:25.007+05:30  INFO [inventory-service,,] 25372 --- [inventory-service] [nio-8085-exec-3] [                                                 ] o.s.web.servlet.DispatcherServlet        : Initializing Servlet 'dispatcherServlet'
2026-07-15T11:20:25.027+05:30  INFO [inventory-service,,] 25372 --- [inventory-service] [nio-8085-exec-3] [                                                 ] o.s.web.servlet.DispatcherServlet        : Completed initialization in 19 ms
2026-07-15T11:20:25.069+05:30  INFO [inventory-service,,] 25372 --- [inventory-service] [ntainer#0-0-C-1] [                                                 ] org.apache.kafka.clients.NetworkClient   : [Consumer clientId=consumer-inventory-service-1, groupId=inventory-service] Node -1 disconnected.
2026-07-15T11:20:25.069+05:30  WARN [inventory-service,,] 25372 --- [inventory-service] [ntainer#0-0-C-1] [                                                 ] org.apache.kafka.clients.NetworkClient   : [Consumer clientId=consumer-inventory-service-1, groupId=inventory-service] Connection to node -1 (localhost/127.0.0.1:9092) could not be established. Node may not be available.
2026-07-15T11:20:25.071+05:30  WARN [inventory-service,,] 25372 --- [inventory-service] [ntainer#0-0-C-1] [                                                 ] org.apache.kafka.clients.NetworkClient   : [Consumer clientId=consumer-inventory-service-1, groupId=inventory-service] Bootstrap broker localhost:9092 (id: -1 rack: null) disconnected
2026-07-15T11:20:26.132+05:30  INFO [inventory-service,,] 25372 --- [inventory-service] [ntainer#0-0-C-1] [                                                 ] org.apache.kafka.clients.NetworkClient   : [Consumer clientId=consumer-inventory-service-1, groupId=inventory-service] Node -1 disconnected.
2026-07-15T11:20:26.133+05:30  WARN [inventory-service,,] 25372 --- [inventory-service] [ntainer#0-0-C-1] [                                                 ] org.apache.kafka.clients.NetworkClient   : [Consumer clientId=consumer-inventory-service-1, groupId=inventory-service] Connection to node -1 (localhost/127.0.0.1:9092) could not be established. Node may not be available.
2026-07-15T11:20:26.133+05:30  WARN [inventory-service,,] 25372 --- [inventory-service] [ntainer#0-0-C-1] [                                                 ] org.apache.kafka.clients.NetworkClient   : [Consumer clientId=consumer-inventory-service-1, groupId=inventory-service] Bootstrap broker localhost:9092 (id: -1 rack: null) disconnected
2026-07-15T11:20:27.149+05:30  INFO [inventory-service,,] 25372 --- [inventory-service] [ntainer#0-0-C-1] [                                                 ] org.apache.kafka.clients.NetworkClient   : [Consumer clientId=consumer-inventory-service-1, groupId=inventory-service] Node -1 disconnected.
2026-07-15T11:20:27.150+05:30  WARN [inventory-service,,] 25372 --- [inventory-service] [ntainer#0-0-C-1] [                                                 ] org.apache.kafka.clients.NetworkClient   : [Consumer clientId=consumer-inventory-service-1, groupId=inventory-service] Connection to node -1 (localhost/127.0.0.1:9092) could not be established. Node may not be available.
2026-07-15T11:20:27.150+05:30  WARN [inventory-service,,] 25372 --- [inventory-service] [ntainer#0-0-C-1] [                                                 ] org.apache.kafka.clients.NetworkClient   : [Consumer clientId=consumer-inventory-service-1, groupId=inventory-service] Bootstrap broker localhost:9092 (id: -1 rack: null) disconnected
2026-07-15T11:20:28.164+05:30  INFO [inventory-service,,] 25372 --- [inventory-service] [ntainer#0-0-C-1] [                                                 ] org.apache.kafka.clients.NetworkClient   : [Consumer clientId=consumer-inventory-service-1, groupId=inventory-service] Node -1 disconnected.
2026-07-15T11:20:28.164+05:30  WARN [inventory-service,,] 25372 --- [inventory-service] [ntainer#0-0-C-1] [                                                 ] org.apache.kafka.clients.NetworkClient   : [Consumer clientId=consumer-inventory-service-1, groupId=inventory-service] Connection to node -1 (localhost/127.0.0.1:9092) could not be established. Node may not be available.
2026-07-15T11:20:28.165+05:30  WARN [inventory-service,,] 25372 --- [inventory-service] [ntainer#0-0-C-1] [                                                 ] org.apache.kafka.clients.NetworkClient   : [Consumer clientId=consumer-inventory-service-1, groupId=inventory-service] Bootstrap broker localhost:9092 (id: -1 rack: null) disconnected
2026-07-15T11:20:29.050+05:30  INFO [inventory-service,,] 25372 --- [inventory-service] [ntainer#0-0-C-1] [                                                 ] org.apache.kafka.clients.NetworkClient   : [Consumer clientId=consumer-inventory-service-1, groupId=inventory-service] Node -1 disconnected.
2026-07-15T11:20:29.051+05:30  WARN [inventory-service,,] 25372 --- [inventory-service] [ntainer#0-0-C-1] [                                                 ] org.apache.kafka.clients.NetworkClient   : [Consumer clientId=consumer-inventory-service-1, groupId=inventory-service] Connection to node -1 (localhost/127.0.0.1:9092) could not be established. Node may not be available.
2026-07-15T11:20:29.052+05:30  WARN [inventory-service,,] 25372 --- [inventory-service] [ntainer#0-0-C-1] [                                                 ] org.apache.kafka.clients.NetworkClient   : [Consumer clientId=consumer-inventory-service-1, groupId=inventory-service] Bootstrap broker localhost:9092 (id: -1 rack: null) disconnected
2026-07-15T11:20:29.982+05:30  INFO [inventory-service,,] 25372 --- [inventory-service] [ntainer#0-0-C-1] [                                                 ] org.apache.kafka.clients.NetworkClient   : [Consumer clientId=consumer-inventory-service-1, groupId=inventory-service] Node -1 disconnected.
2026-07-15T11:20:29.983+05:30  WARN [inventory-service,,] 25372 --- [inventory-service] [ntainer#0-0-C-1] [                                                 ] org.apache.kafka.clients.NetworkClient   : [Consumer clientId=consumer-inventory-service-1, groupId=inventory-service] Connection to node -1 (localhost/127.0.0.1:9092) could not be established. Node may not be available.
2026-07-15T11:20:29.983+05:30  WARN [inventory-service,,] 25372 --- [inventory-service] [ntainer#0-0-C-1] [                                                 ] org.apache.kafka.clients.NetworkClient   : [Consumer clientId=consumer-inventory-service-1, groupId=inventory-service] Bootstrap broker localhost:9092 (id: -1 rack: null) disconnected
2026-07-15T11:20:30.827+05:30  INFO [inventory-service,,] 25372 --- [inventory-service] [ntainer#0-0-C-1] [                                                 ] org.apache.kafka.clients.NetworkClient   : [Consumer clientId=consumer-inventory-service-1, groupId=inventory-service] Node -1 disconnected.
2026-07-15T11:20:30.827+05:30  WARN [inventory-service,,] 25372 --- [inventory-service] [ntainer#0-0-C-1] [                                                 ] org.apache.kafka.clients.NetworkClient   : [Consumer clientId=consumer-inventory-service-1, groupId=inventory-service] Connection to node -1 (localhost/127.0.0.1:9092) could not be established. Node may not be available.
2026-07-15T11:20:30.828+05:30  WARN [inventory-service,,] 25372 --- [inventory-service] [ntainer#0-0-C-1] [                                                 ] org.apache.kafka.clients.NetworkClient   : [Consumer clientId=consumer-inventory-service-1, groupId=inventory-service] Bootstrap broker localhost:9092 (id: -1 rack: null) disconnected
2026-07-15T11:20:31.803+05:30  INFO [inventory-service,,] 25372 --- [inventory-service] [ntainer#0-0-C-1] [                                                 ] org.apache.kafka.clients.NetworkClient   : [Consumer clientId=consumer-inventory-service-1, groupId=inventory-service] Node -1 disconnected.
2026-07-15T11:20:31.804+05:30  WARN [inventory-service,,] 25372 --- [inventory-service] [ntainer#0-0-C-1] [                                                 ] org.apache.kafka.clients.NetworkClient   : [Consumer clientId=consumer-inventory-service-1, groupId=inventory-service] Connection to node -1 (localhost/127.0.0.1:9092) could not be established. Node may not be available.
2026-07-15T11:20:31.804+05:30  WARN [inventory-service,,] 25372 --- [inventory-service] [ntainer#0-0-C-1] [                                                 ] org.apache.kafka.clients.NetworkClient   : [Consumer clientId=consumer-inventory-service-1, groupId=inventory-service] Bootstrap broker localhost:9092 (id: -1 rack: null) disconnected
2026-07-15T11:20:32.612+05:30  INFO [inventory-service,,] 25372 --- [inventory-service] [ntainer#0-0-C-1] [                                                 ] org.apache.kafka.clients.NetworkClient   : [Consumer clientId=consumer-inventory-service-1, groupId=inventory-service] Node -1 disconnected.
2026-07-15T11:20:32.613+05:30  WARN [inventory-service,,] 25372 --- [inventory-service] [ntainer#0-0-C-1] [                                                 ] org.apache.kafka.clients.NetworkClient   : [Consumer clientId=consumer-inventory-service-1, groupId=inventory-service] Connection to node -1 (localhost/127.0.0.1:9092) could not be established. Node may not be available.
2026-07-15T11:20:32.613+05:30  WARN [inventory-service,,] 25372 --- [inventory-service] [ntainer#0-0-C-1] [                                                 ] org.apache.kafka.clients.NetworkClient   : [Consumer clientId=consumer-inventory-service-1, groupId=inventory-service] Bootstrap broker localhost:9092 (id: -1 rack: null) disconnected
2026-07-15T11:20:33.616+05:30  INFO [inventory-service,,] 25372 --- [inventory-service] [ntainer#0-0-C-1] [                                                 ] org.apache.kafka.clients.NetworkClient   : [Consumer clientId=consumer-inventory-service-1, groupId=inventory-service] Node -1 disconnected.
2026-07-15T11:20:33.616+05:30  WARN [inventory-service,,] 25372 --- [inventory-service] [ntainer#0-0-C-1] [                                                 ] org.apache.kafka.clients.NetworkClient   : [Consumer clientId=consumer-inventory-service-1, groupId=inventory-service] Connection to node -1 (localhost/127.0.0.1:9092) could not be established. Node may not be available.
2026-07-15T11:20:33.616+05:30  WARN [inventory-service,,] 25372 --- [inventory-service] [ntainer#0-0-C-1] [                                                 ] org.apache.kafka.clients.NetworkClient   : [Consumer clientId=consumer-inventory-service-1, groupId=inventory-service] Bootstrap broker localhost:9092 (id: -1 rack: null) disconnected
2026-07-15T11:20:34.502+05:30  INFO [inventory-service,,] 25372 --- [inventory-service] [ntainer#0-0-C-1] [                                                 ] org.apache.kafka.clients.NetworkClient   : [Consumer clientId=consumer-inventory-service-1, groupId=inventory-service] Node -1 disconnected.
2026-07-15T11:20:34.504+05:30  WARN [inventory-service,,] 25372 --- [inventory-service] [ntainer#0-0-C-1] [                                                 ] org.apache.kafka.clients.NetworkClient   : [Consumer clientId=consumer-inventory-service-1, groupId=inventory-service] Connection to node -1 (localhost/127.0.0.1:9092) could not be established. Node may not be available.
2026-07-15T11:20:34.507+05:30  WARN [inventory-service,,] 25372 --- [inventory-service] [ntainer#0-0-C-1] [                                                 ] org.apache.kafka.clients.NetworkClient   : [Consumer clientId=consumer-inventory-service-1, groupId=inventory-service] Bootstrap broker localhost:9092 (id: -1 rack: null) disconnected
2026-07-15T11:20:35.556+05:30  INFO [inventory-service,,] 25372 --- [inventory-service] [ntainer#0-0-C-1] [                                                 ] org.apache.kafka.clients.NetworkClient   : [Consumer clientId=consumer-inventory-service-1, groupId=inventory-service] Node -1 disconnected.
2026-07-15T11:20:35.557+05:30  WARN [inventory-service,,] 25372 --- [inventory-service] [ntainer#0-0-C-1] [                                                 ] org.apache.kafka.clients.NetworkClient   : [Consumer clientId=consumer-inventory-service-1, groupId=inventory-service] Connection to node -1 (localhost/127.0.0.1:9092) could not be established. Node may not be available.
2026-07-15T11:20:35.557+05:30  WARN [inventory-service,,] 25372 --- [inventory-service] [ntainer#0-0-C-1] [                                                 ] org.apache.kafka.clients.NetworkClient   : [Consumer clientId=consumer-inventory-service-1, groupId=inventory-service] Bootstrap broker localhost:9092 (id: -1 rack: null) disconnected
Hibernate: 
    select
        i1_0.id,
        i1_0.available_quantity,
        i1_0.created_at,
        i1_0.created_by,
        i1_0.current_quantity,
        i1_0.damaged_quantity,
        i1_0.last_movement_at,
        i1_0.product_id,
        i1_0.reserved_quantity,
        i1_0.status,
        i1_0.updated_at,
        i1_0.updated_by,
        i1_0.version,
        i1_0.warehouse_id 
    from
        inventories i1_0 
    order by
        i1_0.product_id 
    limit
        ?, ?
2026-07-15T11:20:36.607+05:30  INFO [inventory-service,,] 25372 --- [inventory-service] [ntainer#0-0-C-1] [                                                 ] org.apache.kafka.clients.NetworkClient   : [Consumer clientId=consumer-inventory-service-1, groupId=inventory-service] Node -1 disconnected.
2026-07-15T11:20:36.607+05:30  WARN [inventory-service,,] 25372 --- [inventory-service] [ntainer#0-0-C-1] [                                                 ] org.apache.kafka.clients.NetworkClient   : [Consumer clientId=consumer-inventory-service-1, groupId=inventory-service] Connection to node -1 (localhost/127.0.0.1:9092) could not be established. Node may not be available.
2026-07-15T11:20:36.607+05:30  WARN [inventory-service,,] 25372 --- [inventory-service] [ntainer#0-0-C-1] [                                                 ] org.apache.kafka.clients.NetworkClient   : [Consumer clientId=consumer-inventory-service-1, groupId=inventory-service] Bootstrap broker localhost:9092 (id: -1 rack: null) disconnected
2026-07-15T11:20:36.665+05:30  WARN [inventory-service,6a571fa8a0748f9fbf6f58b3b662530e,f8794e5570b7b427] 25372 --- [inventory-service] [nio-8085-exec-8] [6a571fa8a0748f9fbf6f58b3b662530e-f8794e5570b7b427] ration$PageModule$WarningLoggingModifier : Serializing PageImpl instances as-is is not supported, meaning that there is no guarantee about the stability of the resulting JSON structure!
	For a stable JSON structure, please use Spring Data's PagedModel (globally via @EnableSpringDataWebSupport(pageSerializationMode = VIA_DTO))
	or Spring HATEOAS and Spring Data's PagedResourcesAssembler as documented in https://docs.spring.io/spring-data/commons/reference/repositories/core-extensions.html#core.web.pageables.

Hibernate: 
    select
        i1_0.id,
        i1_0.available_quantity,
        i1_0.created_at,
        i1_0.created_by,
        i1_0.current_quantity,
        i1_0.damaged_quantity,
        i1_0.last_movement_at,
        i1_0.product_id,
        i1_0.reserved_quantity,
        i1_0.status,
        i1_0.updated_at,
        i1_0.updated_by,
        i1_0.version,
        i1_0.warehouse_id 
    from
        inventories i1_0 
    order by
        i1_0.product_id 
    limit
        ?, ?
Hibernate: 
    select
        i1_0.id,
        i1_0.available_quantity,
        i1_0.created_at,
        i1_0.created_by,
        i1_0.current_quantity,
        i1_0.damaged_quantity,
        i1_0.last_movement_at,
        i1_0.product_id,
        i1_0.reserved_quantity,
        i1_0.status,
        i1_0.updated_at,
        i1_0.updated_by,
        i1_0.version,
        i1_0.warehouse_id 
    from
        inventories i1_0 
    order by
        i1_0.product_id 
    limit
        ?, ?
2026-07-15T11:20:37.620+05:30  INFO [inventory-service,,] 25372 --- [inventory-service] [ntainer#0-0-C-1] [                                                 ] org.apache.kafka.clients.NetworkClient   : [Consumer clientId=consumer-inventory-service-1, groupId=inventory-service] Node -1 disconnected.
2026-07-15T11:20:37.621+05:30  WARN [inventory-service,,] 25372 --- [inventory-service] [ntainer#0-0-C-1] [                                                 ] org.apache.kafka.clients.NetworkClient   : [Consumer clientId=consumer-inventory-service-1, groupId=inventory-service] Connection to node -1 (localhost/127.0.0.1:9092) could not be established. Node may not be available.
2026-07-15T11:20:37.622+05:30  WARN [inventory-service,,] 25372 --- [inventory-service] [ntainer#0-0-C-1] [                                                 ] org.apache.kafka.clients.NetworkClient   : [Consumer clientId=consumer-inventory-service-1, groupId=inventory-service] Bootstrap broker localhost:9092 (id: -1 rack: null) disconnected
2026-07-15T11:20:38.588+05:30  INFO [inventory-service,,] 25372 --- [inventory-service] [ntainer#0-0-C-1] [                                                 ] org.apache.kafka.clients.NetworkClient   : [Consumer clientId=consumer-inventory-service-1, groupId=inventory-service] Node -1 disconnected.
2026-07-15T11:20:38.588+05:30  WARN [inventory-service,,] 25372 --- [inventory-service] [ntainer#0-0-C-1] [                                                 ] org.apache.kafka.clients.NetworkClient   : [Consumer clientId=consumer-inventory-service-1, groupId=inventory-service] Connection to node -1 (localhost/127.0.0.1:9092) could not be established. Node may not be available.
2026-07-15T11:20:38.589+05:30  WARN [inventory-service,,] 25372 --- [inventory-service] [ntainer#0-0-C-1] [                                                 ] org.apache.kafka.clients.NetworkClient   : [Consumer clientId=consumer-inventory-service-1, groupId=inventory-service] Bootstrap broker localhost:9092 (id: -1 rack: null) disconnected
Hibernate: 
    select
        i1_0.id,
        i1_0.available_quantity,
        i1_0.created_at,
        i1_0.created_by,
        i1_0.current_quantity,
        i1_0.damaged_quantity,
        i1_0.last_movement_at,
        i1_0.product_id,
        i1_0.reserved_quantity,
        i1_0.status,
        i1_0.updated_at,
        i1_0.updated_by,
        i1_0.version,
        i1_0.warehouse_id 
    from
        inventories i1_0 
    order by
        i1_0.product_id 
    limit
        ?, ?
2026-07-15T11:20:39.624+05:30  INFO [inventory-service,,] 25372 --- [inventory-service] [ntainer#0-0-C-1] [                                                 ] org.apache.kafka.clients.NetworkClient   : [Consumer clientId=consumer-inventory-service-1, groupId=inventory-service] Node -1 disconnected.
2026-07-15T11:20:39.624+05:30  WARN [inventory-service,,] 25372 --- [inventory-service] [ntainer#0-0-C-1] [                                                 ] org.apache.kafka.clients.NetworkClient   : [Consumer clientId=consumer-inventory-service-1, groupId=inventory-service] Connection to node -1 (localhost/127.0.0.1:9092) could not be established. Node may not be available.
2026-07-15T11:20:39.625+05:30  WARN [inventory-service,,] 25372 --- [inventory-service] [ntainer#0-0-C-1] [                                                 ] org.apache.kafka.clients.NetworkClient   : [Consumer clientId=consumer-inventory-service-1, groupId=inventory-service] Bootstrap broker localhost:9092 (id: -1 rack: null) disconnected
2026-07-15T11:20:40.559+05:30  INFO [inventory-service,,] 25372 --- [inventory-service] [ntainer#0-0-C-1] [                                                 ] org.apache.kafka.clients.NetworkClient   : [Consumer clientId=consumer-inventory-service-1, groupId=inventory-service] Node -1 disconnected.
2026-07-15T11:20:40.559+05:30  WARN [inventory-service,,] 25372 --- [inventory-service] [ntainer#0-0-C-1] [                                                 ] org.apache.kafka.clients.NetworkClient   : [Consumer clientId=consumer-inventory-service-1, groupId=inventory-service] Connection to node -1 (localhost/127.0.0.1:9092) could not be established. Node may not be available.
2026-07-15T11:20:40.561+05:30  WARN [inventory-service,,] 25372 --- [inventory-service] [ntainer#0-0-C-1] [                                                 ] org.apache.kafka.clients.NetworkClient   : [Consumer clientId=consumer-inventory-service-1, groupId=inventory-service] Bootstrap broker localhost:9092 (id: -1 rack: null) disconnected
2026-07-15T11:20:41.602+05:30  INFO [inventory-service,,] 25372 --- [inventory-service] [ntainer#0-0-C-1] [                                                 ] org.apache.kafka.clients.NetworkClient   : [Consumer clientId=consumer-inventory-service-1, groupId=inventory-service] Node -1 disconnected.
2026-07-15T11:20:41.603+05:30  WARN [inventory-service,,] 25372 --- [inventory-service] [ntainer#0-0-C-1] [                                                 ] org.apache.kafka.clients.NetworkClient   : [Consumer clientId=consumer-inventory-service-1, groupId=inventory-service] Connection to node -1 (localhost/127.0.0.1:9092) could not be established. Node may not be available.
2026-07-15T11:20:41.603+05:30  WARN [inventory-service,,] 25372 --- [inventory-service] [ntainer#0-0-C-1] [                                                 ] org.apache.kafka.clients.NetworkClient   : [Consumer clientId=consumer-inventory-service-1, groupId=inventory-service] Bootstrap broker localhost:9092 (id: -1 rack: null) disconnected
2026-07-15T11:20:42.607+05:30  INFO [inventory-service,,] 25372 --- [inventory-service] [ntainer#0-0-C-1] [                                                 ] org.apache.kafka.clients.NetworkClient   : [Consumer clientId=consumer-inventory-service-1, groupId=inventory-service] Node -1 disconnected.
2026-07-15T11:20:42.608+05:30  WARN [inventory-service,,] 25372 --- [inventory-service] [ntainer#0-0-C-1] [                                                 ] org.apache.kafka.clients.NetworkClient   : [Consumer clientId=consumer-inventory-service-1, groupId=inventory-service] Connection to node -1 (localhost/127.0.0.1:9092) could not be established. Node may not be available.
2026-07-15T11:20:42.608+05:30  WARN [inventory-service,,] 25372 --- [inventory-service] [ntainer#0-0-C-1] [                                                 ] org.apache.kafka.clients.NetworkClient   : [Consumer clientId=consumer-inventory-service-1, groupId=inventory-service] Bootstrap broker localhost:9092 (id: -1 rack: null) disconnected
