Picked up JAVA_TOOL_OPTIONS: -Dfile.encoding=UTF-8
[INFO] Scanning for projects...
[INFO] 
[INFO] -------------------< com.inventory:movement-service >-------------------
[INFO] Building movement-service 0.0.1-SNAPSHOT
[INFO]   from pom.xml
[INFO] --------------------------------[ jar ]---------------------------------
[INFO] 
[INFO] >>> spring-boot:3.5.16:run (default-cli) > test-compile @ movement-service >>>
[INFO] 
[INFO] --- resources:3.3.1:resources (default-resources) @ movement-service ---
[INFO] Copying 1 resource from src\main\resources to target\classes
[INFO] Copying 0 resource from src\main\resources to target\classes
[INFO] 
[INFO] --- compiler:3.14.1:compile (default-compile) @ movement-service ---
[INFO] Nothing to compile - all classes are up to date.
[INFO] 
[INFO] --- resources:3.3.1:testResources (default-testResources) @ movement-service ---
[INFO] skip non existing resourceDirectory C:\Users\CHAKRADHARBATTULA\Desktop\inventory-management-test\movement-service\src\test\resources
[INFO] 
[INFO] --- compiler:3.14.1:testCompile (default-testCompile) @ movement-service ---
[INFO] Nothing to compile - all classes are up to date.
[INFO] 
[INFO] <<< spring-boot:3.5.16:run (default-cli) < test-compile @ movement-service <<<
[INFO] 
[INFO] 
[INFO] --- spring-boot:3.5.16:run (default-cli) @ movement-service ---
[INFO] Attaching agents: []
Picked up JAVA_TOOL_OPTIONS: -Dfile.encoding=UTF-8

  .   ____          _            __ _ _
 /\\ / ___'_ __ _ _(_)_ __  __ _ \ \ \ \
( ( )\___ | '_ | '_| | '_ \/ _` | \ \ \ \
 \\/  ___)| |_)| | | | | || (_| |  ) ) ) )
  '  |____| .__|_| |_|_| |_\__, | / / / /
 =========|_|==============|___/=/_/_/_/

 :: Spring Boot ::               (v3.5.16)

2026-07-14T21:04:08.366+05:30  INFO [movement-service,,] 27312 --- [movement-service] [  restartedMain] [                                                 ] c.i.m.MovementServiceApplication         : Starting MovementServiceApplication using Java 25.0.1 with PID 27312 (C:\Users\CHAKRADHARBATTULA\Desktop\inventory-management-test\movement-service\target\classes started by CHAKRADHARBATTULA in C:\Users\CHAKRADHARBATTULA\Desktop\inventory-management-test\movement-service)
2026-07-14T21:04:08.392+05:30  INFO [movement-service,,] 27312 --- [movement-service] [  restartedMain] [                                                 ] c.i.m.MovementServiceApplication         : The following 1 profile is active: "default"
2026-07-14T21:04:08.621+05:30  INFO [movement-service,,] 27312 --- [movement-service] [  restartedMain] [                                                 ] o.s.c.c.c.ConfigServerConfigDataLoader   : Fetching config from server at : http://localhost:8888
2026-07-14T21:04:08.622+05:30  INFO [movement-service,,] 27312 --- [movement-service] [  restartedMain] [                                                 ] o.s.c.c.c.ConfigServerConfigDataLoader   : Located environment: name=movement-service, profiles=[default], label=null, version=null, state=null
2026-07-14T21:04:08.626+05:30  INFO [movement-service,,] 27312 --- [movement-service] [  restartedMain] [                                                 ] .e.DevToolsPropertyDefaultsPostProcessor : Devtools property defaults active! Set 'spring.devtools.add-properties' to 'false' to disable
2026-07-14T21:04:08.626+05:30  INFO [movement-service,,] 27312 --- [movement-service] [  restartedMain] [                                                 ] .e.DevToolsPropertyDefaultsPostProcessor : For additional web related logging consider setting the 'logging.level.web' property to 'DEBUG'
2026-07-14T21:04:13.854+05:30 DEBUG [movement-service,,] 27312 --- [movement-service] [  restartedMain] [                                                 ] i.g.r.s.u.RxJava2OnClasspathCondition    : RxJava2 related Aspect extensions are not activated, because RxJava2 is not on the classpath.
2026-07-14T21:04:13.859+05:30 DEBUG [movement-service,,] 27312 --- [movement-service] [  restartedMain] [                                                 ] i.g.r.s.u.ReactorOnClasspathCondition    : Reactor related Aspect extensions are not activated because Resilience4j Reactor module is not on the classpath.
2026-07-14T21:04:13.885+05:30 DEBUG [movement-service,,] 27312 --- [movement-service] [  restartedMain] [                                                 ] i.g.r.s.u.RxJava2OnClasspathCondition    : RxJava2 related Aspect extensions are not activated, because RxJava2 is not on the classpath.
2026-07-14T21:04:13.889+05:30 DEBUG [movement-service,,] 27312 --- [movement-service] [  restartedMain] [                                                 ] i.g.r.s.u.ReactorOnClasspathCondition    : Reactor related Aspect extensions are not activated because Resilience4j Reactor module is not on the classpath.
2026-07-14T21:04:14.123+05:30 DEBUG [movement-service,,] 27312 --- [movement-service] [  restartedMain] [                                                 ] i.g.r.s.u.RxJava2OnClasspathCondition    : RxJava2 related Aspect extensions are not activated, because RxJava2 is not on the classpath.
2026-07-14T21:04:14.123+05:30 DEBUG [movement-service,,] 27312 --- [movement-service] [  restartedMain] [                                                 ] i.g.r.s.u.ReactorOnClasspathCondition    : Reactor related Aspect extensions are not activated because Resilience4j Reactor module is not on the classpath.
2026-07-14T21:04:14.175+05:30 DEBUG [movement-service,,] 27312 --- [movement-service] [  restartedMain] [                                                 ] i.g.r.s.u.RxJava2OnClasspathCondition    : RxJava2 related Aspect extensions are not activated, because RxJava2 is not on the classpath.
2026-07-14T21:04:14.176+05:30 DEBUG [movement-service,,] 27312 --- [movement-service] [  restartedMain] [                                                 ] i.g.r.s.u.ReactorOnClasspathCondition    : Reactor related Aspect extensions are not activated because Resilience4j Reactor module is not on the classpath.
2026-07-14T21:04:14.230+05:30 DEBUG [movement-service,,] 27312 --- [movement-service] [  restartedMain] [                                                 ] i.g.r.s.u.RxJava2OnClasspathCondition    : RxJava2 related Aspect extensions are not activated, because RxJava2 is not on the classpath.
2026-07-14T21:04:14.232+05:30 DEBUG [movement-service,,] 27312 --- [movement-service] [  restartedMain] [                                                 ] i.g.r.s.u.ReactorOnClasspathCondition    : Reactor related Aspect extensions are not activated because Resilience4j Reactor module is not on the classpath.
2026-07-14T21:04:14.282+05:30 DEBUG [movement-service,,] 27312 --- [movement-service] [  restartedMain] [                                                 ] i.g.r.s.u.RxJava2OnClasspathCondition    : RxJava2 related Aspect extensions are not activated, because RxJava2 is not on the classpath.
2026-07-14T21:04:14.283+05:30 DEBUG [movement-service,,] 27312 --- [movement-service] [  restartedMain] [                                                 ] i.g.r.s.u.ReactorOnClasspathCondition    : Reactor related Aspect extensions are not activated because Resilience4j Reactor module is not on the classpath.
2026-07-14T21:04:14.344+05:30 DEBUG [movement-service,,] 27312 --- [movement-service] [  restartedMain] [                                                 ] i.g.r.s.u.RxJava2OnClasspathCondition    : RxJava2 related Aspect extensions are not activated, because RxJava2 is not on the classpath.
2026-07-14T21:04:14.345+05:30 DEBUG [movement-service,,] 27312 --- [movement-service] [  restartedMain] [                                                 ] i.g.r.s.u.ReactorOnClasspathCondition    : Reactor related Aspect extensions are not activated because Resilience4j Reactor module is not on the classpath.
2026-07-14T21:04:15.705+05:30  INFO [movement-service,,] 27312 --- [movement-service] [  restartedMain] [                                                 ] .s.d.r.c.RepositoryConfigurationDelegate : Bootstrapping Spring Data JPA repositories in DEFAULT mode.
2026-07-14T21:04:16.233+05:30  INFO [movement-service,,] 27312 --- [movement-service] [  restartedMain] [                                                 ] .s.d.r.c.RepositoryConfigurationDelegate : Finished Spring Data repository scanning in 487 ms. Found 2 JPA repository interfaces.
2026-07-14T21:04:17.819+05:30  INFO [movement-service,,] 27312 --- [movement-service] [  restartedMain] [                                                 ] o.s.cloud.context.scope.GenericScope     : BeanFactory id=3a93f794-bf54-3564-8668-badbd0e0bcc9
2026-07-14T21:04:20.977+05:30  INFO [movement-service,,] 27312 --- [movement-service] [  restartedMain] [                                                 ] o.s.b.w.embedded.tomcat.TomcatWebServer  : Tomcat initialized with port 8084 (http)
2026-07-14T21:04:21.022+05:30  INFO [movement-service,,] 27312 --- [movement-service] [  restartedMain] [                                                 ] o.apache.catalina.core.StandardService   : Starting service [Tomcat]
2026-07-14T21:04:21.024+05:30  INFO [movement-service,,] 27312 --- [movement-service] [  restartedMain] [                                                 ] o.apache.catalina.core.StandardEngine    : Starting Servlet engine: [Apache Tomcat/10.1.55]
2026-07-14T21:04:21.220+05:30  INFO [movement-service,,] 27312 --- [movement-service] [  restartedMain] [                                                 ] o.a.c.c.C.[Tomcat].[localhost].[/]       : Initializing Spring embedded WebApplicationContext
2026-07-14T21:04:21.222+05:30  INFO [movement-service,,] 27312 --- [movement-service] [  restartedMain] [                                                 ] w.s.c.ServletWebServerApplicationContext : Root WebApplicationContext: initialization completed in 12593 ms
2026-07-14T21:04:24.310+05:30  INFO [movement-service,,] 27312 --- [movement-service] [  restartedMain] [                                                 ] o.hibernate.jpa.internal.util.LogHelper  : HHH000204: Processing PersistenceUnitInfo [name: default]
2026-07-14T21:04:24.471+05:30  INFO [movement-service,,] 27312 --- [movement-service] [  restartedMain] [                                                 ] org.hibernate.Version                    : HHH000412: Hibernate ORM core version 6.6.53.Final
2026-07-14T21:04:24.572+05:30  INFO [movement-service,,] 27312 --- [movement-service] [  restartedMain] [                                                 ] o.h.c.internal.RegionFactoryInitiator    : HHH000026: Second-level cache disabled
2026-07-14T21:04:25.323+05:30  INFO [movement-service,,] 27312 --- [movement-service] [  restartedMain] [                                                 ] o.s.o.j.p.SpringPersistenceUnitInfo      : No LoadTimeWeaver setup: ignoring JPA class transformer
2026-07-14T21:04:25.417+05:30  INFO [movement-service,,] 27312 --- [movement-service] [  restartedMain] [                                                 ] com.zaxxer.hikari.HikariDataSource       : HikariPool-1 - Starting...
2026-07-15T11:19:35.044+05:30  INFO [movement-service,,] 27312 --- [movement-service] [  restartedMain] [                                                 ] com.zaxxer.hikari.pool.HikariPool        : HikariPool-1 - Added connection com.mysql.cj.jdbc.ConnectionImpl@6011830e
2026-07-15T11:19:35.048+05:30  INFO [movement-service,,] 27312 --- [movement-service] [  restartedMain] [                                                 ] com.zaxxer.hikari.HikariDataSource       : HikariPool-1 - Start completed.
2026-07-15T11:19:35.989+05:30  INFO [movement-service,,] 27312 --- [movement-service] [  restartedMain] [                                                 ] org.hibernate.orm.connections.pooling    : HHH10001005: Database info:
	Database JDBC URL [Connecting through datasource 'HikariDataSource (HikariPool-1)']
	Database driver: undefined/unknown
	Database version: 8.0.43
	Autocommit mode: undefined/unknown
	Isolation level: undefined/unknown
	Minimum pool size: undefined/unknown
	Maximum pool size: undefined/unknown
2026-07-15T11:19:39.485+05:30  INFO [movement-service,,] 27312 --- [movement-service] [  restartedMain] [                                                 ] o.h.e.t.j.p.i.JtaPlatformInitiator       : HHH000489: No JTA platform available (set 'hibernate.transaction.jta.platform' to enable JTA platform integration)
2026-07-15T11:19:39.929+05:30  INFO [movement-service,,] 27312 --- [movement-service] [  restartedMain] [                                                 ] j.LocalContainerEntityManagerFactoryBean : Initialized JPA EntityManagerFactory for persistence unit 'default'
2026-07-15T11:19:42.740+05:30  WARN [movement-service,,] 27312 --- [movement-service] [  restartedMain] [                                                 ] JpaBaseConfiguration$JpaWebConfiguration : spring.jpa.open-in-view is enabled by default. Therefore, database queries may be performed during view rendering. Explicitly configure spring.jpa.open-in-view to disable this warning
2026-07-15T11:19:43.448+05:30  WARN [movement-service,,] 27312 --- [movement-service] [  restartedMain] [                                                 ] o.s.b.d.a.OptionalLiveReloadServer       : Unable to start LiveReload server
2026-07-15T11:19:49.955+05:30  INFO [movement-service,,] 27312 --- [movement-service] [  restartedMain] [                                                 ] o.s.b.a.e.web.EndpointLinksResolver      : Exposing 29 endpoints beneath base path '/actuator'
2026-07-15T11:19:50.533+05:30  WARN [movement-service,,] 27312 --- [movement-service] [  restartedMain] [                                                 ] .s.s.UserDetailsServiceAutoConfiguration : 

Using generated security password: 274b3e7e-a55d-4f49-9e22-5e57bba474b3

This generated password is for development use only. Your security configuration must be updated before running your application in production.

2026-07-15T11:19:50.643+05:30  INFO [movement-service,,] 27312 --- [movement-service] [  restartedMain] [                                                 ] r$InitializeUserDetailsManagerConfigurer : Global AuthenticationManager configured with UserDetailsService bean with name inMemoryUserDetailsManager
2026-07-15T11:19:57.704+05:30  INFO [movement-service,,] 27312 --- [movement-service] [  restartedMain] [                                                 ] DiscoveryClientOptionalArgsConfiguration : Eureka HTTP Client uses RestTemplate.
2026-07-15T11:19:57.935+05:30  WARN [movement-service,,] 27312 --- [movement-service] [  restartedMain] [                                                 ] iguration$LoadBalancerCaffeineWarnLogger : Spring Cloud LoadBalancer is currently working with the default cache. While this cache implementation is useful for development and tests, it's recommended to use Caffeine cache in production.You can switch to using Caffeine cache, by adding it and org.springframework.cache.caffeine.CaffeineCacheManager to the classpath.
2026-07-15T11:19:58.467+05:30  INFO [movement-service,,] 27312 --- [movement-service] [  restartedMain] [                                                 ] o.s.c.n.eureka.InstanceInfoFactory       : Setting initial instance status as: STARTING
2026-07-15T11:19:58.574+05:30  INFO [movement-service,,] 27312 --- [movement-service] [  restartedMain] [                                                 ] com.netflix.discovery.DiscoveryClient    : Initializing Eureka in region us-east-1
2026-07-15T11:19:58.585+05:30  INFO [movement-service,,] 27312 --- [movement-service] [  restartedMain] [                                                 ] c.n.d.s.r.aws.ConfigClusterResolver      : Resolving eureka endpoints via configuration
2026-07-15T11:19:58.615+05:30  INFO [movement-service,,] 27312 --- [movement-service] [  restartedMain] [                                                 ] com.netflix.discovery.DiscoveryClient    : Disable delta property : false
2026-07-15T11:19:58.615+05:30  INFO [movement-service,,] 27312 --- [movement-service] [  restartedMain] [                                                 ] com.netflix.discovery.DiscoveryClient    : Single vip registry refresh property : null
2026-07-15T11:19:58.615+05:30  INFO [movement-service,,] 27312 --- [movement-service] [  restartedMain] [                                                 ] com.netflix.discovery.DiscoveryClient    : Force full registry fetch : false
2026-07-15T11:19:58.615+05:30  INFO [movement-service,,] 27312 --- [movement-service] [  restartedMain] [                                                 ] com.netflix.discovery.DiscoveryClient    : Application is null : false
2026-07-15T11:19:58.616+05:30  INFO [movement-service,,] 27312 --- [movement-service] [  restartedMain] [                                                 ] com.netflix.discovery.DiscoveryClient    : Registered Applications size is zero : true
2026-07-15T11:19:58.616+05:30  INFO [movement-service,,] 27312 --- [movement-service] [  restartedMain] [                                                 ] com.netflix.discovery.DiscoveryClient    : Application version is -1: true
2026-07-15T11:19:58.616+05:30  INFO [movement-service,,] 27312 --- [movement-service] [  restartedMain] [                                                 ] com.netflix.discovery.DiscoveryClient    : Getting all instance registry info from the eureka server
2026-07-15T11:19:59.416+05:30  INFO [movement-service,,] 27312 --- [movement-service] [  restartedMain] [                                                 ] com.netflix.discovery.DiscoveryClient    : The response status is 200
2026-07-15T11:19:59.420+05:30  INFO [movement-service,,] 27312 --- [movement-service] [  restartedMain] [                                                 ] com.netflix.discovery.DiscoveryClient    : Starting heartbeat executor: renew interval is: 30
2026-07-15T11:19:59.446+05:30  INFO [movement-service,,] 27312 --- [movement-service] [  restartedMain] [                                                 ] c.n.discovery.InstanceInfoReplicator     : InstanceInfoReplicator onDemand update allowed rate per min is 4
2026-07-15T11:19:59.485+05:30  INFO [movement-service,,] 27312 --- [movement-service] [  restartedMain] [                                                 ] com.netflix.discovery.DiscoveryClient    : Discovery Client initialized at timestamp 1784094599468 with initial instances count: 3
2026-07-15T11:19:59.566+05:30  INFO [movement-service,,] 27312 --- [movement-service] [  restartedMain] [                                                 ] o.s.c.n.e.s.EurekaServiceRegistry        : Registering application MOVEMENT-SERVICE with eureka with status UP
2026-07-15T11:19:59.569+05:30  INFO [movement-service,,] 27312 --- [movement-service] [  restartedMain] [                                                 ] com.netflix.discovery.DiscoveryClient    : Saw local status change event StatusChangeEvent [timestamp=1784094599569, current=UP, previous=STARTING]
2026-07-15T11:19:59.581+05:30  INFO [movement-service,,] 27312 --- [movement-service] [foReplicator-%d] [                                                 ] com.netflix.discovery.DiscoveryClient    : DiscoveryClient_MOVEMENT-SERVICE/HDLCAMPUS15253:movement-service:8084: registering service...
2026-07-15T11:19:59.703+05:30  INFO [movement-service,,] 27312 --- [movement-service] [  restartedMain] [                                                 ] o.s.b.w.embedded.tomcat.TomcatWebServer  : Tomcat started on port 8084 (http) with context path '/'
2026-07-15T11:19:59.705+05:30  INFO [movement-service,,] 27312 --- [movement-service] [  restartedMain] [                                                 ] .s.c.n.e.s.EurekaAutoServiceRegistration : Updating port to 8084
2026-07-15T11:19:59.829+05:30  INFO [movement-service,,] 27312 --- [movement-service] [foReplicator-%d] [                                                 ] com.netflix.discovery.DiscoveryClient    : DiscoveryClient_MOVEMENT-SERVICE/HDLCAMPUS15253:movement-service:8084 - registration status: 204
2026-07-15T11:19:59.917+05:30  INFO [movement-service,,] 27312 --- [movement-service] [  restartedMain] [                                                 ] o.a.k.clients.consumer.ConsumerConfig    : ConsumerConfig values: 
	allow.auto.create.topics = true
	auto.commit.interval.ms = 5000
	auto.include.jmx.reporter = true
	auto.offset.reset = latest
	bootstrap.servers = [localhost:9092]
	check.crcs = true
	client.dns.lookup = use_all_dns_ips
	client.id = consumer-movement-service-1
	client.rack = 
	connections.max.idle.ms = 540000
	default.api.timeout.ms = 60000
	enable.auto.commit = false
	enable.metrics.push = true
	exclude.internal.topics = true
	fetch.max.bytes = 52428800
	fetch.max.wait.ms = 500
	fetch.min.bytes = 1
	group.id = movement-service
	group.instance.id = null
	group.protocol = classic
	group.remote.assignor = null
	heartbeat.interval.ms = 3000
	interceptor.classes = []
	internal.leave.group.on.close = true
	internal.throw.on.fetch.stable.offset.unsupported = false
	isolation.level = read_uncommitted
	key.deserializer = class org.apache.kafka.common.serialization.StringDeserializer
	max.partition.fetch.bytes = 1048576
	max.poll.interval.ms = 300000
	max.poll.records = 500
	metadata.max.age.ms = 300000
	metadata.recovery.strategy = none
	metric.reporters = []
	metrics.num.samples = 2
	metrics.recording.level = INFO
	metrics.sample.window.ms = 30000
	partition.assignment.strategy = [class org.apache.kafka.clients.consumer.RangeAssignor, class org.apache.kafka.clients.consumer.CooperativeStickyAssignor]
	receive.buffer.bytes = 65536
	reconnect.backoff.max.ms = 1000
	reconnect.backoff.ms = 50
	request.timeout.ms = 30000
	retry.backoff.max.ms = 1000
	retry.backoff.ms = 100
	sasl.client.callback.handler.class = null
	sasl.jaas.config = null
	sasl.kerberos.kinit.cmd = /usr/bin/kinit
	sasl.kerberos.min.time.before.relogin = 60000
	sasl.kerberos.service.name = null
	sasl.kerberos.ticket.renew.jitter = 0.05
	sasl.kerberos.ticket.renew.window.factor = 0.8
	sasl.login.callback.handler.class = null
	sasl.login.class = null
	sasl.login.connect.timeout.ms = null
	sasl.login.read.timeout.ms = null
	sasl.login.refresh.buffer.seconds = 300
	sasl.login.refresh.min.period.seconds = 60
	sasl.login.refresh.window.factor = 0.8
	sasl.login.refresh.window.jitter = 0.05
	sasl.login.retry.backoff.max.ms = 10000
	sasl.login.retry.backoff.ms = 100
	sasl.mechanism = GSSAPI
	sasl.oauthbearer.clock.skew.seconds = 30
	sasl.oauthbearer.expected.audience = null
	sasl.oauthbearer.expected.issuer = null
	sasl.oauthbearer.header.urlencode = false
	sasl.oauthbearer.jwks.endpoint.refresh.ms = 3600000
	sasl.oauthbearer.jwks.endpoint.retry.backoff.max.ms = 10000
	sasl.oauthbearer.jwks.endpoint.retry.backoff.ms = 100
	sasl.oauthbearer.jwks.endpoint.url = null
	sasl.oauthbearer.scope.claim.name = scope
	sasl.oauthbearer.sub.claim.name = sub
	sasl.oauthbearer.token.endpoint.url = null
	security.protocol = PLAINTEXT
	security.providers = null
	send.buffer.bytes = 131072
	session.timeout.ms = 45000
	socket.connection.setup.timeout.max.ms = 30000
	socket.connection.setup.timeout.ms = 10000
	ssl.cipher.suites = null
	ssl.enabled.protocols = [TLSv1.2, TLSv1.3]
	ssl.endpoint.identification.algorithm = https
	ssl.engine.factory.class = null
	ssl.key.password = null
	ssl.keymanager.algorithm = SunX509
	ssl.keystore.certificate.chain = null
	ssl.keystore.key = null
	ssl.keystore.location = null
	ssl.keystore.password = null
	ssl.keystore.type = JKS
	ssl.protocol = TLSv1.3
	ssl.provider = null
	ssl.secure.random.implementation = null
	ssl.trustmanager.algorithm = PKIX
	ssl.truststore.certificates = null
	ssl.truststore.location = null
	ssl.truststore.password = null
	ssl.truststore.type = JKS
	value.deserializer = class org.springframework.kafka.support.serializer.JsonDeserializer

2026-07-15T11:20:00.169+05:30  INFO [movement-service,,] 27312 --- [movement-service] [  restartedMain] [                                                 ] o.a.k.c.t.i.KafkaMetricsCollector        : initializing Kafka metrics collector
2026-07-15T11:20:01.663+05:30  WARN [movement-service,,] 27312 --- [movement-service] [/api/v2/spans}}] [                                                 ] z.r.i.AsyncReporter$BoundedAsyncReporter : Spans were dropped due to exceptions. All subsequent errors will be logged at FINE level.
2026-07-15T11:20:01.664+05:30  WARN [movement-service,,] 27312 --- [movement-service] [/api/v2/spans}}] [                                                 ] z.r.i.AsyncReporter$BoundedAsyncReporter : Dropped 2 spans due to ConnectException()

java.net.ConnectException
	at java.net.http/jdk.internal.net.http.HttpClientImpl.send(HttpClientImpl.java:923) ~[java.net.http:na]
	at java.net.http/jdk.internal.net.http.HttpClientFacade.send(HttpClientFacade.java:133) ~[java.net.http:na]
	at org.springframework.boot.actuate.autoconfigure.tracing.zipkin.ZipkinHttpClientSender.postSpans(ZipkinHttpClientSender.java:60) ~[spring-boot-actuator-autoconfigure-3.5.16.jar:3.5.16]
	at org.springframework.boot.actuate.autoconfigure.tracing.zipkin.HttpSender.postSpans(HttpSender.java:69) ~[spring-boot-actuator-autoconfigure-3.5.16.jar:3.5.16]
	at org.springframework.boot.actuate.autoconfigure.tracing.zipkin.HttpSender.postSpans(HttpSender.java:41) ~[spring-boot-actuator-autoconfigure-3.5.16.jar:3.5.16]
	at zipkin2.reporter.BaseHttpSender.send(BaseHttpSender.java:123) ~[zipkin-reporter-3.5.3.jar:na]
	at zipkin2.reporter.internal.AsyncReporter$BoundedAsyncReporter.flush(AsyncReporter.java:266) ~[zipkin-reporter-3.5.3.jar:na]
	at zipkin2.reporter.internal.AsyncReporter$Flusher.run(AsyncReporter.java:352) ~[zipkin-reporter-3.5.3.jar:na]
	at java.base/java.lang.Thread.run(Thread.java:1474) ~[na:na]
Caused by: java.net.ConnectException
	at java.net.http/jdk.internal.net.http.common.Utils.toConnectException(Utils.java:1070) ~[java.net.http:na]
	at java.net.http/jdk.internal.net.http.PlainHttpConnection.connectAsync(PlainHttpConnection.java:223) ~[java.net.http:na]
	at java.net.http/jdk.internal.net.http.PlainHttpConnection.checkRetryConnect(PlainHttpConnection.java:277) ~[java.net.http:na]
	at java.net.http/jdk.internal.net.http.PlainHttpConnection.lambda$connectAsync$0(PlainHttpConnection.java:235) ~[java.net.http:na]
	at java.base/java.util.concurrent.CompletableFuture.uniHandle(CompletableFuture.java:955) ~[na:na]
	at java.base/java.util.concurrent.CompletableFuture$UniHandle.tryFire(CompletableFuture.java:932) ~[na:na]
	at java.base/java.util.concurrent.CompletableFuture.postComplete(CompletableFuture.java:531) ~[na:na]
	at java.base/java.util.concurrent.CompletableFuture$AsyncSupply.run(CompletableFuture.java:1794) ~[na:na]
	at java.base/java.util.concurrent.ThreadPoolExecutor.runWorker(ThreadPoolExecutor.java:1090) ~[na:na]
	at java.base/java.util.concurrent.ThreadPoolExecutor$Worker.run(ThreadPoolExecutor.java:614) ~[na:na]
	... 1 common frames omitted
Caused by: java.nio.channels.ClosedChannelException
	at java.base/sun.nio.ch.SocketChannelImpl.ensureOpen(SocketChannelImpl.java:204) ~[na:na]
	at java.base/sun.nio.ch.SocketChannelImpl.connect(SocketChannelImpl.java:942) ~[na:na]
	at java.net.http/jdk.internal.net.http.PlainHttpConnection.connectAsync(PlainHttpConnection.java:211) ~[java.net.http:na]
	... 9 common frames omitted

2026-07-15T11:20:02.306+05:30  INFO [movement-service,,] 27312 --- [movement-service] [  restartedMain] [                                                 ] o.a.kafka.common.utils.AppInfoParser     : Kafka version: 3.9.2
2026-07-15T11:20:02.306+05:30  INFO [movement-service,,] 27312 --- [movement-service] [  restartedMain] [                                                 ] o.a.kafka.common.utils.AppInfoParser     : Kafka commitId: 5e9866f43ab8e7e4
2026-07-15T11:20:02.307+05:30  INFO [movement-service,,] 27312 --- [movement-service] [  restartedMain] [                                                 ] o.a.kafka.common.utils.AppInfoParser     : Kafka startTimeMs: 1784094602300
2026-07-15T11:20:02.377+05:30  INFO [movement-service,,] 27312 --- [movement-service] [  restartedMain] [                                                 ] o.a.k.c.c.i.ClassicKafkaConsumer         : [Consumer clientId=consumer-movement-service-1, groupId=movement-service] Subscribed to topic(s): inventory-events
2026-07-15T11:20:02.555+05:30  INFO [movement-service,,] 27312 --- [movement-service] [  restartedMain] [                                                 ] c.i.m.MovementServiceApplication         : Started MovementServiceApplication in 51358.693 seconds (process running for 62113.009)
2026-07-15T11:20:04.975+05:30  INFO [movement-service,,] 27312 --- [movement-service] [ntainer#0-0-C-1] [                                                 ] org.apache.kafka.clients.NetworkClient   : [Consumer clientId=consumer-movement-service-1, groupId=movement-service] Node -1 disconnected.
2026-07-15T11:20:04.985+05:30  WARN [movement-service,,] 27312 --- [movement-service] [ntainer#0-0-C-1] [                                                 ] org.apache.kafka.clients.NetworkClient   : [Consumer clientId=consumer-movement-service-1, groupId=movement-service] Connection to node -1 (localhost/127.0.0.1:9092) could not be established. Node may not be available.
2026-07-15T11:20:04.986+05:30  WARN [movement-service,,] 27312 --- [movement-service] [ntainer#0-0-C-1] [                                                 ] org.apache.kafka.clients.NetworkClient   : [Consumer clientId=consumer-movement-service-1, groupId=movement-service] Bootstrap broker localhost:9092 (id: -1 rack: null) disconnected
2026-07-15T11:20:05.109+05:30  INFO [movement-service,,] 27312 --- [movement-service] [ntainer#0-0-C-1] [                                                 ] org.apache.kafka.clients.NetworkClient   : [Consumer clientId=consumer-movement-service-1, groupId=movement-service] Node -1 disconnected.
2026-07-15T11:20:05.110+05:30  WARN [movement-service,,] 27312 --- [movement-service] [ntainer#0-0-C-1] [                                                 ] org.apache.kafka.clients.NetworkClient   : [Consumer clientId=consumer-movement-service-1, groupId=movement-service] Connection to node -1 (localhost/127.0.0.1:9092) could not be established. Node may not be available.
2026-07-15T11:20:05.110+05:30  WARN [movement-service,,] 27312 --- [movement-service] [ntainer#0-0-C-1] [                                                 ] org.apache.kafka.clients.NetworkClient   : [Consumer clientId=consumer-movement-service-1, groupId=movement-service] Bootstrap broker localhost:9092 (id: -1 rack: null) disconnected
2026-07-15T11:20:05.236+05:30  INFO [movement-service,,] 27312 --- [movement-service] [ntainer#0-0-C-1] [                                                 ] org.apache.kafka.clients.NetworkClient   : [Consumer clientId=consumer-movement-service-1, groupId=movement-service] Node -1 disconnected.
2026-07-15T11:20:05.238+05:30  WARN [movement-service,,] 27312 --- [movement-service] [ntainer#0-0-C-1] [                                                 ] org.apache.kafka.clients.NetworkClient   : [Consumer clientId=consumer-movement-service-1, groupId=movement-service] Connection to node -1 (localhost/127.0.0.1:9092) could not be established. Node may not be available.
2026-07-15T11:20:05.239+05:30  WARN [movement-service,,] 27312 --- [movement-service] [ntainer#0-0-C-1] [                                                 ] org.apache.kafka.clients.NetworkClient   : [Consumer clientId=consumer-movement-service-1, groupId=movement-service] Bootstrap broker localhost:9092 (id: -1 rack: null) disconnected
2026-07-15T11:20:05.484+05:30  INFO [movement-service,,] 27312 --- [movement-service] [ntainer#0-0-C-1] [                                                 ] org.apache.kafka.clients.NetworkClient   : [Consumer clientId=consumer-movement-service-1, groupId=movement-service] Node -1 disconnected.
2026-07-15T11:20:05.484+05:30  WARN [movement-service,,] 27312 --- [movement-service] [ntainer#0-0-C-1] [                                                 ] org.apache.kafka.clients.NetworkClient   : [Consumer clientId=consumer-movement-service-1, groupId=movement-service] Connection to node -1 (localhost/127.0.0.1:9092) could not be established. Node may not be available.
2026-07-15T11:20:05.485+05:30  WARN [movement-service,,] 27312 --- [movement-service] [ntainer#0-0-C-1] [                                                 ] org.apache.kafka.clients.NetworkClient   : [Consumer clientId=consumer-movement-service-1, groupId=movement-service] Bootstrap broker localhost:9092 (id: -1 rack: null) disconnected
2026-07-15T11:20:05.918+05:30  INFO [movement-service,,] 27312 --- [movement-service] [ntainer#0-0-C-1] [                                                 ] org.apache.kafka.clients.NetworkClient   : [Consumer clientId=consumer-movement-service-1, groupId=movement-service] Node -1 disconnected.
2026-07-15T11:20:05.924+05:30  WARN [movement-service,,] 27312 --- [movement-service] [ntainer#0-0-C-1] [                                                 ] org.apache.kafka.clients.NetworkClient   : [Consumer clientId=consumer-movement-service-1, groupId=movement-service] Connection to node -1 (localhost/127.0.0.1:9092) could not be established. Node may not be available.
2026-07-15T11:20:05.925+05:30  WARN [movement-service,,] 27312 --- [movement-service] [ntainer#0-0-C-1] [                                                 ] org.apache.kafka.clients.NetworkClient   : [Consumer clientId=consumer-movement-service-1, groupId=movement-service] Bootstrap broker localhost:9092 (id: -1 rack: null) disconnected
2026-07-15T11:20:06.726+05:30  INFO [movement-service,,] 27312 --- [movement-service] [ntainer#0-0-C-1] [                                                 ] org.apache.kafka.clients.NetworkClient   : [Consumer clientId=consumer-movement-service-1, groupId=movement-service] Node -1 disconnected.
2026-07-15T11:20:06.727+05:30  WARN [movement-service,,] 27312 --- [movement-service] [ntainer#0-0-C-1] [                                                 ] org.apache.kafka.clients.NetworkClient   : [Consumer clientId=consumer-movement-service-1, groupId=movement-service] Connection to node -1 (localhost/127.0.0.1:9092) could not be established. Node may not be available.
2026-07-15T11:20:06.727+05:30  WARN [movement-service,,] 27312 --- [movement-service] [ntainer#0-0-C-1] [                                                 ] org.apache.kafka.clients.NetworkClient   : [Consumer clientId=consumer-movement-service-1, groupId=movement-service] Bootstrap broker localhost:9092 (id: -1 rack: null) disconnected
2026-07-15T11:20:07.772+05:30  INFO [movement-service,,] 27312 --- [movement-service] [ntainer#0-0-C-1] [                                                 ] org.apache.kafka.clients.NetworkClient   : [Consumer clientId=consumer-movement-service-1, groupId=movement-service] Node -1 disconnected.
2026-07-15T11:20:07.774+05:30  WARN [movement-service,,] 27312 --- [movement-service] [ntainer#0-0-C-1] [                                                 ] org.apache.kafka.clients.NetworkClient   : [Consumer clientId=consumer-movement-service-1, groupId=movement-service] Connection to node -1 (localhost/127.0.0.1:9092) could not be established. Node may not be available.
2026-07-15T11:20:07.775+05:30  WARN [movement-service,,] 27312 --- [movement-service] [ntainer#0-0-C-1] [                                                 ] org.apache.kafka.clients.NetworkClient   : [Consumer clientId=consumer-movement-service-1, groupId=movement-service] Bootstrap broker localhost:9092 (id: -1 rack: null) disconnected
2026-07-15T11:20:08.638+05:30  INFO [movement-service,,] 27312 --- [movement-service] [ntainer#0-0-C-1] [                                                 ] org.apache.kafka.clients.NetworkClient   : [Consumer clientId=consumer-movement-service-1, groupId=movement-service] Node -1 disconnected.
2026-07-15T11:20:08.639+05:30  WARN [movement-service,,] 27312 --- [movement-service] [ntainer#0-0-C-1] [                                                 ] org.apache.kafka.clients.NetworkClient   : [Consumer clientId=consumer-movement-service-1, groupId=movement-service] Connection to node -1 (localhost/127.0.0.1:9092) could not be established. Node may not be available.
2026-07-15T11:20:08.640+05:30  WARN [movement-service,,] 27312 --- [movement-service] [ntainer#0-0-C-1] [                                                 ] org.apache.kafka.clients.NetworkClient   : [Consumer clientId=consumer-movement-service-1, groupId=movement-service] Bootstrap broker localhost:9092 (id: -1 rack: null) disconnected
2026-07-15T11:20:09.646+05:30  INFO [movement-service,,] 27312 --- [movement-service] [ntainer#0-0-C-1] [                                                 ] org.apache.kafka.clients.NetworkClient   : [Consumer clientId=consumer-movement-service-1, groupId=movement-service] Node -1 disconnected.
2026-07-15T11:20:09.646+05:30  WARN [movement-service,,] 27312 --- [movement-service] [ntainer#0-0-C-1] [                                                 ] org.apache.kafka.clients.NetworkClient   : [Consumer clientId=consumer-movement-service-1, groupId=movement-service] Connection to node -1 (localhost/127.0.0.1:9092) could not be established. Node may not be available.
2026-07-15T11:20:09.647+05:30  WARN [movement-service,,] 27312 --- [movement-service] [ntainer#0-0-C-1] [                                                 ] org.apache.kafka.clients.NetworkClient   : [Consumer clientId=consumer-movement-service-1, groupId=movement-service] Bootstrap broker localhost:9092 (id: -1 rack: null) disconnected
2026-07-15T11:20:10.699+05:30  INFO [movement-service,,] 27312 --- [movement-service] [ntainer#0-0-C-1] [                                                 ] org.apache.kafka.clients.NetworkClient   : [Consumer clientId=consumer-movement-service-1, groupId=movement-service] Node -1 disconnected.
2026-07-15T11:20:10.700+05:30  WARN [movement-service,,] 27312 --- [movement-service] [ntainer#0-0-C-1] [                                                 ] org.apache.kafka.clients.NetworkClient   : [Consumer clientId=consumer-movement-service-1, groupId=movement-service] Connection to node -1 (localhost/127.0.0.1:9092) could not be established. Node may not be available.
2026-07-15T11:20:10.701+05:30  WARN [movement-service,,] 27312 --- [movement-service] [ntainer#0-0-C-1] [                                                 ] org.apache.kafka.clients.NetworkClient   : [Consumer clientId=consumer-movement-service-1, groupId=movement-service] Bootstrap broker localhost:9092 (id: -1 rack: null) disconnected
2026-07-15T11:20:11.711+05:30  INFO [movement-service,,] 27312 --- [movement-service] [ntainer#0-0-C-1] [                                                 ] org.apache.kafka.clients.NetworkClient   : [Consumer clientId=consumer-movement-service-1, groupId=movement-service] Node -1 disconnected.
2026-07-15T11:20:11.712+05:30  WARN [movement-service,,] 27312 --- [movement-service] [ntainer#0-0-C-1] [                                                 ] org.apache.kafka.clients.NetworkClient   : [Consumer clientId=consumer-movement-service-1, groupId=movement-service] Connection to node -1 (localhost/127.0.0.1:9092) could not be established. Node may not be available.
2026-07-15T11:20:11.712+05:30  WARN [movement-service,,] 27312 --- [movement-service] [ntainer#0-0-C-1] [                                                 ] org.apache.kafka.clients.NetworkClient   : [Consumer clientId=consumer-movement-service-1, groupId=movement-service] Bootstrap broker localhost:9092 (id: -1 rack: null) disconnected
2026-07-15T11:20:12.699+05:30  INFO [movement-service,,] 27312 --- [movement-service] [ntainer#0-0-C-1] [                                                 ] org.apache.kafka.clients.NetworkClient   : [Consumer clientId=consumer-movement-service-1, groupId=movement-service] Node -1 disconnected.
2026-07-15T11:20:12.700+05:30  WARN [movement-service,,] 27312 --- [movement-service] [ntainer#0-0-C-1] [                                                 ] org.apache.kafka.clients.NetworkClient   : [Consumer clientId=consumer-movement-service-1, groupId=movement-service] Connection to node -1 (localhost/127.0.0.1:9092) could not be established. Node may not be available.
2026-07-15T11:20:12.702+05:30  WARN [movement-service,,] 27312 --- [movement-service] [ntainer#0-0-C-1] [                                                 ] org.apache.kafka.clients.NetworkClient   : [Consumer clientId=consumer-movement-service-1, groupId=movement-service] Bootstrap broker localhost:9092 (id: -1 rack: null) disconnected
2026-07-15T11:20:13.634+05:30  INFO [movement-service,,] 27312 --- [movement-service] [ntainer#0-0-C-1] [                                                 ] org.apache.kafka.clients.NetworkClient   : [Consumer clientId=consumer-movement-service-1, groupId=movement-service] Node -1 disconnected.
2026-07-15T11:20:13.634+05:30  WARN [movement-service,,] 27312 --- [movement-service] [ntainer#0-0-C-1] [                                                 ] org.apache.kafka.clients.NetworkClient   : [Consumer clientId=consumer-movement-service-1, groupId=movement-service] Connection to node -1 (localhost/127.0.0.1:9092) could not be established. Node may not be available.
2026-07-15T11:20:13.634+05:30  WARN [movement-service,,] 27312 --- [movement-service] [ntainer#0-0-C-1] [                                                 ] org.apache.kafka.clients.NetworkClient   : [Consumer clientId=consumer-movement-service-1, groupId=movement-service] Bootstrap broker localhost:9092 (id: -1 rack: null) disconnected
2026-07-15T11:20:14.659+05:30  INFO [movement-service,,] 27312 --- [movement-service] [ntainer#0-0-C-1] [                                                 ] org.apache.kafka.clients.NetworkClient   : [Consumer clientId=consumer-movement-service-1, groupId=movement-service] Node -1 disconnected.
2026-07-15T11:20:14.659+05:30  WARN [movement-service,,] 27312 --- [movement-service] [ntainer#0-0-C-1] [                                                 ] org.apache.kafka.clients.NetworkClient   : [Consumer clientId=consumer-movement-service-1, groupId=movement-service] Connection to node -1 (localhost/127.0.0.1:9092) could not be established. Node may not be available.
2026-07-15T11:20:14.659+05:30  WARN [movement-service,,] 27312 --- [movement-service] [ntainer#0-0-C-1] [                                                 ] org.apache.kafka.clients.NetworkClient   : [Consumer clientId=consumer-movement-service-1, groupId=movement-service] Bootstrap broker localhost:9092 (id: -1 rack: null) disconnected
2026-07-15T11:20:15.521+05:30  INFO [movement-service,,] 27312 --- [movement-service] [ntainer#0-0-C-1] [                                                 ] org.apache.kafka.clients.NetworkClient   : [Consumer clientId=consumer-movement-service-1, groupId=movement-service] Node -1 disconnected.
2026-07-15T11:20:15.522+05:30  WARN [movement-service,,] 27312 --- [movement-service] [ntainer#0-0-C-1] [                                                 ] org.apache.kafka.clients.NetworkClient   : [Consumer clientId=consumer-movement-service-1, groupId=movement-service] Connection to node -1 (localhost/127.0.0.1:9092) could not be established. Node may not be available.
2026-07-15T11:20:15.522+05:30  WARN [movement-service,,] 27312 --- [movement-service] [ntainer#0-0-C-1] [                                                 ] org.apache.kafka.clients.NetworkClient   : [Consumer clientId=consumer-movement-service-1, groupId=movement-service] Bootstrap broker localhost:9092 (id: -1 rack: null) disconnected
2026-07-15T11:20:16.580+05:30  INFO [movement-service,,] 27312 --- [movement-service] [ntainer#0-0-C-1] [                                                 ] org.apache.kafka.clients.NetworkClient   : [Consumer clientId=consumer-movement-service-1, groupId=movement-service] Node -1 disconnected.
2026-07-15T11:20:16.581+05:30  WARN [movement-service,,] 27312 --- [movement-service] [ntainer#0-0-C-1] [                                                 ] org.apache.kafka.clients.NetworkClient   : [Consumer clientId=consumer-movement-service-1, groupId=movement-service] Connection to node -1 (localhost/127.0.0.1:9092) could not be established. Node may not be available.
2026-07-15T11:20:16.581+05:30  WARN [movement-service,,] 27312 --- [movement-service] [ntainer#0-0-C-1] [                                                 ] org.apache.kafka.clients.NetworkClient   : [Consumer clientId=consumer-movement-service-1, groupId=movement-service] Bootstrap broker localhost:9092 (id: -1 rack: null) disconnected
2026-07-15T11:20:17.622+05:30  INFO [movement-service,,] 27312 --- [movement-service] [ntainer#0-0-C-1] [                                                 ] org.apache.kafka.clients.NetworkClient   : [Consumer clientId=consumer-movement-service-1, groupId=movement-service] Node -1 disconnected.
2026-07-15T11:20:17.623+05:30  WARN [movement-service,,] 27312 --- [movement-service] [ntainer#0-0-C-1] [                                                 ] org.apache.kafka.clients.NetworkClient   : [Consumer clientId=consumer-movement-service-1, groupId=movement-service] Connection to node -1 (localhost/127.0.0.1:9092) could not be established. Node may not be available.
2026-07-15T11:20:17.623+05:30  WARN [movement-service,,] 27312 --- [movement-service] [ntainer#0-0-C-1] [                                                 ] org.apache.kafka.clients.NetworkClient   : [Consumer clientId=consumer-movement-service-1, groupId=movement-service] Bootstrap broker localhost:9092 (id: -1 rack: null) disconnected
2026-07-15T11:20:18.634+05:30  INFO [movement-service,,] 27312 --- [movement-service] [ntainer#0-0-C-1] [                                                 ] org.apache.kafka.clients.NetworkClient   : [Consumer clientId=consumer-movement-service-1, groupId=movement-service] Node -1 disconnected.
2026-07-15T11:20:18.635+05:30  WARN [movement-service,,] 27312 --- [movement-service] [ntainer#0-0-C-1] [                                                 ] org.apache.kafka.clients.NetworkClient   : [Consumer clientId=consumer-movement-service-1, groupId=movement-service] Connection to node -1 (localhost/127.0.0.1:9092) could not be established. Node may not be available.
2026-07-15T11:20:18.636+05:30  WARN [movement-service,,] 27312 --- [movement-service] [ntainer#0-0-C-1] [                                                 ] org.apache.kafka.clients.NetworkClient   : [Consumer clientId=consumer-movement-service-1, groupId=movement-service] Bootstrap broker localhost:9092 (id: -1 rack: null) disconnected
2026-07-15T11:20:19.697+05:30  INFO [movement-service,,] 27312 --- [movement-service] [ntainer#0-0-C-1] [                                                 ] org.apache.kafka.clients.NetworkClient   : [Consumer clientId=consumer-movement-service-1, groupId=movement-service] Node -1 disconnected.
2026-07-15T11:20:19.698+05:30  WARN [movement-service,,] 27312 --- [movement-service] [ntainer#0-0-C-1] [                                                 ] org.apache.kafka.clients.NetworkClient   : [Consumer clientId=consumer-movement-service-1, groupId=movement-service] Connection to node -1 (localhost/127.0.0.1:9092) could not be established. Node may not be available.
2026-07-15T11:20:19.699+05:30  WARN [movement-service,,] 27312 --- [movement-service] [ntainer#0-0-C-1] [                                                 ] org.apache.kafka.clients.NetworkClient   : [Consumer clientId=consumer-movement-service-1, groupId=movement-service] Bootstrap broker localhost:9092 (id: -1 rack: null) disconnected
2026-07-15T11:20:20.590+05:30  INFO [movement-service,,] 27312 --- [movement-service] [ntainer#0-0-C-1] [                                                 ] org.apache.kafka.clients.NetworkClient   : [Consumer clientId=consumer-movement-service-1, groupId=movement-service] Node -1 disconnected.
2026-07-15T11:20:20.590+05:30  WARN [movement-service,,] 27312 --- [movement-service] [ntainer#0-0-C-1] [                                                 ] org.apache.kafka.clients.NetworkClient   : [Consumer clientId=consumer-movement-service-1, groupId=movement-service] Connection to node -1 (localhost/127.0.0.1:9092) could not be established. Node may not be available.
2026-07-15T11:20:20.591+05:30  WARN [movement-service,,] 27312 --- [movement-service] [ntainer#0-0-C-1] [                                                 ] org.apache.kafka.clients.NetworkClient   : [Consumer clientId=consumer-movement-service-1, groupId=movement-service] Bootstrap broker localhost:9092 (id: -1 rack: null) disconnected
2026-07-15T11:20:21.516+05:30  INFO [movement-service,,] 27312 --- [movement-service] [ntainer#0-0-C-1] [                                                 ] org.apache.kafka.clients.NetworkClient   : [Consumer clientId=consumer-movement-service-1, groupId=movement-service] Node -1 disconnected.
2026-07-15T11:20:21.517+05:30  WARN [movement-service,,] 27312 --- [movement-service] [ntainer#0-0-C-1] [                                                 ] org.apache.kafka.clients.NetworkClient   : [Consumer clientId=consumer-movement-service-1, groupId=movement-service] Connection to node -1 (localhost/127.0.0.1:9092) could not be established. Node may not be available.
2026-07-15T11:20:21.517+05:30  WARN [movement-service,,] 27312 --- [movement-service] [ntainer#0-0-C-1] [                                                 ] org.apache.kafka.clients.NetworkClient   : [Consumer clientId=consumer-movement-service-1, groupId=movement-service] Bootstrap broker localhost:9092 (id: -1 rack: null) disconnected
2026-07-15T11:20:22.639+05:30  INFO [movement-service,,] 27312 --- [movement-service] [ntainer#0-0-C-1] [                                                 ] org.apache.kafka.clients.NetworkClient   : [Consumer clientId=consumer-movement-service-1, groupId=movement-service] Node -1 disconnected.
2026-07-15T11:20:22.640+05:30  WARN [movement-service,,] 27312 --- [movement-service] [ntainer#0-0-C-1] [                                                 ] org.apache.kafka.clients.NetworkClient   : [Consumer clientId=consumer-movement-service-1, groupId=movement-service] Connection to node -1 (localhost/127.0.0.1:9092) could not be established. Node may not be available.
2026-07-15T11:20:22.643+05:30  WARN [movement-service,,] 27312 --- [movement-service] [ntainer#0-0-C-1] [                                                 ] org.apache.kafka.clients.NetworkClient   : [Consumer clientId=consumer-movement-service-1, groupId=movement-service] Bootstrap broker localhost:9092 (id: -1 rack: null) disconnected
2026-07-15T11:20:23.702+05:30  INFO [movement-service,,] 27312 --- [movement-service] [ntainer#0-0-C-1] [                                                 ] org.apache.kafka.clients.NetworkClient   : [Consumer clientId=consumer-movement-service-1, groupId=movement-service] Node -1 disconnected.
2026-07-15T11:20:23.703+05:30  WARN [movement-service,,] 27312 --- [movement-service] [ntainer#0-0-C-1] [                                                 ] org.apache.kafka.clients.NetworkClient   : [Consumer clientId=consumer-movement-service-1, groupId=movement-service] Connection to node -1 (localhost/127.0.0.1:9092) could not be established. Node may not be available.
2026-07-15T11:20:23.704+05:30  WARN [movement-service,,] 27312 --- [movement-service] [ntainer#0-0-C-1] [                                                 ] org.apache.kafka.clients.NetworkClient   : [Consumer clientId=consumer-movement-service-1, groupId=movement-service] Bootstrap broker localhost:9092 (id: -1 rack: null) disconnected
2026-07-15T11:20:24.766+05:30  INFO [movement-service,,] 27312 --- [movement-service] [ntainer#0-0-C-1] [                                                 ] org.apache.kafka.clients.NetworkClient   : [Consumer clientId=consumer-movement-service-1, groupId=movement-service] Node -1 disconnected.
2026-07-15T11:20:24.766+05:30  WARN [movement-service,,] 27312 --- [movement-service] [ntainer#0-0-C-1] [                                                 ] org.apache.kafka.clients.NetworkClient   : [Consumer clientId=consumer-movement-service-1, groupId=movement-service] Connection to node -1 (localhost/127.0.0.1:9092) could not be established. Node may not be available.
2026-07-15T11:20:24.766+05:30  WARN [movement-service,,] 27312 --- [movement-service] [ntainer#0-0-C-1] [                                                 ] org.apache.kafka.clients.NetworkClient   : [Consumer clientId=consumer-movement-service-1, groupId=movement-service] Bootstrap broker localhost:9092 (id: -1 rack: null) disconnected
2026-07-15T11:20:25.083+05:30  INFO [movement-service,,] 27312 --- [movement-service] [nio-8084-exec-1] [                                                 ] o.a.c.c.C.[Tomcat].[localhost].[/]       : Initializing Spring DispatcherServlet 'dispatcherServlet'
2026-07-15T11:20:25.084+05:30  INFO [movement-service,,] 27312 --- [movement-service] [nio-8084-exec-1] [                                                 ] o.s.web.servlet.DispatcherServlet        : Initializing Servlet 'dispatcherServlet'
2026-07-15T11:20:25.103+05:30  INFO [movement-service,,] 27312 --- [movement-service] [nio-8084-exec-1] [                                                 ] o.s.web.servlet.DispatcherServlet        : Completed initialization in 19 ms
2026-07-15T11:20:25.776+05:30  INFO [movement-service,,] 27312 --- [movement-service] [ntainer#0-0-C-1] [                                                 ] org.apache.kafka.clients.NetworkClient   : [Consumer clientId=consumer-movement-service-1, groupId=movement-service] Node -1 disconnected.
2026-07-15T11:20:25.777+05:30  WARN [movement-service,,] 27312 --- [movement-service] [ntainer#0-0-C-1] [                                                 ] org.apache.kafka.clients.NetworkClient   : [Consumer clientId=consumer-movement-service-1, groupId=movement-service] Connection to node -1 (localhost/127.0.0.1:9092) could not be established. Node may not be available.
2026-07-15T11:20:25.778+05:30  WARN [movement-service,,] 27312 --- [movement-service] [ntainer#0-0-C-1] [                                                 ] org.apache.kafka.clients.NetworkClient   : [Consumer clientId=consumer-movement-service-1, groupId=movement-service] Bootstrap broker localhost:9092 (id: -1 rack: null) disconnected
2026-07-15T11:20:26.651+05:30  INFO [movement-service,,] 27312 --- [movement-service] [ntainer#0-0-C-1] [                                                 ] org.apache.kafka.clients.NetworkClient   : [Consumer clientId=consumer-movement-service-1, groupId=movement-service] Node -1 disconnected.
2026-07-15T11:20:26.652+05:30  WARN [movement-service,,] 27312 --- [movement-service] [ntainer#0-0-C-1] [                                                 ] org.apache.kafka.clients.NetworkClient   : [Consumer clientId=consumer-movement-service-1, groupId=movement-service] Connection to node -1 (localhost/127.0.0.1:9092) could not be established. Node may not be available.
2026-07-15T11:20:26.653+05:30  WARN [movement-service,,] 27312 --- [movement-service] [ntainer#0-0-C-1] [                                                 ] org.apache.kafka.clients.NetworkClient   : [Consumer clientId=consumer-movement-service-1, groupId=movement-service] Bootstrap broker localhost:9092 (id: -1 rack: null) disconnected
2026-07-15T11:20:27.629+05:30  INFO [movement-service,,] 27312 --- [movement-service] [ntainer#0-0-C-1] [                                                 ] org.apache.kafka.clients.NetworkClient   : [Consumer clientId=consumer-movement-service-1, groupId=movement-service] Node -1 disconnected.
2026-07-15T11:20:27.630+05:30  WARN [movement-service,,] 27312 --- [movement-service] [ntainer#0-0-C-1] [                                                 ] org.apache.kafka.clients.NetworkClient   : [Consumer clientId=consumer-movement-service-1, groupId=movement-service] Connection to node -1 (localhost/127.0.0.1:9092) could not be established. Node may not be available.
2026-07-15T11:20:27.630+05:30  WARN [movement-service,,] 27312 --- [movement-service] [ntainer#0-0-C-1] [                                                 ] org.apache.kafka.clients.NetworkClient   : [Consumer clientId=consumer-movement-service-1, groupId=movement-service] Bootstrap broker localhost:9092 (id: -1 rack: null) disconnected
2026-07-15T11:20:28.686+05:30  INFO [movement-service,,] 27312 --- [movement-service] [ntainer#0-0-C-1] [                                                 ] org.apache.kafka.clients.NetworkClient   : [Consumer clientId=consumer-movement-service-1, groupId=movement-service] Node -1 disconnected.
2026-07-15T11:20:28.686+05:30  WARN [movement-service,,] 27312 --- [movement-service] [ntainer#0-0-C-1] [                                                 ] org.apache.kafka.clients.NetworkClient   : [Consumer clientId=consumer-movement-service-1, groupId=movement-service] Connection to node -1 (localhost/127.0.0.1:9092) could not be established. Node may not be available.
2026-07-15T11:20:28.686+05:30  WARN [movement-service,,] 27312 --- [movement-service] [ntainer#0-0-C-1] [                                                 ] org.apache.kafka.clients.NetworkClient   : [Consumer clientId=consumer-movement-service-1, groupId=movement-service] Bootstrap broker localhost:9092 (id: -1 rack: null) disconnected
2026-07-15T11:20:29.736+05:30  INFO [movement-service,,] 27312 --- [movement-service] [ntainer#0-0-C-1] [                                                 ] org.apache.kafka.clients.NetworkClient   : [Consumer clientId=consumer-movement-service-1, groupId=movement-service] Node -1 disconnected.
2026-07-15T11:20:29.741+05:30  WARN [movement-service,,] 27312 --- [movement-service] [ntainer#0-0-C-1] [                                                 ] org.apache.kafka.clients.NetworkClient   : [Consumer clientId=consumer-movement-service-1, groupId=movement-service] Connection to node -1 (localhost/127.0.0.1:9092) could not be established. Node may not be available.
2026-07-15T11:20:29.741+05:30  WARN [movement-service,,] 27312 --- [movement-service] [ntainer#0-0-C-1] [                                                 ] org.apache.kafka.clients.NetworkClient   : [Consumer clientId=consumer-movement-service-1, groupId=movement-service] Bootstrap broker localhost:9092 (id: -1 rack: null) disconnected
2026-07-15T11:20:30.744+05:30  INFO [movement-service,,] 27312 --- [movement-service] [ntainer#0-0-C-1] [                                                 ] org.apache.kafka.clients.NetworkClient   : [Consumer clientId=consumer-movement-service-1, groupId=movement-service] Node -1 disconnected.
2026-07-15T11:20:30.744+05:30  WARN [movement-service,,] 27312 --- [movement-service] [ntainer#0-0-C-1] [                                                 ] org.apache.kafka.clients.NetworkClient   : [Consumer clientId=consumer-movement-service-1, groupId=movement-service] Connection to node -1 (localhost/127.0.0.1:9092) could not be established. Node may not be available.
2026-07-15T11:20:30.744+05:30  WARN [movement-service,,] 27312 --- [movement-service] [ntainer#0-0-C-1] [                                                 ] org.apache.kafka.clients.NetworkClient   : [Consumer clientId=consumer-movement-service-1, groupId=movement-service] Bootstrap broker localhost:9092 (id: -1 rack: null) disconnected
2026-07-15T11:20:31.764+05:30  INFO [movement-service,,] 27312 --- [movement-service] [ntainer#0-0-C-1] [                                                 ] org.apache.kafka.clients.NetworkClient   : [Consumer clientId=consumer-movement-service-1, groupId=movement-service] Node -1 disconnected.
2026-07-15T11:20:31.764+05:30  WARN [movement-service,,] 27312 --- [movement-service] [ntainer#0-0-C-1] [                                                 ] org.apache.kafka.clients.NetworkClient   : [Consumer clientId=consumer-movement-service-1, groupId=movement-service] Connection to node -1 (localhost/127.0.0.1:9092) could not be established. Node may not be available.
2026-07-15T11:20:31.765+05:30  WARN [movement-service,,] 27312 --- [movement-service] [ntainer#0-0-C-1] [                                                 ] org.apache.kafka.clients.NetworkClient   : [Consumer clientId=consumer-movement-service-1, groupId=movement-service] Bootstrap broker localhost:9092 (id: -1 rack: null) disconnected
2026-07-15T11:20:32.694+05:30  INFO [movement-service,,] 27312 --- [movement-service] [ntainer#0-0-C-1] [                                                 ] org.apache.kafka.clients.NetworkClient   : [Consumer clientId=consumer-movement-service-1, groupId=movement-service] Node -1 disconnected.
2026-07-15T11:20:32.695+05:30  WARN [movement-service,,] 27312 --- [movement-service] [ntainer#0-0-C-1] [                                                 ] org.apache.kafka.clients.NetworkClient   : [Consumer clientId=consumer-movement-service-1, groupId=movement-service] Connection to node -1 (localhost/127.0.0.1:9092) could not be established. Node may not be available.
2026-07-15T11:20:32.696+05:30  WARN [movement-service,,] 27312 --- [movement-service] [ntainer#0-0-C-1] [                                                 ] org.apache.kafka.clients.NetworkClient   : [Consumer clientId=consumer-movement-service-1, groupId=movement-service] Bootstrap broker localhost:9092 (id: -1 rack: null) disconnected
2026-07-15T11:20:33.578+05:30  INFO [movement-service,,] 27312 --- [movement-service] [ntainer#0-0-C-1] [                                                 ] org.apache.kafka.clients.NetworkClient   : [Consumer clientId=consumer-movement-service-1, groupId=movement-service] Node -1 disconnected.
2026-07-15T11:20:33.578+05:30  WARN [movement-service,,] 27312 --- [movement-service] [ntainer#0-0-C-1] [                                                 ] org.apache.kafka.clients.NetworkClient   : [Consumer clientId=consumer-movement-service-1, groupId=movement-service] Connection to node -1 (localhost/127.0.0.1:9092) could not be established. Node may not be available.
2026-07-15T11:20:33.579+05:30  WARN [movement-service,,] 27312 --- [movement-service] [ntainer#0-0-C-1] [                                                 ] org.apache.kafka.clients.NetworkClient   : [Consumer clientId=consumer-movement-service-1, groupId=movement-service] Bootstrap broker localhost:9092 (id: -1 rack: null) disconnected
2026-07-15T11:20:34.548+05:30  INFO [movement-service,,] 27312 --- [movement-service] [ntainer#0-0-C-1] [                                                 ] org.apache.kafka.clients.NetworkClient   : [Consumer clientId=consumer-movement-service-1, groupId=movement-service] Node -1 disconnected.
2026-07-15T11:20:34.549+05:30  WARN [movement-service,,] 27312 --- [movement-service] [ntainer#0-0-C-1] [                                                 ] org.apache.kafka.clients.NetworkClient   : [Consumer clientId=consumer-movement-service-1, groupId=movement-service] Connection to node -1 (localhost/127.0.0.1:9092) could not be established. Node may not be available.
2026-07-15T11:20:34.549+05:30  WARN [movement-service,,] 27312 --- [movement-service] [ntainer#0-0-C-1] [                                                 ] org.apache.kafka.clients.NetworkClient   : [Consumer clientId=consumer-movement-service-1, groupId=movement-service] Bootstrap broker localhost:9092 (id: -1 rack: null) disconnected
2026-07-15T11:20:35.588+05:30  INFO [movement-service,,] 27312 --- [movement-service] [ntainer#0-0-C-1] [                                                 ] org.apache.kafka.clients.NetworkClient   : [Consumer clientId=consumer-movement-service-1, groupId=movement-service] Node -1 disconnected.
2026-07-15T11:20:35.589+05:30  WARN [movement-service,,] 27312 --- [movement-service] [ntainer#0-0-C-1] [                                                 ] org.apache.kafka.clients.NetworkClient   : [Consumer clientId=consumer-movement-service-1, groupId=movement-service] Connection to node -1 (localhost/127.0.0.1:9092) could not be established. Node may not be available.
2026-07-15T11:20:35.589+05:30  WARN [movement-service,,] 27312 --- [movement-service] [ntainer#0-0-C-1] [                                                 ] org.apache.kafka.clients.NetworkClient   : [Consumer clientId=consumer-movement-service-1, groupId=movement-service] Bootstrap broker localhost:9092 (id: -1 rack: null) disconnected
2026-07-15T11:20:36.591+05:30  INFO [movement-service,,] 27312 --- [movement-service] [ntainer#0-0-C-1] [                                                 ] org.apache.kafka.clients.NetworkClient   : [Consumer clientId=consumer-movement-service-1, groupId=movement-service] Node -1 disconnected.
2026-07-15T11:20:36.593+05:30  WARN [movement-service,,] 27312 --- [movement-service] [ntainer#0-0-C-1] [                                                 ] org.apache.kafka.clients.NetworkClient   : [Consumer clientId=consumer-movement-service-1, groupId=movement-service] Connection to node -1 (localhost/127.0.0.1:9092) could not be established. Node may not be available.
2026-07-15T11:20:36.594+05:30  WARN [movement-service,,] 27312 --- [movement-service] [ntainer#0-0-C-1] [                                                 ] org.apache.kafka.clients.NetworkClient   : [Consumer clientId=consumer-movement-service-1, groupId=movement-service] Bootstrap broker localhost:9092 (id: -1 rack: null) disconnected
Hibernate: 
    select
        im1_0.id,
        im1_0.batch_number,
        im1_0.correlation_id,
        im1_0.created_at,
        im1_0.destination_warehouse_id,
        im1_0.expiry_date,
        im1_0.movement_number,
        im1_0.movement_status,
        im1_0.movement_type,
        im1_0.performed_at,
        im1_0.performed_by,
        im1_0.product_id,
        im1_0.quantity,
        im1_0.reference_number,
        im1_0.reference_type,
        im1_0.remarks,
        im1_0.source_warehouse_id,
        im1_0.updated_at 
    from
        inventory_movements im1_0 
    order by
        im1_0.created_at desc 
    limit
        ?, ?
2026-07-15T11:20:36.812+05:30  WARN [movement-service,6a571fa844a23cc8a0c5b22cf8f0d701,b0e6d854224f253a] 27312 --- [movement-service] [nio-8084-exec-6] [6a571fa844a23cc8a0c5b22cf8f0d701-b0e6d854224f253a] ration$PageModule$WarningLoggingModifier : Serializing PageImpl instances as-is is not supported, meaning that there is no guarantee about the stability of the resulting JSON structure!
	For a stable JSON structure, please use Spring Data's PagedModel (globally via @EnableSpringDataWebSupport(pageSerializationMode = VIA_DTO))
	or Spring HATEOAS and Spring Data's PagedResourcesAssembler as documented in https://docs.spring.io/spring-data/commons/reference/repositories/core-extensions.html#core.web.pageables.

Hibernate: 
    select
        im1_0.id,
        im1_0.batch_number,
        im1_0.correlation_id,
        im1_0.created_at,
        im1_0.destination_warehouse_id,
        im1_0.expiry_date,
        im1_0.movement_number,
        im1_0.movement_status,
        im1_0.movement_type,
        im1_0.performed_at,
        im1_0.performed_by,
        im1_0.product_id,
        im1_0.quantity,
        im1_0.reference_number,
        im1_0.reference_type,
        im1_0.remarks,
        im1_0.source_warehouse_id,
        im1_0.updated_at 
    from
        inventory_movements im1_0 
    order by
        im1_0.created_at desc 
    limit
        ?, ?
2026-07-15T11:20:37.545+05:30  INFO [movement-service,,] 27312 --- [movement-service] [ntainer#0-0-C-1] [                                                 ] org.apache.kafka.clients.NetworkClient   : [Consumer clientId=consumer-movement-service-1, groupId=movement-service] Node -1 disconnected.
2026-07-15T11:20:37.546+05:30  WARN [movement-service,,] 27312 --- [movement-service] [ntainer#0-0-C-1] [                                                 ] org.apache.kafka.clients.NetworkClient   : [Consumer clientId=consumer-movement-service-1, groupId=movement-service] Connection to node -1 (localhost/127.0.0.1:9092) could not be established. Node may not be available.
2026-07-15T11:20:37.546+05:30  WARN [movement-service,,] 27312 --- [movement-service] [ntainer#0-0-C-1] [                                                 ] org.apache.kafka.clients.NetworkClient   : [Consumer clientId=consumer-movement-service-1, groupId=movement-service] Bootstrap broker localhost:9092 (id: -1 rack: null) disconnected
2026-07-15T11:20:38.430+05:30  INFO [movement-service,,] 27312 --- [movement-service] [ntainer#0-0-C-1] [                                                 ] org.apache.kafka.clients.NetworkClient   : [Consumer clientId=consumer-movement-service-1, groupId=movement-service] Node -1 disconnected.
2026-07-15T11:20:38.431+05:30  WARN [movement-service,,] 27312 --- [movement-service] [ntainer#0-0-C-1] [                                                 ] org.apache.kafka.clients.NetworkClient   : [Consumer clientId=consumer-movement-service-1, groupId=movement-service] Connection to node -1 (localhost/127.0.0.1:9092) could not be established. Node may not be available.
2026-07-15T11:20:38.434+05:30  WARN [movement-service,,] 27312 --- [movement-service] [ntainer#0-0-C-1] [                                                 ] org.apache.kafka.clients.NetworkClient   : [Consumer clientId=consumer-movement-service-1, groupId=movement-service] Bootstrap broker localhost:9092 (id: -1 rack: null) disconnected
2026-07-15T11:20:39.492+05:30  INFO [movement-service,,] 27312 --- [movement-service] [ntainer#0-0-C-1] [                                                 ] org.apache.kafka.clients.NetworkClient   : [Consumer clientId=consumer-movement-service-1, groupId=movement-service] Node -1 disconnected.
2026-07-15T11:20:39.493+05:30  WARN [movement-service,,] 27312 --- [movement-service] [ntainer#0-0-C-1] [                                                 ] org.apache.kafka.clients.NetworkClient   : [Consumer clientId=consumer-movement-service-1, groupId=movement-service] Connection to node -1 (localhost/127.0.0.1:9092) could not be established. Node may not be available.
2026-07-15T11:20:39.493+05:30  WARN [movement-service,,] 27312 --- [movement-service] [ntainer#0-0-C-1] [                                                 ] org.apache.kafka.clients.NetworkClient   : [Consumer clientId=consumer-movement-service-1, groupId=movement-service] Bootstrap broker localhost:9092 (id: -1 rack: null) disconnected
2026-07-15T11:20:40.500+05:30  INFO [movement-service,,] 27312 --- [movement-service] [ntainer#0-0-C-1] [                                                 ] org.apache.kafka.clients.NetworkClient   : [Consumer clientId=consumer-movement-service-1, groupId=movement-service] Node -1 disconnected.
2026-07-15T11:20:40.501+05:30  WARN [movement-service,,] 27312 --- [movement-service] [ntainer#0-0-C-1] [                                                 ] org.apache.kafka.clients.NetworkClient   : [Consumer clientId=consumer-movement-service-1, groupId=movement-service] Connection to node -1 (localhost/127.0.0.1:9092) could not be established. Node may not be available.
2026-07-15T11:20:40.502+05:30  WARN [movement-service,,] 27312 --- [movement-service] [ntainer#0-0-C-1] [                                                 ] org.apache.kafka.clients.NetworkClient   : [Consumer clientId=consumer-movement-service-1, groupId=movement-service] Bootstrap broker localhost:9092 (id: -1 rack: null) disconnected
2026-07-15T11:20:41.543+05:30  INFO [movement-service,,] 27312 --- [movement-service] [ntainer#0-0-C-1] [                                                 ] org.apache.kafka.clients.NetworkClient   : [Consumer clientId=consumer-movement-service-1, groupId=movement-service] Node -1 disconnected.
2026-07-15T11:20:41.543+05:30  WARN [movement-service,,] 27312 --- [movement-service] [ntainer#0-0-C-1] [                                                 ] org.apache.kafka.clients.NetworkClient   : [Consumer clientId=consumer-movement-service-1, groupId=movement-service] Connection to node -1 (localhost/127.0.0.1:9092) could not be established. Node may not be available.
2026-07-15T11:20:41.543+05:30  WARN [movement-service,,] 27312 --- [movement-service] [ntainer#0-0-C-1] [                                                 ] org.apache.kafka.clients.NetworkClient   : [Consumer clientId=consumer-movement-service-1, groupId=movement-service] Bootstrap broker localhost:9092 (id: -1 rack: null) disconnected
2026-07-15T11:20:42.471+05:30  INFO [movement-service,,] 27312 --- [movement-service] [ntainer#0-0-C-1] [                                                 ] org.apache.kafka.clients.NetworkClient   : [Consumer clientId=consumer-movement-service-1, groupId=movement-service] Node -1 disconnected.
2026-07-15T11:20:42.471+05:30  WARN [movement-service,,] 27312 --- [movement-service] [ntainer#0-0-C-1] [                                                 ] org.apache.kafka.clients.NetworkClient   : [Consumer clientId=consumer-movement-service-1, groupId=movement-service] Connection to node -1 (localhost/127.0.0.1:9092) could not be established. Node may not be available.
2026-07-15T11:20:42.471+05:30  WARN [movement-service,,] 27312 --- [movement-service] [ntainer#0-0-C-1] [                                                 ] org.apache.kafka.clients.NetworkClient   : [Consumer clientId=consumer-movement-service-1, groupId=movement-service] Bootstrap broker localhost:9092 (id: -1 rack: null) disconnected
