Picked up JAVA_TOOL_OPTIONS: -Dfile.encoding=UTF-8
[INFO] Scanning for projects...
[INFO] 
[INFO] ----------------< com.inventory:replenishment-service >-----------------
[INFO] Building replenishment-service 0.0.1-SNAPSHOT
[INFO]   from pom.xml
[INFO] --------------------------------[ jar ]---------------------------------
[INFO] 
[INFO] >>> spring-boot:3.5.16:run (default-cli) > test-compile @ replenishment-service >>>
[INFO] 
[INFO] --- resources:3.3.1:resources (default-resources) @ replenishment-service ---
[INFO] Copying 2 resources from src\main\resources to target\classes
[INFO] Copying 0 resource from src\main\resources to target\classes
[INFO] 
[INFO] --- compiler:3.14.1:compile (default-compile) @ replenishment-service ---
[INFO] Nothing to compile - all classes are up to date.
[INFO] 
[INFO] --- resources:3.3.1:testResources (default-testResources) @ replenishment-service ---
[INFO] skip non existing resourceDirectory C:\Users\CHAKRADHARBATTULA\Desktop\inventory-management-test\replenishment-service\src\test\resources
[INFO] 
[INFO] --- compiler:3.14.1:testCompile (default-testCompile) @ replenishment-service ---
[INFO] Nothing to compile - all classes are up to date.
[INFO] 
[INFO] <<< spring-boot:3.5.16:run (default-cli) < test-compile @ replenishment-service <<<
[INFO] 
[INFO] 
[INFO] --- spring-boot:3.5.16:run (default-cli) @ replenishment-service ---
[INFO] Attaching agents: []
Picked up JAVA_TOOL_OPTIONS: -Dfile.encoding=UTF-8

  .   ____          _            __ _ _
 /\\ / ___'_ __ _ _(_)_ __  __ _ \ \ \ \
( ( )\___ | '_ | '_| | '_ \/ _` | \ \ \ \
 \\/  ___)| |_)| | | | | || (_| |  ) ) ) )
  '  |____| .__|_| |_|_| |_\__, | / / / /
 =========|_|==============|___/=/_/_/_/

 :: Spring Boot ::               (v3.5.16)

2026-07-14T21:04:11.231+05:30  INFO [replenishment-service,,] 26708 --- [replenishment-service] [  restartedMain] [                                                 ] c.i.r.ReplenishmentServiceApplication    : Starting ReplenishmentServiceApplication using Java 25.0.1 with PID 26708 (C:\Users\CHAKRADHARBATTULA\Desktop\inventory-management-test\replenishment-service\target\classes started by CHAKRADHARBATTULA in C:\Users\CHAKRADHARBATTULA\Desktop\inventory-management-test\replenishment-service)
2026-07-14T21:04:11.239+05:30  INFO [replenishment-service,,] 26708 --- [replenishment-service] [  restartedMain] [                                                 ] c.i.r.ReplenishmentServiceApplication    : The following 1 profile is active: "default"
2026-07-14T21:04:11.452+05:30  INFO [replenishment-service,,] 26708 --- [replenishment-service] [  restartedMain] [                                                 ] o.s.c.c.c.ConfigServerConfigDataLoader   : Fetching config from server at : http://localhost:8888
2026-07-14T21:04:11.453+05:30  INFO [replenishment-service,,] 26708 --- [replenishment-service] [  restartedMain] [                                                 ] o.s.c.c.c.ConfigServerConfigDataLoader   : Located environment: name=replenishment-service, profiles=[default], label=null, version=null, state=null
2026-07-14T21:04:11.486+05:30  INFO [replenishment-service,,] 26708 --- [replenishment-service] [  restartedMain] [                                                 ] .e.DevToolsPropertyDefaultsPostProcessor : Devtools property defaults active! Set 'spring.devtools.add-properties' to 'false' to disable
2026-07-14T21:04:11.486+05:30  INFO [replenishment-service,,] 26708 --- [replenishment-service] [  restartedMain] [                                                 ] .e.DevToolsPropertyDefaultsPostProcessor : For additional web related logging consider setting the 'logging.level.web' property to 'DEBUG'
2026-07-14T21:04:15.948+05:30 DEBUG [replenishment-service,,] 26708 --- [replenishment-service] [  restartedMain] [                                                 ] i.g.r.s.u.RxJava2OnClasspathCondition    : RxJava2 related Aspect extensions are not activated, because RxJava2 is not on the classpath.
2026-07-14T21:04:15.951+05:30 DEBUG [replenishment-service,,] 26708 --- [replenishment-service] [  restartedMain] [                                                 ] i.g.r.s.u.ReactorOnClasspathCondition    : Reactor related Aspect extensions are not activated because Resilience4j Reactor module is not on the classpath.
2026-07-14T21:04:15.974+05:30 DEBUG [replenishment-service,,] 26708 --- [replenishment-service] [  restartedMain] [                                                 ] i.g.r.s.u.RxJava2OnClasspathCondition    : RxJava2 related Aspect extensions are not activated, because RxJava2 is not on the classpath.
2026-07-14T21:04:15.975+05:30 DEBUG [replenishment-service,,] 26708 --- [replenishment-service] [  restartedMain] [                                                 ] i.g.r.s.u.ReactorOnClasspathCondition    : Reactor related Aspect extensions are not activated because Resilience4j Reactor module is not on the classpath.
2026-07-14T21:04:16.181+05:30 DEBUG [replenishment-service,,] 26708 --- [replenishment-service] [  restartedMain] [                                                 ] i.g.r.s.u.RxJava2OnClasspathCondition    : RxJava2 related Aspect extensions are not activated, because RxJava2 is not on the classpath.
2026-07-14T21:04:16.182+05:30 DEBUG [replenishment-service,,] 26708 --- [replenishment-service] [  restartedMain] [                                                 ] i.g.r.s.u.ReactorOnClasspathCondition    : Reactor related Aspect extensions are not activated because Resilience4j Reactor module is not on the classpath.
2026-07-14T21:04:16.237+05:30 DEBUG [replenishment-service,,] 26708 --- [replenishment-service] [  restartedMain] [                                                 ] i.g.r.s.u.RxJava2OnClasspathCondition    : RxJava2 related Aspect extensions are not activated, because RxJava2 is not on the classpath.
2026-07-14T21:04:16.243+05:30 DEBUG [replenishment-service,,] 26708 --- [replenishment-service] [  restartedMain] [                                                 ] i.g.r.s.u.ReactorOnClasspathCondition    : Reactor related Aspect extensions are not activated because Resilience4j Reactor module is not on the classpath.
2026-07-14T21:04:16.271+05:30 DEBUG [replenishment-service,,] 26708 --- [replenishment-service] [  restartedMain] [                                                 ] i.g.r.s.u.RxJava2OnClasspathCondition    : RxJava2 related Aspect extensions are not activated, because RxJava2 is not on the classpath.
2026-07-14T21:04:16.273+05:30 DEBUG [replenishment-service,,] 26708 --- [replenishment-service] [  restartedMain] [                                                 ] i.g.r.s.u.ReactorOnClasspathCondition    : Reactor related Aspect extensions are not activated because Resilience4j Reactor module is not on the classpath.
2026-07-14T21:04:16.342+05:30 DEBUG [replenishment-service,,] 26708 --- [replenishment-service] [  restartedMain] [                                                 ] i.g.r.s.u.RxJava2OnClasspathCondition    : RxJava2 related Aspect extensions are not activated, because RxJava2 is not on the classpath.
2026-07-14T21:04:16.345+05:30 DEBUG [replenishment-service,,] 26708 --- [replenishment-service] [  restartedMain] [                                                 ] i.g.r.s.u.ReactorOnClasspathCondition    : Reactor related Aspect extensions are not activated because Resilience4j Reactor module is not on the classpath.
2026-07-14T21:04:16.378+05:30 DEBUG [replenishment-service,,] 26708 --- [replenishment-service] [  restartedMain] [                                                 ] i.g.r.s.u.RxJava2OnClasspathCondition    : RxJava2 related Aspect extensions are not activated, because RxJava2 is not on the classpath.
2026-07-14T21:04:16.380+05:30 DEBUG [replenishment-service,,] 26708 --- [replenishment-service] [  restartedMain] [                                                 ] i.g.r.s.u.ReactorOnClasspathCondition    : Reactor related Aspect extensions are not activated because Resilience4j Reactor module is not on the classpath.
2026-07-14T21:04:17.171+05:30  INFO [replenishment-service,,] 26708 --- [replenishment-service] [  restartedMain] [                                                 ] .s.d.r.c.RepositoryConfigurationDelegate : Bootstrapping Spring Data JPA repositories in DEFAULT mode.
2026-07-14T21:04:17.843+05:30  INFO [replenishment-service,,] 26708 --- [replenishment-service] [  restartedMain] [                                                 ] .s.d.r.c.RepositoryConfigurationDelegate : Finished Spring Data repository scanning in 644 ms. Found 3 JPA repository interfaces.
2026-07-14T21:04:19.113+05:30  INFO [replenishment-service,,] 26708 --- [replenishment-service] [  restartedMain] [                                                 ] o.s.cloud.context.scope.GenericScope     : BeanFactory id=9933e250-fd22-3e8a-a346-f45883e714c4
2026-07-14T21:04:21.757+05:30  INFO [replenishment-service,,] 26708 --- [replenishment-service] [  restartedMain] [                                                 ] o.s.b.w.embedded.tomcat.TomcatWebServer  : Tomcat initialized with port 8086 (http)
2026-07-14T21:04:21.787+05:30  INFO [replenishment-service,,] 26708 --- [replenishment-service] [  restartedMain] [                                                 ] o.apache.catalina.core.StandardService   : Starting service [Tomcat]
2026-07-14T21:04:21.788+05:30  INFO [replenishment-service,,] 26708 --- [replenishment-service] [  restartedMain] [                                                 ] o.apache.catalina.core.StandardEngine    : Starting Servlet engine: [Apache Tomcat/10.1.55]
2026-07-14T21:04:22.019+05:30  INFO [replenishment-service,,] 26708 --- [replenishment-service] [  restartedMain] [                                                 ] o.a.c.c.C.[Tomcat].[localhost].[/]       : Initializing Spring embedded WebApplicationContext
2026-07-14T21:04:22.020+05:30  INFO [replenishment-service,,] 26708 --- [replenishment-service] [  restartedMain] [                                                 ] w.s.c.ServletWebServerApplicationContext : Root WebApplicationContext: initialization completed in 10532 ms
2026-07-14T21:04:24.780+05:30  INFO [replenishment-service,,] 26708 --- [replenishment-service] [  restartedMain] [                                                 ] o.hibernate.jpa.internal.util.LogHelper  : HHH000204: Processing PersistenceUnitInfo [name: default]
2026-07-14T21:04:24.886+05:30  INFO [replenishment-service,,] 26708 --- [replenishment-service] [  restartedMain] [                                                 ] org.hibernate.Version                    : HHH000412: Hibernate ORM core version 6.6.53.Final
2026-07-14T21:04:24.954+05:30  INFO [replenishment-service,,] 26708 --- [replenishment-service] [  restartedMain] [                                                 ] o.h.c.internal.RegionFactoryInitiator    : HHH000026: Second-level cache disabled
2026-07-14T21:04:25.578+05:30  INFO [replenishment-service,,] 26708 --- [replenishment-service] [  restartedMain] [                                                 ] o.s.o.j.p.SpringPersistenceUnitInfo      : No LoadTimeWeaver setup: ignoring JPA class transformer
2026-07-15T11:19:32.301+05:30  INFO [replenishment-service,,] 26708 --- [replenishment-service] [  restartedMain] [                                                 ] com.zaxxer.hikari.HikariDataSource       : HikariPool-1 - Starting...
2026-07-15T11:19:35.045+05:30  INFO [replenishment-service,,] 26708 --- [replenishment-service] [  restartedMain] [                                                 ] com.zaxxer.hikari.pool.HikariPool        : HikariPool-1 - Added connection com.mysql.cj.jdbc.ConnectionImpl@3c45f51
2026-07-15T11:19:35.049+05:30  INFO [replenishment-service,,] 26708 --- [replenishment-service] [  restartedMain] [                                                 ] com.zaxxer.hikari.HikariDataSource       : HikariPool-1 - Start completed.
2026-07-15T11:19:35.989+05:30  INFO [replenishment-service,,] 26708 --- [replenishment-service] [  restartedMain] [                                                 ] org.hibernate.orm.connections.pooling    : HHH10001005: Database info:
	Database JDBC URL [Connecting through datasource 'HikariDataSource (HikariPool-1)']
	Database driver: undefined/unknown
	Database version: 8.0.43
	Autocommit mode: undefined/unknown
	Isolation level: undefined/unknown
	Minimum pool size: undefined/unknown
	Maximum pool size: undefined/unknown
2026-07-15T11:19:39.506+05:30  INFO [replenishment-service,,] 26708 --- [replenishment-service] [  restartedMain] [                                                 ] o.h.e.t.j.p.i.JtaPlatformInitiator       : HHH000489: No JTA platform available (set 'hibernate.transaction.jta.platform' to enable JTA platform integration)
2026-07-15T11:19:39.860+05:30  INFO [replenishment-service,,] 26708 --- [replenishment-service] [  restartedMain] [                                                 ] j.LocalContainerEntityManagerFactoryBean : Initialized JPA EntityManagerFactory for persistence unit 'default'
2026-07-15T11:19:42.724+05:30  WARN [replenishment-service,,] 26708 --- [replenishment-service] [  restartedMain] [                                                 ] JpaBaseConfiguration$JpaWebConfiguration : spring.jpa.open-in-view is enabled by default. Therefore, database queries may be performed during view rendering. Explicitly configure spring.jpa.open-in-view to disable this warning
2026-07-15T11:19:43.468+05:30  WARN [replenishment-service,,] 26708 --- [replenishment-service] [  restartedMain] [                                                 ] o.s.b.d.a.OptionalLiveReloadServer       : Unable to start LiveReload server
2026-07-15T11:19:49.231+05:30  INFO [replenishment-service,,] 26708 --- [replenishment-service] [  restartedMain] [                                                 ] o.s.b.a.e.web.EndpointLinksResolver      : Exposing 29 endpoints beneath base path '/actuator'
2026-07-15T11:19:49.604+05:30  WARN [replenishment-service,,] 26708 --- [replenishment-service] [  restartedMain] [                                                 ] .s.s.UserDetailsServiceAutoConfiguration : 

Using generated security password: 2acb7640-22d8-42db-953a-ab3ca20da685

This generated password is for development use only. Your security configuration must be updated before running your application in production.

2026-07-15T11:19:49.810+05:30  INFO [replenishment-service,,] 26708 --- [replenishment-service] [  restartedMain] [                                                 ] r$InitializeUserDetailsManagerConfigurer : Global AuthenticationManager configured with UserDetailsService bean with name inMemoryUserDetailsManager
2026-07-15T11:19:57.924+05:30  INFO [replenishment-service,,] 26708 --- [replenishment-service] [  restartedMain] [                                                 ] DiscoveryClientOptionalArgsConfiguration : Eureka HTTP Client uses RestTemplate.
2026-07-15T11:19:58.189+05:30  WARN [replenishment-service,,] 26708 --- [replenishment-service] [  restartedMain] [                                                 ] iguration$LoadBalancerCaffeineWarnLogger : Spring Cloud LoadBalancer is currently working with the default cache. While this cache implementation is useful for development and tests, it's recommended to use Caffeine cache in production.You can switch to using Caffeine cache, by adding it and org.springframework.cache.caffeine.CaffeineCacheManager to the classpath.
2026-07-15T11:19:58.588+05:30  INFO [replenishment-service,,] 26708 --- [replenishment-service] [  restartedMain] [                                                 ] o.s.c.n.eureka.InstanceInfoFactory       : Setting initial instance status as: STARTING
2026-07-15T11:19:58.691+05:30  INFO [replenishment-service,,] 26708 --- [replenishment-service] [  restartedMain] [                                                 ] com.netflix.discovery.DiscoveryClient    : Initializing Eureka in region us-east-1
2026-07-15T11:19:58.702+05:30  INFO [replenishment-service,,] 26708 --- [replenishment-service] [  restartedMain] [                                                 ] c.n.d.s.r.aws.ConfigClusterResolver      : Resolving eureka endpoints via configuration
2026-07-15T11:19:58.725+05:30  INFO [replenishment-service,,] 26708 --- [replenishment-service] [  restartedMain] [                                                 ] com.netflix.discovery.DiscoveryClient    : Disable delta property : false
2026-07-15T11:19:58.725+05:30  INFO [replenishment-service,,] 26708 --- [replenishment-service] [  restartedMain] [                                                 ] com.netflix.discovery.DiscoveryClient    : Single vip registry refresh property : null
2026-07-15T11:19:58.726+05:30  INFO [replenishment-service,,] 26708 --- [replenishment-service] [  restartedMain] [                                                 ] com.netflix.discovery.DiscoveryClient    : Force full registry fetch : false
2026-07-15T11:19:58.727+05:30  INFO [replenishment-service,,] 26708 --- [replenishment-service] [  restartedMain] [                                                 ] com.netflix.discovery.DiscoveryClient    : Application is null : false
2026-07-15T11:19:58.727+05:30  INFO [replenishment-service,,] 26708 --- [replenishment-service] [  restartedMain] [                                                 ] com.netflix.discovery.DiscoveryClient    : Registered Applications size is zero : true
2026-07-15T11:19:58.727+05:30  INFO [replenishment-service,,] 26708 --- [replenishment-service] [  restartedMain] [                                                 ] com.netflix.discovery.DiscoveryClient    : Application version is -1: true
2026-07-15T11:19:58.728+05:30  INFO [replenishment-service,,] 26708 --- [replenishment-service] [  restartedMain] [                                                 ] com.netflix.discovery.DiscoveryClient    : Getting all instance registry info from the eureka server
2026-07-15T11:19:59.416+05:30  INFO [replenishment-service,,] 26708 --- [replenishment-service] [  restartedMain] [                                                 ] com.netflix.discovery.DiscoveryClient    : The response status is 200
2026-07-15T11:19:59.420+05:30  INFO [replenishment-service,,] 26708 --- [replenishment-service] [  restartedMain] [                                                 ] com.netflix.discovery.DiscoveryClient    : Starting heartbeat executor: renew interval is: 30
2026-07-15T11:19:59.441+05:30  INFO [replenishment-service,,] 26708 --- [replenishment-service] [  restartedMain] [                                                 ] c.n.discovery.InstanceInfoReplicator     : InstanceInfoReplicator onDemand update allowed rate per min is 4
2026-07-15T11:19:59.486+05:30  INFO [replenishment-service,,] 26708 --- [replenishment-service] [  restartedMain] [                                                 ] com.netflix.discovery.DiscoveryClient    : Discovery Client initialized at timestamp 1784094599471 with initial instances count: 3
2026-07-15T11:19:59.583+05:30  INFO [replenishment-service,,] 26708 --- [replenishment-service] [  restartedMain] [                                                 ] o.s.c.n.e.s.EurekaServiceRegistry        : Registering application REPLENISHMENT-SERVICE with eureka with status UP
2026-07-15T11:19:59.585+05:30  INFO [replenishment-service,,] 26708 --- [replenishment-service] [  restartedMain] [                                                 ] com.netflix.discovery.DiscoveryClient    : Saw local status change event StatusChangeEvent [timestamp=1784094599584, current=UP, previous=STARTING]
2026-07-15T11:19:59.589+05:30  INFO [replenishment-service,,] 26708 --- [replenishment-service] [foReplicator-%d] [                                                 ] com.netflix.discovery.DiscoveryClient    : DiscoveryClient_REPLENISHMENT-SERVICE/localhost:replenishment-service:8086: registering service...
2026-07-15T11:19:59.704+05:30  INFO [replenishment-service,,] 26708 --- [replenishment-service] [  restartedMain] [                                                 ] o.s.b.w.embedded.tomcat.TomcatWebServer  : Tomcat started on port 8086 (http) with context path '/'
2026-07-15T11:19:59.707+05:30  INFO [replenishment-service,,] 26708 --- [replenishment-service] [  restartedMain] [                                                 ] .s.c.n.e.s.EurekaAutoServiceRegistration : Updating port to 8086
2026-07-15T11:19:59.791+05:30  INFO [replenishment-service,,] 26708 --- [replenishment-service] [  restartedMain] [                                                 ] c.i.r.ReplenishmentServiceApplication    : Started ReplenishmentServiceApplication in 51354.157 seconds (process running for 51359.313)
2026-07-15T11:19:59.831+05:30  INFO [replenishment-service,,] 26708 --- [replenishment-service] [foReplicator-%d] [                                                 ] com.netflix.discovery.DiscoveryClient    : DiscoveryClient_REPLENISHMENT-SERVICE/localhost:replenishment-service:8086 - registration status: 204
2026-07-15T11:20:01.620+05:30  WARN [replenishment-service,,] 26708 --- [replenishment-service] [/api/v2/spans}}] [                                                 ] z.r.i.AsyncReporter$BoundedAsyncReporter : Spans were dropped due to exceptions. All subsequent errors will be logged at FINE level.
2026-07-15T11:20:01.620+05:30  WARN [replenishment-service,,] 26708 --- [replenishment-service] [/api/v2/spans}}] [                                                 ] z.r.i.AsyncReporter$BoundedAsyncReporter : Dropped 2 spans due to ConnectException()

java.net.ConnectException
	at java.net.http/jdk.internal.net.http.HttpClientImpl.send(HttpClientImpl.java:923) ~[java.net.http:na]
	at java.net.http/jdk.internal.net.http.HttpClientFacade.send(HttpClientFacade.java:133) ~[java.net.http:na]
	at org.springframework.boot.actuate.autoconfigure.tracing.zipkin.ZipkinHttpClientSender.postSpans(ZipkinHttpClientSender.java:60) ~[spring-boot-actuator-autoconfigure-3.5.16.jar:3.5.16]
	at org.springframework.boot.actuate.autoconfigure.tracing.zipkin.HttpSender.postSpans(HttpSender.java:69) ~[spring-boot-actuator-autoconfigure-3.5.16.jar:3.5.16]
	at org.springframework.boot.actuate.autoconfigure.tracing.zipkin.HttpSender.postSpans(HttpSender.java:41) ~[spring-boot-actuator-autoconfigure-3.5.16.jar:3.5.16]
	at zipkin2.reporter.BaseHttpSender.send(BaseHttpSender.java:123) ~[zipkin-reporter-3.5.3.jar:na]
	at zipkin2.reporter.internal.AsyncReporter$BoundedAsyncReporter.flush(AsyncReporter.java:266) ~[zipkin-reporter-3.5.3.jar:na]
	at zipkin2.reporter.internal.AsyncReporter$Flusher.run(AsyncReporter.java:352) ~[zipkin-reporter-3.5.3.jar:na]
	at java.base/java.lang.Thread.run(Thread.java:1474) ~[na:na]
Caused by: java.net.ConnectException
	at java.net.http/jdk.internal.net.http.common.Utils.toConnectException(Utils.java:1070) ~[java.net.http:na]
	at java.net.http/jdk.internal.net.http.PlainHttpConnection.connectAsync(PlainHttpConnection.java:223) ~[java.net.http:na]
	at java.net.http/jdk.internal.net.http.PlainHttpConnection.checkRetryConnect(PlainHttpConnection.java:277) ~[java.net.http:na]
	at java.net.http/jdk.internal.net.http.PlainHttpConnection.lambda$connectAsync$0(PlainHttpConnection.java:235) ~[java.net.http:na]
	at java.base/java.util.concurrent.CompletableFuture.uniHandle(CompletableFuture.java:955) ~[na:na]
	at java.base/java.util.concurrent.CompletableFuture$UniHandle.tryFire(CompletableFuture.java:932) ~[na:na]
	at java.base/java.util.concurrent.CompletableFuture.postComplete(CompletableFuture.java:531) ~[na:na]
	at java.base/java.util.concurrent.CompletableFuture$AsyncSupply.run(CompletableFuture.java:1794) ~[na:na]
	at java.base/java.util.concurrent.ThreadPoolExecutor.runWorker(ThreadPoolExecutor.java:1090) ~[na:na]
	at java.base/java.util.concurrent.ThreadPoolExecutor$Worker.run(ThreadPoolExecutor.java:614) ~[na:na]
	... 1 common frames omitted
Caused by: java.nio.channels.ClosedChannelException
	at java.base/sun.nio.ch.SocketChannelImpl.ensureOpen(SocketChannelImpl.java:204) ~[na:na]
	at java.base/sun.nio.ch.SocketChannelImpl.connect(SocketChannelImpl.java:942) ~[na:na]
	at java.net.http/jdk.internal.net.http.PlainHttpConnection.connectAsync(PlainHttpConnection.java:211) ~[java.net.http:na]
	... 9 common frames omitted

2026-07-15T11:20:25.037+05:30  INFO [replenishment-service,,] 26708 --- [replenishment-service] [nio-8086-exec-2] [                                                 ] o.a.c.c.C.[Tomcat].[localhost].[/]       : Initializing Spring DispatcherServlet 'dispatcherServlet'
2026-07-15T11:20:25.041+05:30  INFO [replenishment-service,,] 26708 --- [replenishment-service] [nio-8086-exec-2] [                                                 ] o.s.web.servlet.DispatcherServlet        : Initializing Servlet 'dispatcherServlet'
2026-07-15T11:20:25.073+05:30  INFO [replenishment-service,,] 26708 --- [replenishment-service] [nio-8086-exec-2] [                                                 ] o.s.web.servlet.DispatcherServlet        : Completed initialization in 32 ms
