Picked up JAVA_TOOL_OPTIONS: -Dfile.encoding=UTF-8
[INFO] Scanning for projects...
[INFO] 
[INFO] ------------------< com.inventory:warehouse-service >-------------------
[INFO] Building  0.0.1-SNAPSHOT
[INFO]   from pom.xml
[INFO] --------------------------------[ jar ]---------------------------------
[INFO] 
[INFO] >>> spring-boot:3.5.16:run (default-cli) > test-compile @ warehouse-service >>>
[INFO] 
[INFO] --- resources:3.3.1:resources (default-resources) @ warehouse-service ---
[INFO] Copying 2 resources from src\main\resources to target\classes
[INFO] Copying 0 resource from src\main\resources to target\classes
[INFO] 
[INFO] --- compiler:3.14.1:compile (default-compile) @ warehouse-service ---
[INFO] Nothing to compile - all classes are up to date.
[INFO] 
[INFO] --- resources:3.3.1:testResources (default-testResources) @ warehouse-service ---
[INFO] skip non existing resourceDirectory C:\Users\CHAKRADHARBATTULA\Desktop\inventory-management-test\warehouse-service\src\test\resources
[INFO] 
[INFO] --- compiler:3.14.1:testCompile (default-testCompile) @ warehouse-service ---
[INFO] Recompiling the module because of changed source code.
[INFO] Compiling 1 source file with javac [debug parameters release 17] to target\test-classes
[INFO] -------------------------------------------------------------
[WARNING] COMPILATION WARNING : 
[INFO] -------------------------------------------------------------
[WARNING] /C:/Users/CHAKRADHARBATTULA/Desktop/inventory-management-test/warehouse-service/src/test/java/com/inventory/warehouseservice/controller/WarehouseControllerTest.java:[29,6] org.springframework.boot.test.mock.mockito.MockBean in org.springframework.boot.test.mock.mockito has been deprecated and marked for removal
[INFO] 1 warning
[INFO] -------------------------------------------------------------
[INFO] -------------------------------------------------------------
[ERROR] COMPILATION ERROR : 
[INFO] -------------------------------------------------------------
[ERROR] /C:/Users/CHAKRADHARBATTULA/Desktop/inventory-management-test/warehouse-service/src/test/java/com/inventory/warehouseservice/controller/WarehouseControllerTest.java:[6,44] cannot find symbol
  symbol:   class WarehouseType
  location: package com.inventory.warehouseservice.enums
[ERROR] /C:/Users/CHAKRADHARBATTULA/Desktop/inventory-management-test/warehouse-service/src/test/java/com/inventory/warehouseservice/controller/WarehouseControllerTest.java:[7,46] package com.inventory.warehouseservice.service does not exist
[ERROR] /C:/Users/CHAKRADHARBATTULA/Desktop/inventory-management-test/warehouse-service/src/test/java/com/inventory/warehouseservice/controller/WarehouseControllerTest.java:[30,13] cannot find symbol
  symbol:   class WarehouseService
  location: class com.inventory.warehouseservice.controller.WarehouseControllerTest
[ERROR] /C:/Users/CHAKRADHARBATTULA/Desktop/inventory-management-test/warehouse-service/src/test/java/com/inventory/warehouseservice/controller/WarehouseControllerTest.java:[43,30] cannot find symbol
  symbol:   variable WarehouseType
  location: class com.inventory.warehouseservice.controller.WarehouseControllerTest
[ERROR] /C:/Users/CHAKRADHARBATTULA/Desktop/inventory-management-test/warehouse-service/src/test/java/com/inventory/warehouseservice/controller/WarehouseControllerTest.java:[61,25] cannot find symbol
  symbol:   variable WarehouseType
  location: class com.inventory.warehouseservice.controller.WarehouseControllerTest
[INFO] 5 errors 
[INFO] -------------------------------------------------------------
[INFO] ------------------------------------------------------------------------
[INFO] BUILD FAILURE
[INFO] ------------------------------------------------------------------------
[INFO] Total time:  45:16 min
[INFO] Finished at: 2026-07-14T18:04:45+05:30
[INFO] ------------------------------------------------------------------------
[ERROR] Failed to execute goal org.apache.maven.plugins:maven-compiler-plugin:3.14.1:testCompile (default-testCompile) on project warehouse-service: Compilation failure: Compilation failure: 
[ERROR] /C:/Users/CHAKRADHARBATTULA/Desktop/inventory-management-test/warehouse-service/src/test/java/com/inventory/warehouseservice/controller/WarehouseControllerTest.java:[6,44] cannot find symbol
[ERROR]   symbol:   class WarehouseType
[ERROR]   location: package com.inventory.warehouseservice.enums
[ERROR] /C:/Users/CHAKRADHARBATTULA/Desktop/inventory-management-test/warehouse-service/src/test/java/com/inventory/warehouseservice/controller/WarehouseControllerTest.java:[7,46] package com.inventory.warehouseservice.service does not exist
[ERROR] /C:/Users/CHAKRADHARBATTULA/Desktop/inventory-management-test/warehouse-service/src/test/java/com/inventory/warehouseservice/controller/WarehouseControllerTest.java:[30,13] cannot find symbol
[ERROR]   symbol:   class WarehouseService
[ERROR]   location: class com.inventory.warehouseservice.controller.WarehouseControllerTest
[ERROR] /C:/Users/CHAKRADHARBATTULA/Desktop/inventory-management-test/warehouse-service/src/test/java/com/inventory/warehouseservice/controller/WarehouseControllerTest.java:[43,30] cannot find symbol
[ERROR]   symbol:   variable WarehouseType
[ERROR]   location: class com.inventory.warehouseservice.controller.WarehouseControllerTest
[ERROR] /C:/Users/CHAKRADHARBATTULA/Desktop/inventory-management-test/warehouse-service/src/test/java/com/inventory/warehouseservice/controller/WarehouseControllerTest.java:[61,25] cannot find symbol
[ERROR]   symbol:   variable WarehouseType
[ERROR]   location: class com.inventory.warehouseservice.controller.WarehouseControllerTest
[ERROR] -> [Help 1]
[ERROR] 
[ERROR] To see the full stack trace of the errors, re-run Maven with the -e switch.
[ERROR] Re-run Maven using the -X switch to enable full debug logging.
[ERROR] 
[ERROR] For more information about the errors and possible solutions, please read the following articles:
[ERROR] [Help 1] http://cwiki.apache.org/confluence/display/MAVEN/MojoFailureException
